Archive member included because of file (symbol)

c:/program files/gnu tools arm embedded/4.7 2012q4/bin/../lib/gcc/arm-none-eabi/4.7.3/../../../../arm-none-eabi/lib/armv7e-m\libg.a(lib_a-memcmp.o)
                              ..\obj\autoip.o (memcmp)
c:/program files/gnu tools arm embedded/4.7 2012q4/bin/../lib/gcc/arm-none-eabi/4.7.3/../../../../arm-none-eabi/lib/armv7e-m\libg.a(lib_a-memcpy.o)
                              ..\obj\ip_frag.o (memcpy)
c:/program files/gnu tools arm embedded/4.7 2012q4/bin/../lib/gcc/arm-none-eabi/4.7.3/../../../../arm-none-eabi/lib/armv7e-m\libg.a(lib_a-memset.o)
                              ..\obj\mem.o (memset)
c:/program files/gnu tools arm embedded/4.7 2012q4/bin/../lib/gcc/arm-none-eabi/4.7.3/../../../../arm-none-eabi/lib/armv7e-m\libg.a(lib_a-puts.o)
                              ..\obj\tcp_echoserver.o (puts)
c:/program files/gnu tools arm embedded/4.7 2012q4/bin/../lib/gcc/arm-none-eabi/4.7.3/../../../../arm-none-eabi/lib/armv7e-m\libg.a(lib_a-rand.o)
                              ..\obj\main.o (srand)
c:/program files/gnu tools arm embedded/4.7 2012q4/bin/../lib/gcc/arm-none-eabi/4.7.3/../../../../arm-none-eabi/lib/armv7e-m\libg.a(lib_a-strcpy.o)
                              ..\obj\telnetserver.o (strcpy)
c:/program files/gnu tools arm embedded/4.7 2012q4/bin/../lib/gcc/arm-none-eabi/4.7.3/../../../../arm-none-eabi/lib/armv7e-m\libg.a(lib_a-strlen.o)
                              ..\obj\telnetserver.o (strlen)
c:/program files/gnu tools arm embedded/4.7 2012q4/bin/../lib/gcc/arm-none-eabi/4.7.3/../../../../arm-none-eabi/lib/armv7e-m\libg.a(lib_a-fvwrite.o)
                              c:/program files/gnu tools arm embedded/4.7 2012q4/bin/../lib/gcc/arm-none-eabi/4.7.3/../../../../arm-none-eabi/lib/armv7e-m\libg.a(lib_a-puts.o) (__sfvwrite_r)
c:/program files/gnu tools arm embedded/4.7 2012q4/bin/../lib/gcc/arm-none-eabi/4.7.3/../../../../arm-none-eabi/lib/armv7e-m\libg.a(lib_a-impure.o)
                              c:/program files/gnu tools arm embedded/4.7 2012q4/bin/../lib/gcc/arm-none-eabi/4.7.3/../../../../arm-none-eabi/lib/armv7e-m\libg.a(lib_a-puts.o) (_impure_ptr)
c:/program files/gnu tools arm embedded/4.7 2012q4/bin/../lib/gcc/arm-none-eabi/4.7.3/../../../../arm-none-eabi/lib/armv7e-m\libg.a(lib_a-mallocr.o)
                              c:/program files/gnu tools arm embedded/4.7 2012q4/bin/../lib/gcc/arm-none-eabi/4.7.3/../../../../arm-none-eabi/lib/armv7e-m\libg.a(lib_a-fvwrite.o) (_malloc_r)
c:/program files/gnu tools arm embedded/4.7 2012q4/bin/../lib/gcc/arm-none-eabi/4.7.3/../../../../arm-none-eabi/lib/armv7e-m\libg.a(lib_a-memchr.o)
                              c:/program files/gnu tools arm embedded/4.7 2012q4/bin/../lib/gcc/arm-none-eabi/4.7.3/../../../../arm-none-eabi/lib/armv7e-m\libg.a(lib_a-fvwrite.o) (memchr)
c:/program files/gnu tools arm embedded/4.7 2012q4/bin/../lib/gcc/arm-none-eabi/4.7.3/../../../../arm-none-eabi/lib/armv7e-m\libg.a(lib_a-memmove.o)
                              c:/program files/gnu tools arm embedded/4.7 2012q4/bin/../lib/gcc/arm-none-eabi/4.7.3/../../../../arm-none-eabi/lib/armv7e-m\libg.a(lib_a-fvwrite.o) (memmove)
c:/program files/gnu tools arm embedded/4.7 2012q4/bin/../lib/gcc/arm-none-eabi/4.7.3/../../../../arm-none-eabi/lib/armv7e-m\libg.a(lib_a-mlock.o)
                              c:/program files/gnu tools arm embedded/4.7 2012q4/bin/../lib/gcc/arm-none-eabi/4.7.3/../../../../arm-none-eabi/lib/armv7e-m\libg.a(lib_a-mallocr.o) (__malloc_lock)
c:/program files/gnu tools arm embedded/4.7 2012q4/bin/../lib/gcc/arm-none-eabi/4.7.3/../../../../arm-none-eabi/lib/armv7e-m\libg.a(lib_a-reallocr.o)
                              c:/program files/gnu tools arm embedded/4.7 2012q4/bin/../lib/gcc/arm-none-eabi/4.7.3/../../../../arm-none-eabi/lib/armv7e-m\libg.a(lib_a-fvwrite.o) (_realloc_r)
c:/program files/gnu tools arm embedded/4.7 2012q4/bin/../lib/gcc/arm-none-eabi/4.7.3/../../../../arm-none-eabi/lib/armv7e-m\libg.a(lib_a-sbrkr.o)
                              c:/program files/gnu tools arm embedded/4.7 2012q4/bin/../lib/gcc/arm-none-eabi/4.7.3/../../../../arm-none-eabi/lib/armv7e-m\libg.a(lib_a-mallocr.o) (_sbrk_r)
c:/program files/gnu tools arm embedded/4.7 2012q4/bin/../lib/gcc/arm-none-eabi/4.7.3/../../../../arm-none-eabi/lib/armv7e-m\libg.a(lib_a-wsetup.o)
                              c:/program files/gnu tools arm embedded/4.7 2012q4/bin/../lib/gcc/arm-none-eabi/4.7.3/../../../../arm-none-eabi/lib/armv7e-m\libg.a(lib_a-fvwrite.o) (__swsetup_r)
c:/program files/gnu tools arm embedded/4.7 2012q4/bin/../lib/gcc/arm-none-eabi/4.7.3/../../../../arm-none-eabi/lib/armv7e-m\libg.a(lib_a-fflush.o)
                              c:/program files/gnu tools arm embedded/4.7 2012q4/bin/../lib/gcc/arm-none-eabi/4.7.3/../../../../arm-none-eabi/lib/armv7e-m\libg.a(lib_a-fvwrite.o) (_fflush_r)
[...]
Memory Configuration

Name             Origin             Length             Attributes
rom              0x08000000         0x00100000         xr
ram              0x20000000         0x00020000         xrw
ram1             0x10000000         0x00010000         xrw
*default*        0x00000000         0xffffffff

Linker script and memory map

                0x20020000                _eram = 0x20020000

.text           0x08000000     0xe7d8
 *(.isr_vector .isr_vector.*)
 .isr_vector    0x08000000      0x188 ..\obj\startup_stm32f4xx.o
                0x08000000                g_pfnVectors
 *(.text .text.* .gnu.linkonce.t.*)
 .text.SYSCFG_EXTILineConfig
                0x08000188       0xb0 ..\obj\stm32f4xx_syscfg.o
                0x08000188                SYSCFG_EXTILineConfig
 .text.SYSCFG_ETH_MediaInterfaceConfig
                0x08000238       0x20 ..\obj\stm32f4xx_syscfg.o
                0x08000238                SYSCFG_ETH_MediaInterfaceConfig
 .text.plug_holes
                0x08000258       0xf4 ..\obj\mem.o
 .text.mem_init
                0x0800034c       0xbc ..\obj\mem.o
                0x0800034c                mem_init
 .text.mem_free
                0x08000408       0x80 ..\obj\mem.o
                0x08000408                mem_free
 .text.mem_realloc
                0x08000488      0x1d8 ..\obj\mem.o
                0x08000488                mem_realloc
 .text.mem_malloc
                0x08000660      0x1b4 ..\obj\mem.o
                0x08000660                mem_malloc
 .text.NVIC_SetPriority
                0x08000814       0x5c ..\obj\delay.o
 .text.SysTick_Config
                0x08000870       0x64 ..\obj\delay.o
 .text.init_systick
                0x080008d4       0x38 ..\obj\delay.o
                0x080008d4                init_systick
 .text.delay_ms
                0x0800090c       0x34 ..\obj\delay.o
                0x0800090c                delay_ms
 .text.Time_Update
                0x08000940       0x24 ..\obj\delay.o
                0x08000940                Time_Update
 .text.start_dma
                0x08000964       0x40 ..\obj\ws2812.o
 .text.init_buffers
                0x080009a4       0x94 ..\obj\ws2812.o
 .text.ws2812_init
                0x08000a38      0x1a4 ..\obj\ws2812.o
                0x08000a38                ws2812_init
 .text.color2pwm
                0x08000bdc       0x58 ..\obj\ws2812.o
 .text.Update_Buffer
                0x08000c34      0x150 ..\obj\ws2812.o
                0x08000c34                Update_Buffer
 .text.DMA1_Stream2_IRQHandler
                0x08000d84       0x78 ..\obj\ws2812.o
                0x08000d84                DMA1_Stream2_IRQHandler
 .text.tcp_tmr  0x08000dfc       0x3c ..\obj\tcp.o
                0x08000dfc                tcp_tmr
 .text.tcp_close
                0x08000e38      0x1c4 ..\obj\tcp.o
                0x08000e38                tcp_close
 .text.tcp_abandon
                0x08000ffc       0xec ..\obj\tcp.o
                0x08000ffc                tcp_abandon
 .text.tcp_bind
                0x080010e8      0x19c ..\obj\tcp.o
                0x080010e8                tcp_bind
 .text.tcp_accept_null
                0x08001284       0x20 ..\obj\tcp.o
 .text.tcp_listen_with_backlog
                0x080012a4      0x158 ..\obj\tcp.o
                0x080012a4                tcp_listen_with_backlog
 .text.tcp_update_rcv_ann_wnd
                0x080013fc       0x88 ..\obj\tcp.o
                0x080013fc                tcp_update_rcv_ann_wnd
 .text.tcp_recved
                0x08001484       0x64 ..\obj\tcp.o
                0x08001484                tcp_recved
 .text.tcp_new_port
                0x080014e8       0xe8 ..\obj\tcp.o
 .text.tcp_slowtmr
                0x080015d0      0x44c ..\obj\tcp.o
                0x080015d0                tcp_slowtmr
 .text.tcp_fasttmr
                0x08001a1c       0xbc ..\obj\tcp.o
                0x08001a1c                tcp_fasttmr
 .text.tcp_segs_free
                0x08001ad8       0x3c ..\obj\tcp.o
                0x08001ad8                tcp_segs_free
 .text.tcp_seg_free
                0x08001b14       0x40 ..\obj\tcp.o
                0x08001b14                tcp_seg_free
 .text.tcp_recv_null
                0x08001b54       0x4c ..\obj\tcp.o
                0x08001b54                tcp_recv_null
 .text.tcp_kill_prio
                0x08001ba0       0x94 ..\obj\tcp.o
 .text.tcp_kill_timewait
                0x08001c34       0x70 ..\obj\tcp.o
 .text.tcp_alloc
                0x08001ca4      0x130 ..\obj\tcp.o
                0x08001ca4                tcp_alloc
 .text.tcp_new  0x08001dd4       0x14 ..\obj\tcp.o
                0x08001dd4                tcp_new
 .text.tcp_arg  0x08001de8       0x1c ..\obj\tcp.o
                0x08001de8                tcp_arg
 .text.tcp_recv
                0x08001e04       0x1c ..\obj\tcp.o
                0x08001e04                tcp_recv
 .text.tcp_sent
                0x08001e20       0x1c ..\obj\tcp.o
                0x08001e20                tcp_sent
 .text.tcp_err  0x08001e3c       0x1c ..\obj\tcp.o
                0x08001e3c                tcp_err
 .text.tcp_accept
                0x08001e58       0x1c ..\obj\tcp.o
                0x08001e58                tcp_accept
 .text.tcp_poll
                0x08001e74       0x28 ..\obj\tcp.o
                0x08001e74                tcp_poll
 .text.tcp_pcb_purge
                0x08001e9c       0x68 ..\obj\tcp.o
                0x08001e9c                tcp_pcb_purge
 .text.tcp_pcb_remove
                0x08001f04       0xd4 ..\obj\tcp.o
                0x08001f04                tcp_pcb_remove
 .text.tcp_next_iss
                0x08001fd8       0x38 ..\obj\tcp.o
                0x08001fd8                tcp_next_iss
 .text.tcp_eff_send_mss
                0x08002010       0x44 ..\obj\tcp.o
                0x08002010                tcp_eff_send_mss
 .text.tcp_input
                0x08002054      0x774 ..\obj\tcp_in.o
                0x08002054                tcp_input
 .text.tcp_listen_input
                0x080027c8      0x21c ..\obj\tcp_in.o
 .text.tcp_timewait_input
                0x080029e4      0x124 ..\obj\tcp_in.o
 .text.tcp_process
                0x08002b08      0x8e0 ..\obj\tcp_in.o
 .text.tcp_receive
                0x080033e8      0xa60 ..\obj\tcp_in.o
 .text.tcp_parseopt
                0x08003e48      0x134 ..\obj\tcp_in.o
 .text.memp_init
                0x08003f7c       0xbc ..\obj\memp.o
                0x08003f7c                memp_init
 .text.memp_malloc
                0x08004038       0x4c ..\obj\memp.o
                0x08004038                memp_malloc
 .text.memp_free
                0x08004084       0x48 ..\obj\memp.o
                0x08004084                memp_free
 .text.autoip_handle_arp_conflict
                0x080040cc       0x48 ..\obj\autoip.o
 .text.autoip_create_addr
                0x08004114       0x98 ..\obj\autoip.o
 .text.autoip_arp_announce
                0x080041ac       0x50 ..\obj\autoip.o
 .text.autoip_start
                0x080041fc       0xcc ..\obj\autoip.o
                0x080041fc                autoip_start
 .text.autoip_start_probing
                0x080042c8       0x9c ..\obj\autoip.o
 .text.autoip_arp_reply
                0x08004364       0xfc ..\obj\autoip.o
                0x08004364                autoip_arp_reply
 .text.ip_reass_free_complete_datagram
                0x08004460       0xcc ..\obj\ip_frag.o
 .text.ip_reass_remove_oldest_datagram
                0x0800452c       0xc4 ..\obj\ip_frag.o
 .text.ip_reass_enqueue_new_datagram
                0x080045f0       0x90 ..\obj\ip_frag.o
 .text.ip_reass_dequeue_datagram
                0x08004680       0x44 ..\obj\ip_frag.o
 .text.ip_reass_chain_frag_into_datagram_and_validate
                0x080046c4      0x23c ..\obj\ip_frag.o
 .text.ip_reass
                0x08004900      0x2bc ..\obj\ip_frag.o
                0x08004900                ip_reass
 .text.ip_frag  0x08004bbc      0x1e0 ..\obj\ip_frag.o
                0x08004bbc                ip_frag
 .text.Default_Reset_Handler
                0x08004d9c       0x6c ..\obj\startup_stm32f4xx.o
                0x08004d9c                Default_Reset_Handler
                0x08004d9c                Reset_Handler
 .text.Default_Handler
                0x08004e08        0x8 ..\obj\startup_stm32f4xx.o
                0x08004e08                RTC_Alarm_IRQHandler
                0x08004e08                HASH_RNG_IRQHandler
                0x08004e08                EXTI2_IRQHandler
                0x08004e08                TIM8_CC_IRQHandler
                0x08004e08                TIM1_CC_IRQHandler
                0x08004e08                DMA2_Stream5_IRQHandler
                0x08004e08                DMA1_Stream5_IRQHandler
                0x08004e08                PVD_IRQHandler
                0x08004e08                SDIO_IRQHandler
                0x08004e08                TAMP_STAMP_IRQHandler
                0x08004e08                CAN2_RX1_IRQHandler
                0x08004e08                EXTI3_IRQHandler
                0x08004e08                TIM8_TRG_COM_TIM14_IRQHandler
                0x08004e08                TIM1_UP_TIM10_IRQHandler
                0x08004e08                TIM8_UP_TIM13_IRQHandler
                0x08004e08                I2C3_ER_IRQHandler
                0x08004e08                EXTI0_IRQHandler
                0x08004e08                I2C2_EV_IRQHandler
                0x08004e08                CAN1_RX0_IRQHandler
                0x08004e08                FPU_IRQHandler
                0x08004e08                OTG_HS_WKUP_IRQHandler
                0x08004e08                CAN2_SCE_IRQHandler
                0x08004e08                DMA2_Stream2_IRQHandler
                0x08004e08                SPI1_IRQHandler
                0x08004e08                TIM6_DAC_IRQHandler
                0x08004e08                TIM1_BRK_TIM9_IRQHandler
                0x08004e08                DCMI_IRQHandler
                0x08004e08                CAN2_RX0_IRQHandler
                0x08004e08                DMA2_Stream3_IRQHandler
                0x08004e08                USART6_IRQHandler
                0x08004e08                USART3_IRQHandler
                0x08004e08                CRYP_IRQHandler
                0x08004e08                CAN1_RX1_IRQHandler
                0x08004e08                UART5_IRQHandler
                0x08004e08                DMA2_Stream0_IRQHandler
                0x08004e08                TIM4_IRQHandler
                0x08004e08                I2C1_EV_IRQHandler
                0x08004e08                DMA1_Stream6_IRQHandler
                0x08004e08                DMA1_Stream1_IRQHandler
                0x08004e08                UART4_IRQHandler
                0x08004e08                TIM3_IRQHandler
                0x08004e08                RCC_IRQHandler
                0x08004e08                TIM8_BRK_TIM12_IRQHandler
                0x08004e08                ADC_IRQHandler
                0x08004e08                DMA1_Stream7_IRQHandler
                0x08004e08                TIM7_IRQHandler
                0x08004e08                CAN2_TX_IRQHandler
                0x08004e08                TIM5_IRQHandler
                0x08004e08                DMA2_Stream7_IRQHandler
                0x08004e08                I2C3_EV_IRQHandler
                0x08004e08                EXTI9_5_IRQHandler
                0x08004e08                RTC_WKUP_IRQHandler
                0x08004e08                ETH_WKUP_IRQHandler
                0x08004e08                SPI2_IRQHandler
                0x08004e08                OTG_HS_EP1_IN_IRQHandler
                0x08004e08                DMA1_Stream0_IRQHandler
                0x08004e08                CAN1_TX_IRQHandler
                0x08004e08                EXTI4_IRQHandler
                0x08004e08                FSMC_IRQHandler
                0x08004e08                ETH_IRQHandler
                0x08004e08                OTG_HS_EP1_OUT_IRQHandler
                0x08004e08                WWDG_IRQHandler
                0x08004e08                TIM2_IRQHandler
                0x08004e08                OTG_FS_WKUP_IRQHandler
                0x08004e08                TIM1_TRG_COM_TIM11_IRQHandler
                0x08004e08                OTG_HS_IRQHandler
                0x08004e08                EXTI1_IRQHandler
                0x08004e08                USART2_IRQHandler
                0x08004e08                I2C2_ER_IRQHandler
                0x08004e08                DMA2_Stream1_IRQHandler
                0x08004e08                CAN1_SCE_IRQHandler
                0x08004e08                FLASH_IRQHandler
                0x08004e08                DMA2_Stream4_IRQHandler
                0x08004e08                USART1_IRQHandler
                0x08004e08                OTG_FS_IRQHandler
                0x08004e08                SPI3_IRQHandler
                0x08004e08                DMA1_Stream4_IRQHandler
                0x08004e08                I2C1_ER_IRQHandler
                0x08004e08                DMA2_Stream6_IRQHandler
                0x08004e08                DMA1_Stream3_IRQHandler
 .text.STM_EVAL_LEDInit
                0x08004e10       0x6c ..\obj\stm32f4_discovery.o
                0x08004e10                STM_EVAL_LEDInit
 .text.STM_EVAL_LEDOn
                0x08004e7c       0x34 ..\obj\stm32f4_discovery.o
                0x08004e7c                STM_EVAL_LEDOn
 .text.STM_EVAL_LEDToggle
                0x08004eb0       0x44 ..\obj\stm32f4_discovery.o
                0x08004eb0                STM_EVAL_LEDToggle
 .text.ETH_Delay
                0x08004ef4       0x2c ..\obj\stm32f4x7_eth.o
 .text.ETH_DeInit
                0x08004f20       0x20 ..\obj\stm32f4x7_eth.o
                0x08004f20                ETH_DeInit
 .text.ETH_StructInit
                0x08004f40      0x1a8 ..\obj\stm32f4x7_eth.o
                0x08004f40                ETH_StructInit
 .text.ETH_Init
                0x080050e8      0x474 ..\obj\stm32f4x7_eth.o
                0x080050e8                ETH_Init
 .text.ETH_Start
                0x0800555c       0x2c ..\obj\stm32f4x7_eth.o
                0x0800555c                ETH_Start
 .text.ETH_MACTransmissionCmd
                0x08005588       0x4c ..\obj\stm32f4x7_eth.o
                0x08005588                ETH_MACTransmissionCmd
 .text.ETH_MACReceptionCmd
                0x080055d4       0x4c ..\obj\stm32f4x7_eth.o
                0x080055d4                ETH_MACReceptionCmd
 .text.ETH_MACAddressConfig
                0x08005620       0x7c ..\obj\stm32f4x7_eth.o
                0x08005620                ETH_MACAddressConfig
 .text.ETH_Get_Received_Frame
                0x0800569c       0xb0 ..\obj\stm32f4x7_eth.o
                0x0800569c                ETH_Get_Received_Frame
 .text.ETH_Prepare_Transmit_Descriptors
                0x0800574c      0x1f4 ..\obj\stm32f4x7_eth.o
                0x0800574c                ETH_Prepare_Transmit_Descriptors
 .text.ETH_DMARxDescChainInit
                0x08005940       0xc0 ..\obj\stm32f4x7_eth.o
                0x08005940                ETH_DMARxDescChainInit
 .text.ETH_CheckFrameReceived
                0x08005a00      0x14c ..\obj\stm32f4x7_eth.o
                0x08005a00                ETH_CheckFrameReceived
 .text.ETH_DMATxDescChainInit
                0x08005b4c       0xa4 ..\obj\stm32f4x7_eth.o
                0x08005b4c                ETH_DMATxDescChainInit
 .text.ETH_DMATxDescChecksumInsertionConfig
                0x08005bf0       0x20 ..\obj\stm32f4x7_eth.o
                0x08005bf0                ETH_DMATxDescChecksumInsertionConfig
 .text.ETH_SoftwareReset
                0x08005c10       0x2c ..\obj\stm32f4x7_eth.o
                0x08005c10                ETH_SoftwareReset
 .text.ETH_GetSoftwareResetStatus
                0x08005c3c       0x40 ..\obj\stm32f4x7_eth.o
                0x08005c3c                ETH_GetSoftwareResetStatus
 .text.ETH_FlushTransmitFIFO
                0x08005c7c       0x34 ..\obj\stm32f4x7_eth.o
                0x08005c7c                ETH_FlushTransmitFIFO
 .text.ETH_DMATransmissionCmd
                0x08005cb0       0x6c ..\obj\stm32f4x7_eth.o
                0x08005cb0                ETH_DMATransmissionCmd
 .text.ETH_DMAReceptionCmd
                0x08005d1c       0x6c ..\obj\stm32f4x7_eth.o
                0x08005d1c                ETH_DMAReceptionCmd
 .text.ETH_ReadPHYRegister
                0x08005d88       0xc8 ..\obj\stm32f4x7_eth.o
                0x08005d88                ETH_ReadPHYRegister
 .text.ETH_WritePHYRegister
                0x08005e50       0xd0 ..\obj\stm32f4x7_eth.o
                0x08005e50                ETH_WritePHYRegister
 .text.ip_addr_isbroadcast
                0x08005f20       0x8c ..\obj\ip_addr.o
                0x08005f20                ip_addr_isbroadcast
 .text.lwip_standard_chksum
                0x08005fac       0xb8 ..\obj\inet_chksum.o
 .text.inet_chksum
                0x08006064       0x28 ..\obj\inet_chksum.o
                0x08006064                inet_chksum
 .text.inet_chksum_pbuf
                0x0800608c       0xbc ..\obj\inet_chksum.o
                0x0800608c                inet_chksum_pbuf
 .text.main     0x08006148       0x4c ..\obj\main.o
                0x08006148                main
 .text.LED_Init
                0x08006194       0x48 ..\obj\main.o
                0x08006194                LED_Init
 .text.DRAW_LED
                0x080061dc      0xd44 ..\obj\main.o
                0x080061dc                DRAW_LED
 .text.RCC_GetClocksFreq
                0x08006f20      0x1cc ..\obj\stm32f4xx_rcc.o
                0x08006f20                RCC_GetClocksFreq
 .text.RCC_AHB1PeriphClockCmd
                0x080070ec       0x54 ..\obj\stm32f4xx_rcc.o
                0x080070ec                RCC_AHB1PeriphClockCmd
 .text.RCC_APB1PeriphClockCmd
                0x08007140       0x54 ..\obj\stm32f4xx_rcc.o
                0x08007140                RCC_APB1PeriphClockCmd
 .text.RCC_APB2PeriphClockCmd
                0x08007194       0x54 ..\obj\stm32f4xx_rcc.o
                0x08007194                RCC_APB2PeriphClockCmd
 .text.RCC_AHB1PeriphResetCmd
                0x080071e8       0x54 ..\obj\stm32f4xx_rcc.o
                0x080071e8                RCC_AHB1PeriphResetCmd
 .text.LwIP_Init
                0x0800723c       0x74 ..\obj\netconf.o
                0x0800723c                LwIP_Init
 .text.LwIP_Pkt_Handle
                0x080072b0       0x14 ..\obj\netconf.o
                0x080072b0                LwIP_Pkt_Handle
 .text.LwIP_Periodic_Handle
                0x080072c4       0xcc ..\obj\netconf.o
                0x080072c4                LwIP_Periodic_Handle
 .text.LwIP_DHCP_Process_Handle
                0x08007390      0x110 ..\obj\netconf.o
                0x08007390                LwIP_DHCP_Process_Handle
 .text.NMI_Handler
                0x080074a0        0xc ..\obj\stm32f4xx_it.o
                0x080074a0                NMI_Handler
 .text.HardFault_Handler
                0x080074ac        0x8 ..\obj\stm32f4xx_it.o
                0x080074ac                HardFault_Handler
 .text.MemManage_Handler
                0x080074b4        0x8 ..\obj\stm32f4xx_it.o
                0x080074b4                MemManage_Handler
 .text.BusFault_Handler
                0x080074bc        0x8 ..\obj\stm32f4xx_it.o
                0x080074bc                BusFault_Handler
 .text.UsageFault_Handler
                0x080074c4        0x8 ..\obj\stm32f4xx_it.o
                0x080074c4                UsageFault_Handler
 .text.SVC_Handler
                0x080074cc        0xc ..\obj\stm32f4xx_it.o
                0x080074cc                SVC_Handler
 .text.DebugMon_Handler
                0x080074d8        0xc ..\obj\stm32f4xx_it.o
                0x080074d8                DebugMon_Handler
 .text.PendSV_Handler
                0x080074e4        0xc ..\obj\stm32f4xx_it.o
                0x080074e4                PendSV_Handler
 .text.SysTick_Handler
                0x080074f0        0xc ..\obj\stm32f4xx_it.o
                0x080074f0                SysTick_Handler
 .text.EXTI15_10_IRQHandler
                0x080074fc       0x24 ..\obj\stm32f4xx_it.o
                0x080074fc                EXTI15_10_IRQHandler
 .text.ETH_BSP_Config
                0x08007520       0x44 ..\obj\stm32f4x7_eth_bsp.o
                0x08007520                ETH_BSP_Config
 .text.ETH_MACDMA_Config
                0x08007564       0xe0 ..\obj\stm32f4x7_eth_bsp.o
 .text.ETH_GPIO_Config
                0x08007644      0x144 ..\obj\stm32f4x7_eth_bsp.o
 .text.Eth_Link_PHYITConfig
                0x08007788       0x8c ..\obj\stm32f4x7_eth_bsp.o
                0x08007788                Eth_Link_PHYITConfig
 .text.Eth_Link_EXTIConfig
                0x08007814       0xa4 ..\obj\stm32f4x7_eth_bsp.o
                0x08007814                Eth_Link_EXTIConfig
 .text.Eth_Link_ITHandler
                0x080078b8       0x44 ..\obj\stm32f4x7_eth_bsp.o
                0x080078b8                Eth_Link_ITHandler
 .text.low_level_init
                0x080078fc       0xdc ..\obj\ethernetif.o
 .text.low_level_output
                0x080079d8       0x6c ..\obj\ethernetif.o
 .text.low_level_input
                0x08007a44      0x130 ..\obj\ethernetif.o
 .text.ethernetif_input
                0x08007b74       0x4c ..\obj\ethernetif.o
                0x08007b74                ethernetif_input
 .text.ethernetif_init
                0x08007bc0       0x4c ..\obj\ethernetif.o
                0x08007bc0                ethernetif_init
 .text.free_etharp_q
                0x08007c0c       0x38 ..\obj\etharp.o
 .text.etharp_tmr
                0x08007c44      0x17c ..\obj\etharp.o
                0x08007c44                etharp_tmr
 .text.find_entry
                0x08007dc0      0x3f8 ..\obj\etharp.o
 .text.etharp_send_ip
                0x080081b8       0x6c ..\obj\etharp.o
 .text.update_arp_entry
                0x08008224      0x1ac ..\obj\etharp.o
 .text.etharp_ip_input
                0x080083d0       0x58 ..\obj\etharp.o
                0x080083d0                etharp_ip_input
 .text.etharp_arp_input
                0x08008428      0x220 ..\obj\etharp.o
                0x08008428                etharp_arp_input
 .text.etharp_output
                0x08008648      0x114 ..\obj\etharp.o
                0x08008648                etharp_output
 .text.etharp_query
                0x0800875c      0x2dc ..\obj\etharp.o
                0x0800875c                etharp_query
 .text.etharp_raw
                0x08008a38      0x15c ..\obj\etharp.o
                0x08008a38                etharp_raw
 .text.etharp_request
                0x08008b94       0x50 ..\obj\etharp.o
                0x08008b94                etharp_request
 .text.ethernet_input
                0x08008be4       0x94 ..\obj\etharp.o
                0x08008be4                ethernet_input
 .text.pbuf_alloc
                0x08008c78      0x234 ..\obj\pbuf.o
                0x08008c78                pbuf_alloc
 .text.pbuf_realloc
                0x08008eac       0xcc ..\obj\pbuf.o
                0x08008eac                pbuf_realloc
 .text.pbuf_header
                0x08008f78       0xf4 ..\obj\pbuf.o
                0x08008f78                pbuf_header
 .text.pbuf_free
                0x0800906c       0xb0 ..\obj\pbuf.o
                0x0800906c                pbuf_free
 .text.pbuf_clen
                0x0800911c       0x34 ..\obj\pbuf.o
                0x0800911c                pbuf_clen
 .text.pbuf_ref
                0x08009150       0x28 ..\obj\pbuf.o
                0x08009150                pbuf_ref
 .text.pbuf_cat
                0x08009178       0x5c ..\obj\pbuf.o
                0x08009178                pbuf_cat
 .text.pbuf_chain
                0x080091d4       0x20 ..\obj\pbuf.o
                0x080091d4                pbuf_chain
 .text.pbuf_copy
                0x080091f4      0x110 ..\obj\pbuf.o
                0x080091f4                pbuf_copy
 .text.pbuf_copy_partial
                0x08009304       0xd4 ..\obj\pbuf.o
                0x08009304                pbuf_copy_partial
 .text.htons    0x080093d8       0x30 ..\obj\inet.o
                0x080093d8                htons
 .text.ntohs    0x08009408       0x20 ..\obj\inet.o
                0x08009408                ntohs
 .text.htonl    0x08009428       0x3c ..\obj\inet.o
                0x08009428                htonl
 .text.ntohl    0x08009464       0x1c ..\obj\inet.o
                0x08009464                ntohl
 .text.netif_add
                0x08009480       0xb4 ..\obj\netif.o
                0x08009480                netif_add
 .text.netif_set_addr
                0x08009534       0x30 ..\obj\netif.o
                0x08009534                netif_set_addr
 .text.netif_set_ipaddr
                0x08009564       0xb8 ..\obj\netif.o
                0x08009564                netif_set_ipaddr
 .text.netif_set_gw
                0x0800961c       0x28 ..\obj\netif.o
                0x0800961c                netif_set_gw
 .text.netif_set_netmask
                0x08009644       0x28 ..\obj\netif.o
                0x08009644                netif_set_netmask
 .text.netif_set_default
                0x0800966c       0x20 ..\obj\netif.o
                0x0800966c                netif_set_default
 .text.netif_set_up
                0x0800968c       0x4c ..\obj\netif.o
                0x0800968c                netif_set_up
 .text.netif_set_down
                0x080096d8       0x34 ..\obj\netif.o
                0x080096d8                netif_set_down
 .text.netif_is_up
                0x0800970c       0x28 ..\obj\netif.o
                0x0800970c                netif_is_up
 .text.GPIO_Init
                0x08009734      0x144 ..\obj\stm32f4xx_gpio.o
                0x08009734                GPIO_Init
 .text.GPIO_PinAFConfig
                0x08009878       0xa8 ..\obj\stm32f4xx_gpio.o
                0x08009878                GPIO_PinAFConfig
 .text.SystemInit
                0x08009920       0x94 ..\obj\system_stm32f4xx.o
                0x08009920                SystemInit
 .text.SetSysClock
                0x080099b4      0x1e0 ..\obj\system_stm32f4xx.o
 .text.DMA_Init
                0x08009b94       0xb0 ..\obj\stm32f4xx_dma.o
                0x08009b94                DMA_Init
 .text.DMA_Cmd  0x08009c44       0x38 ..\obj\stm32f4xx_dma.o
                0x08009c44                DMA_Cmd
 .text.DMA_ITConfig
                0x08009c7c       0x74 ..\obj\stm32f4xx_dma.o
                0x08009c7c                DMA_ITConfig
 .text.DMA_GetITStatus
                0x08009cf0       0xc0 ..\obj\stm32f4xx_dma.o
                0x08009cf0                DMA_GetITStatus
 .text.DMA_ClearITPendingBit
                0x08009db0       0x60 ..\obj\stm32f4xx_dma.o
                0x08009db0                DMA_ClearITPendingBit
 .text.udp_input
                0x08009e10      0x2c8 ..\obj\udp.o
                0x08009e10                udp_input
 .text.udp_sendto_if
                0x0800a0d8      0x140 ..\obj\udp.o
                0x0800a0d8                udp_sendto_if
 .text.udp_bind
                0x0800a218       0xe4 ..\obj\udp.o
                0x0800a218                udp_bind
 .text.udp_connect
                0x0800a2fc       0xb0 ..\obj\udp.o
                0x0800a2fc                udp_connect
 .text.udp_recv
                0x0800a3ac       0x24 ..\obj\udp.o
                0x0800a3ac                udp_recv
 .text.udp_remove
                0x0800a3d0       0x78 ..\obj\udp.o
                0x0800a3d0                udp_remove
 .text.udp_new  0x0800a448       0x38 ..\obj\udp.o
                0x0800a448                udp_new
 .text.ip_route
                0x0800a480       0x84 ..\obj\ip.o
                0x0800a480                ip_route
 .text.ip_input
                0x0800a504      0x2b4 ..\obj\ip.o
                0x0800a504                ip_input
 .text.ip_output_if
                0x0800a7b8      0x1c8 ..\obj\ip.o
                0x0800a7b8                ip_output_if
 .text.ip_output
                0x0800a980       0x4c ..\obj\ip.o
                0x0800a980                ip_output
 .text.EXTI_Init
                0x0800a9cc      0x138 ..\obj\stm32f4xx_exti.o
                0x0800a9cc                EXTI_Init
 .text.EXTI_GetITStatus
                0x0800ab04       0x58 ..\obj\stm32f4xx_exti.o
                0x0800ab04                EXTI_GetITStatus
 .text.EXTI_ClearITPendingBit
                0x0800ab5c       0x20 ..\obj\stm32f4xx_exti.o
                0x0800ab5c                EXTI_ClearITPendingBit
 .text.icmp_input
                0x0800ab7c      0x238 ..\obj\icmp.o
                0x0800ab7c                icmp_input
 .text.icmp_dest_unreach
                0x0800adb4       0x24 ..\obj\icmp.o
                0x0800adb4                icmp_dest_unreach
 .text.icmp_time_exceeded
                0x0800add8       0x24 ..\obj\icmp.o
                0x0800add8                icmp_time_exceeded
 .text.icmp_send_response
                0x0800adfc       0xcc ..\obj\icmp.o
 .text.NVIC_PriorityGroupConfig
                0x0800aec8       0x28 ..\obj\misc.o
                0x0800aec8                NVIC_PriorityGroupConfig
 .text.NVIC_Init
                0x0800aef0       0xe4 ..\obj\misc.o
                0x0800aef0                NVIC_Init
 .text.SysTick_CLKSourceConfig
                0x0800afd4       0x4c ..\obj\misc.o
                0x0800afd4                SysTick_CLKSourceConfig
 .text.dhcp_handle_nak
                0x0800b020       0x58 ..\obj\dhcp.o
 .text.dhcp_check
                0x0800b078       0x6c ..\obj\dhcp.o
 .text.dhcp_handle_offer
                0x0800b0e4       0x64 ..\obj\dhcp.o
 .text.dhcp_select
                0x0800b148      0x174 ..\obj\dhcp.o
 .text.dhcp_coarse_tmr
                0x0800b2bc       0x78 ..\obj\dhcp.o
                0x0800b2bc                dhcp_coarse_tmr
 .text.dhcp_fine_tmr
                0x0800b334       0x68 ..\obj\dhcp.o
                0x0800b334                dhcp_fine_tmr
 .text.dhcp_timeout
                0x0800b39c       0xc8 ..\obj\dhcp.o
 .text.dhcp_t1_timeout
                0x0800b464       0x34 ..\obj\dhcp.o
 .text.dhcp_t2_timeout
                0x0800b498       0x34 ..\obj\dhcp.o
 .text.dhcp_handle_ack
                0x0800b4cc      0x1d8 ..\obj\dhcp.o
 .text.dhcp_start
                0x0800b6a4      0x140 ..\obj\dhcp.o
                0x0800b6a4                dhcp_start
 .text.dhcp_arp_reply
                0x0800b7e4       0x40 ..\obj\dhcp.o
                0x0800b7e4                dhcp_arp_reply
 .text.dhcp_decline
                0x0800b824       0xf0 ..\obj\dhcp.o
 .text.dhcp_discover
                0x0800b914      0x144 ..\obj\dhcp.o
 .text.dhcp_bind
                0x0800ba58      0x190 ..\obj\dhcp.o
 .text.dhcp_renew
                0x0800bbe8      0x104 ..\obj\dhcp.o
                0x0800bbe8                dhcp_renew
 .text.dhcp_rebind
                0x0800bcec      0x104 ..\obj\dhcp.o
 .text.dhcp_reboot
                0x0800bdf0      0x124 ..\obj\dhcp.o
 .text.dhcp_release
                0x0800bf14      0x164 ..\obj\dhcp.o
                0x0800bf14                dhcp_release
 .text.dhcp_stop
                0x0800c078       0x6c ..\obj\dhcp.o
                0x0800c078                dhcp_stop
 .text.dhcp_set_state
                0x0800c0e4       0x30 ..\obj\dhcp.o
 .text.dhcp_option
                0x0800c114       0x54 ..\obj\dhcp.o
 .text.dhcp_option_byte
                0x0800c168       0x34 ..\obj\dhcp.o
 .text.dhcp_option_short
                0x0800c19c       0x58 ..\obj\dhcp.o
 .text.dhcp_option_long
                0x0800c1f4       0xa0 ..\obj\dhcp.o
 .text.dhcp_unfold_reply
                0x0800c294       0xe0 ..\obj\dhcp.o
 .text.dhcp_free_reply
                0x0800c374       0x4c ..\obj\dhcp.o
 .text.dhcp_recv
                0x0800c3c0      0x190 ..\obj\dhcp.o
 .text.dhcp_create_request
                0x0800c550      0x24c ..\obj\dhcp.o
 .text.dhcp_delete_request
                0x0800c79c       0x44 ..\obj\dhcp.o
 .text.dhcp_option_trailer
                0x0800c7e0       0x6c ..\obj\dhcp.o
 .text.dhcp_get_option_ptr
                0x0800c84c      0x14c ..\obj\dhcp.o
 .text.dhcp_get_option_byte
                0x0800c998       0x18 ..\obj\dhcp.o
 .text.dhcp_get_option_long
                0x0800c9b0       0x68 ..\obj\dhcp.o
 .text.telnetserver_init
                0x0800ca18       0x8c ..\obj\telnetserver.o
                0x0800ca18                telnetserver_init
 .text.telnetserver_accept
                0x0800caa4       0x80 ..\obj\telnetserver.o
 .text.telnetserver_recv
                0x0800cb24       0x94 ..\obj\telnetserver.o
 .text.telnetserver_error
                0x0800cbb8       0x18 ..\obj\telnetserver.o
 .text.telnetserver_poll
                0x0800cbd0       0x5c ..\obj\telnetserver.o
 .text.telnetserver_send
                0x0800cc2c       0xa4 ..\obj\telnetserver.o
 .text.telnetserver_connection_close
                0x0800ccd0       0x5c ..\obj\telnetserver.o
 .text.TIM_TimeBaseInit
                0x0800cd2c       0xf4 ..\obj\stm32f4xx_tim.o
                0x0800cd2c                TIM_TimeBaseInit
 .text.TIM_ARRPreloadConfig
                0x0800ce20       0x40 ..\obj\stm32f4xx_tim.o
                0x0800ce20                TIM_ARRPreloadConfig
 .text.TIM_Cmd  0x0800ce60       0x40 ..\obj\stm32f4xx_tim.o
                0x0800ce60                TIM_Cmd
 .text.TIM_OC4Init
                0x0800cea0       0xe0 ..\obj\stm32f4xx_tim.o
                0x0800cea0                TIM_OC4Init
 .text.TIM_OC4PreloadConfig
                0x0800cf80       0x40 ..\obj\stm32f4xx_tim.o
                0x0800cf80                TIM_OC4PreloadConfig
 .text.TIM_CCxCmd
                0x0800cfc0       0x5c ..\obj\stm32f4xx_tim.o
                0x0800cfc0                TIM_CCxCmd
 .text.TIM_CtrlPWMOutputs
                0x0800d01c       0x50 ..\obj\stm32f4xx_tim.o
                0x0800d01c                TIM_CtrlPWMOutputs
 .text.TIM_DMACmd
                0x0800d06c       0x48 ..\obj\stm32f4xx_tim.o
                0x0800d06c                TIM_DMACmd
 .text.tcp_output_set_header
                0x0800d0b4      0x100 ..\obj\tcp_out.o
 .text.tcp_send_ctrl
                0x0800d1b4       0x34 ..\obj\tcp_out.o
                0x0800d1b4                tcp_send_ctrl
 .text.tcp_write
                0x0800d1e8       0x68 ..\obj\tcp_out.o
                0x0800d1e8                tcp_write
 .text.tcp_enqueue
                0x0800d250      0x60c ..\obj\tcp_out.o
                0x0800d250                tcp_enqueue
 .text.tcp_send_empty_ack
                0x0800d85c       0x94 ..\obj\tcp_out.o
                0x0800d85c                tcp_send_empty_ack
 .text.tcp_output
                0x0800d8f0      0x2f0 ..\obj\tcp_out.o
                0x0800d8f0                tcp_output
 .text.tcp_output_segment
                0x0800dbe0      0x15c ..\obj\tcp_out.o
 .text.tcp_rst  0x0800dd3c      0x10c ..\obj\tcp_out.o
                0x0800dd3c                tcp_rst
 .text.tcp_rexmit_rto
                0x0800de48       0x6c ..\obj\tcp_out.o
                0x0800de48                tcp_rexmit_rto
 .text.tcp_rexmit
                0x0800deb4       0x90 ..\obj\tcp_out.o
                0x0800deb4                tcp_rexmit
 .text.tcp_rexmit_fast
                0x0800df44       0xb8 ..\obj\tcp_out.o
                0x0800df44                tcp_rexmit_fast
 .text.tcp_keepalive
                0x0800dffc       0x70 ..\obj\tcp_out.o
                0x0800dffc                tcp_keepalive
 .text.tcp_zero_window_probe
                0x0800e06c       0xfc ..\obj\tcp_out.o
                0x0800e06c                tcp_zero_window_probe
 .text.raw_input
                0x0800e168       0xc8 ..\obj\raw.o
                0x0800e168                raw_input
 .text.memcmp   0x0800e230       0xb8 c:/program files/gnu tools arm embedded/4.7 2012q4/bin/../lib/gcc/arm-none-eabi/4.7.3/../../../../arm-none-eabi/lib/armv7e-m\libg.a(lib_a-memcmp.o)
                0x0800e230                memcmp
 .text.memcpy   0x0800e2e8      0x144 c:/program files/gnu tools arm embedded/4.7 2012q4/bin/../lib/gcc/arm-none-eabi/4.7.3/../../../../arm-none-eabi/lib/armv7e-m\libg.a(lib_a-memcpy.o)
                0x0800e2e8                memcpy
 .text.memset   0x0800e42c      0x12c c:/program files/gnu tools arm embedded/4.7 2012q4/bin/../lib/gcc/arm-none-eabi/4.7.3/../../../../arm-none-eabi/lib/armv7e-m\libg.a(lib_a-memset.o)
                0x0800e42c                memset
 .text.srand    0x0800e558       0x18 c:/program files/gnu tools arm embedded/4.7 2012q4/bin/../lib/gcc/arm-none-eabi/4.7.3/../../../../arm-none-eabi/lib/armv7e-m\libg.a(lib_a-rand.o)
                0x0800e558                srand
 .text.rand     0x0800e570       0x48 c:/program files/gnu tools arm embedded/4.7 2012q4/bin/../lib/gcc/arm-none-eabi/4.7.3/../../../../arm-none-eabi/lib/armv7e-m\libg.a(lib_a-rand.o)
                0x0800e570                rand
 .text.strcpy   0x0800e5b8       0xbc c:/program files/gnu tools arm embedded/4.7 2012q4/bin/../lib/gcc/arm-none-eabi/4.7.3/../../../../arm-none-eabi/lib/armv7e-m\libg.a(lib_a-strcpy.o)
                0x0800e5b8                strcpy
 .text.strlen   0x0800e674       0x60 c:/program files/gnu tools arm embedded/4.7 2012q4/bin/../lib/gcc/arm-none-eabi/4.7.3/../../../../arm-none-eabi/lib/armv7e-m\libg.a(lib_a-strlen.o)
                0x0800e674                strlen
 *(.glue_7t)
 .glue_7t       0x00000000        0x0 linker stubs
 *(.glue_7)
 .glue_7        0x00000000        0x0 linker stubs
 *(.rodata .rodata* .gnu.linkonce.r.*)
 .rodata        0x0800e6d4       0x90 ..\obj\tcp.o
                0x0800e74c                tcp_backoff
                0x0800e75c                tcp_persist_backoff
 .rodata        0x0800e764       0x28 ..\obj\memp.o
 .rodata        0x0800e78c       0x30 ..\obj\stm32f4_discovery.o
                0x0800e78c                GPIO_PIN
                0x0800e794                GPIO_CLK
                0x0800e7a4                BUTTON_PIN
                0x0800e7a8                BUTTON_CLK
                0x0800e7ac                BUTTON_EXTI_LINE
                0x0800e7b0                BUTTON_PORT_SOURCE
                0x0800e7b4                BUTTON_PIN_SOURCE
                0x0800e7b8                BUTTON_IRQn
 .rodata        0x0800e7bc        0x8 ..\obj\ip_addr.o
                0x0800e7bc                ip_addr_any
                0x0800e7c0                ip_addr_broadcast
 .rodata        0x0800e7c4       0x10 ..\obj\etharp.o
                0x0800e7c4                ethbroadcast
                0x0800e7cc                ethzero
 .rodata.str1.4
                0x0800e7d4        0x4 c:/program files/gnu tools arm embedded/4.7 2012q4/bin/../lib/gcc/arm-none-eabi/4.7.3/../../../../arm-none-eabi/lib/armv7e-m\libg.a(lib_a-impure.o)

.vfp11_veneer   0x0800e7d8        0x0
 .vfp11_veneer  0x00000000        0x0 linker stubs

.v4_bx          0x0800e7d8        0x0
 .v4_bx         0x00000000        0x0 linker stubs

.iplt           0x0800e7d8        0x0
 .iplt          0x00000000        0x0 ..\obj\stm32f4xx_syscfg.o

.rel.dyn        0x0800e7d8        0x0
 .rel.iplt      0x00000000        0x0 ..\obj\stm32f4xx_syscfg.o

.ARM.extab
 *(.ARM.extab* .gnu.linkonce.armextab.*)
                0x0800e7d8                __exidx_start = .

.ARM.exidx
 *(.ARM.exidx* .gnu.linkonce.armexidx.*)
                0x0800e7d8                __exidx_end = .
                0x0800e7d8                . = ALIGN (0x4)
                0x0800e7d8                _etext = .
                0x0800e7d8                _sidata = .

.data           0x20000000      0x4cc load address 0x0800e7d8
                0x20000000                _sdata = .
 *(.data .data.*)
 .data          0x20000000       0x3c ..\obj\ws2812.o
 .data          0x2000003c       0x34 ..\obj\tcp.o
                0x2000003c                tcp_state_str
 .data          0x20000070       0x14 ..\obj\stm32f4_discovery.o
                0x20000070                GPIO_PORT
                0x20000080                BUTTON_PORT
 .data          0x20000084        0x8 ..\obj\main.o
                0x20000084                pos_r
                0x20000088                pos_g
 .data          0x2000008c       0x10 ..\obj\stm32f4xx_rcc.o
 .data          0x2000009c        0x4 ..\obj\dhcp.o
 .data.impure_data
                0x200000a0      0x428 c:/program files/gnu tools arm embedded/4.7 2012q4/bin/../lib/gcc/arm-none-eabi/4.7.3/../../../../arm-none-eabi/lib/armv7e-m\libg.a(lib_a-impure.o)
 .data._impure_ptr
                0x200004c8        0x4 c:/program files/gnu tools arm embedded/4.7 2012q4/bin/../lib/gcc/arm-none-eabi/4.7.3/../../../../arm-none-eabi/lib/armv7e-m\libg.a(lib_a-impure.o)
                0x200004c8                _impure_ptr
                0x200004cc                . = ALIGN (0x4)
                0x200004cc                _edata = .

.igot.plt       0x200004cc        0x0 load address 0x0800eca4
 .igot.plt      0x00000000        0x0 ..\obj\stm32f4xx_syscfg.o

.bss            0x200004cc     0xbf68 load address 0x0800eca4
                0x200004cc                _sbss = .
 *(.bss .bss.*)
 .bss           0x200004cc     0x2824 ..\obj\mem.o
 .bss           0x20002cf0        0x4 ..\obj\delay.o
                0x20002cf0                system_time
 .bss           0x20002cf4      0x188 ..\obj\ws2812.o
                0x20002e74                frame_pos
                0x20002e78                incomplete_return
 .bss           0x20002e7c        0x1 ..\obj\tcp.o
 *fill*         0x20002e7d        0x3 00
 .bss           0x20002e80       0x30 ..\obj\tcp_in.o
 .bss           0x20002eb0     0x4d90 ..\obj\memp.o
 .bss           0x20007c40      0x5e8 ..\obj\ip_frag.o
 .bss           0x20008228        0x8 ..\obj\main.o
                0x20008228                pos_b
                0x2000822c                random
 .bss           0x20008230       0x18 ..\obj\netconf.o
                0x20008230                TCPTimer
                0x20008234                ARPTimer
                0x20008238                IPaddress
                0x2000823c                DHCPfineTimer
                0x20008240                DHCPcoarseTimer
                0x20008244                DHCP_state
 .bss           0x20008248        0x8 ..\obj\stm32f4x7_eth_bsp.o
                0x20008248                EthInitStatus
                0x2000824c                EthLinkStatus
 .bss           0x20008250       0xcc ..\obj\etharp.o
 .bss           0x2000831c        0x1 ..\obj\netif.o
 *fill*         0x2000831d        0x1 00
 .bss           0x2000831e        0x2 ..\obj\ip.o
 .bss           0x20008320        0x4 ..\obj\telnetserver.o
 .bss           0x20008324        0x4 ..\obj\raw.o
 *(COMMON)
 COMMON         0x20008328      0x3c0 ..\obj\ws2812.o
                0x20008328                ws2812_framebuffer
 COMMON         0x200086e8       0x18 ..\obj\tcp.o
                0x200086e8                tcp_active_pcbs
                0x200086ec                tcp_ticks
                0x200086f0                tcp_listen_pcbs
                0x200086f4                tcp_tmp_pcb
                0x200086f8                tcp_bound_pcbs
                0x200086fc                tcp_tw_pcbs
 COMMON         0x20008700        0x4 ..\obj\tcp_in.o
                0x20008700                tcp_input_pcb
 COMMON         0x20008704     0x3ce4 ..\obj\stm32f4x7_eth.o
                0x20008704                RX_Frame_Descriptor
                0x20008710                DMARxDescToGet
                0x20008714                DMATxDescToSet
                0x20008718                DMATxDscrTab
                0x200087b8                Rx_Buff
                0x2000a57c                Frame_Rx_index
                0x2000a580                DMA_RX_FRAME_infos
                0x2000a584                DMARxDscrTab
                0x2000a624                Tx_Buff
 COMMON         0x2000c3e8       0x38 ..\obj\netconf.o
                0x2000c3e8                netif
 COMMON         0x2000c420        0x8 ..\obj\netif.o
                0x2000c420                netif_list
                0x2000c424                netif_default
 COMMON         0x2000c428        0x4 ..\obj\udp.o
                0x2000c428                udp_pcbs
 COMMON         0x2000c42c        0x8 ..\obj\ip.o
                0x2000c42c                current_netif
                0x2000c430                current_header
                0x2000c434                . = ALIGN (0x4)
                0x2000c434                _ebss = .

.co_stack       0x2000c434      0x804 load address 0x0801ac0c
                0x2000c438                . = ALIGN (0x8)
 *fill*         0x2000c434        0x4 00
 *(.co_stack .co_stack.*)
 .co_stack      0x2000c438      0x800 ..\obj\startup_stm32f4xx.o
                0x2000c438                pulStack
                0x2000cc38                . = ALIGN (0x4)
                0x2000cc38                _end = .
LOAD ..\obj\stm32f4xx_syscfg.o
LOAD ..\obj\mem.o
LOAD ..\obj\delay.o
LOAD ..\obj\ws2812.o
LOAD ..\obj\stm32f4xx_sdio.o
LOAD ..\obj\tcp.o
LOAD ..\obj\stm32f4xx_cryp_aes.o
LOAD ..\obj\stm32f4xx_hash.o
LOAD ..\obj\err.o
LOAD ..\obj\stm32f4xx_hash_sha1.o
LOAD ..\obj\randm.o
LOAD ..\obj\mib_structs.o
LOAD ..\obj\tcp_in.o
LOAD ..\obj\stm32f4xx_usart.o
LOAD ..\obj\stm32f4xx_pwr.o
LOAD ..\obj\slipif.o
LOAD ..\obj\memp.o
LOAD ..\obj\stm32f4xx_can.o
LOAD ..\obj\autoip.o
LOAD ..\obj\stm32f4xx_wwdg.o
LOAD ..\obj\ip_frag.o
LOAD ..\obj\msg_out.o
LOAD ..\obj\netbuf.o
LOAD ..\obj\stm32f4xx_hash_md5.o
LOAD ..\obj\tcpip.o
LOAD ..\obj\stm32f4xx_dac.o
LOAD ..\obj\asn1_dec.o
LOAD ..\obj\lcp.o
LOAD ..\obj\vj.o
LOAD ..\obj\startup_stm32f4xx.o
LOAD ..\obj\stm32f4_discovery.o
LOAD ..\obj\stm32f4x7_eth.o
LOAD ..\obj\stm32f4xx_crc.o
LOAD ..\obj\stm32f4xx_iwdg.o
LOAD ..\obj\sys.o
LOAD ..\obj\ip_addr.o
LOAD ..\obj\inet_chksum.o
LOAD ..\obj\main.o
LOAD ..\obj\stm32f4xx_rcc.o
LOAD ..\obj\netconf.o
LOAD ..\obj\mib2.o
LOAD ..\obj\stm32f4xx_it.o
LOAD ..\obj\tcp_echoserver.o
LOAD ..\obj\netdb.o
LOAD ..\obj\init.o
LOAD ..\obj\stm32f4xx_adc.o
LOAD ..\obj\stm32f4x7_eth_bsp.o
LOAD ..\obj\ethernetif.o
LOAD ..\obj\stm32f4xx_dcmi.o
LOAD ..\obj\chpms.o
LOAD ..\obj\etharp.o
LOAD ..\obj\magic.o
LOAD ..\obj\stm32f4xx_cryp_des.o
LOAD ..\obj\stm32f4xx_cryp.o
LOAD ..\obj\pbuf.o
LOAD ..\obj\stats.o
LOAD ..\obj\inet.o
LOAD ..\obj\stm32f4xx_fsmc.o
LOAD ..\obj\msg_in.o
LOAD ..\obj\netif.o
LOAD ..\obj\asn1_enc.o
LOAD ..\obj\fsm.o
LOAD ..\obj\api_msg.o
LOAD ..\obj\chap.o
LOAD ..\obj\stm32f4xx_gpio.o
LOAD ..\obj\stm32f4xx_flash.o
LOAD ..\obj\md5.o
LOAD ..\obj\system_stm32f4xx.o
LOAD ..\obj\syscalls.o
LOAD ..\obj\stm32f4xx_dma.o
LOAD ..\obj\sockets.o
LOAD ..\obj\igmp.o
LOAD ..\obj\pap.o
LOAD ..\obj\udp.o
LOAD ..\obj\ip.o
LOAD ..\obj\stm32f4xx_spi.o
LOAD ..\obj\auth.o
LOAD ..\obj\stm32f4xx_i2c.o
LOAD ..\obj\stm32f4xx_rng.o
LOAD ..\obj\stm32f4xx_exti.o
LOAD ..\obj\icmp.o
LOAD ..\obj\ppp_oe.o
LOAD ..\obj\dns.o
LOAD ..\obj\netifapi.o
LOAD ..\obj\misc.o
LOAD ..\obj\api_lib.o
LOAD ..\obj\dhcp.o
LOAD ..\obj\ppp.o
LOAD ..\obj\serial_debug.o
LOAD ..\obj\stm32f4xx_rtc.o
LOAD ..\obj\telnetserver.o
LOAD ..\obj\stm32f4xx_cryp_tdes.o
LOAD ..\obj\ipcp.o
LOAD ..\obj\stm32f4xx_tim.o
LOAD ..\obj\tcp_out.o
LOAD ..\obj\stm32f4xx_dbgmcu.o
LOAD ..\obj\loopif.o
LOAD ..\obj\raw.o
START GROUP
LOAD c:/program files/gnu tools arm embedded/4.7 2012q4/bin/../lib/gcc/arm-none-eabi/4.7.3/armv7e-m\libgcc.a
LOAD c:/program files/gnu tools arm embedded/4.7 2012q4/bin/../lib/gcc/arm-none-eabi/4.7.3/../../../../arm-none-eabi/lib/armv7e-m\libg.a
LOAD c:/program files/gnu tools arm embedded/4.7 2012q4/bin/../lib/gcc/arm-none-eabi/4.7.3/../../../../arm-none-eabi/lib/armv7e-m\libc.a
END GROUP
OUTPUT(stm-ledstrip-net.elf elf32-littlearm)

.debug_info     0x00000000    0x159c3
 .debug_info    0x00000000      0x279 ..\obj\stm32f4xx_syscfg.o
 .debug_info    0x00000279      0x36c ..\obj\mem.o
 .debug_info    0x000005e5      0x795 ..\obj\delay.o
 .debug_info    0x00000d7a      0xbc3 ..\obj\ws2812.o
 .debug_info    0x0000193d     0x12c4 ..\obj\tcp.o
 .debug_info    0x00002c01      0xd00 ..\obj\tcp_in.o
 .debug_info    0x00003901      0x268 ..\obj\memp.o
 .debug_info    0x00003b69      0x6e9 ..\obj\autoip.o
 .debug_info    0x00004252      0x927 ..\obj\ip_frag.o
 .debug_info    0x00004b79      0x103 ..\obj\startup_stm32f4xx.o
 .debug_info    0x00004c7c      0x8ba ..\obj\stm32f4_discovery.o
 .debug_info    0x00005536     0x1ba1 ..\obj\stm32f4x7_eth.o
 .debug_info    0x000070d7      0x33f ..\obj\ip_addr.o
 .debug_info    0x00007416      0x2c7 ..\obj\inet_chksum.o
 .debug_info    0x000076dd      0x5ce ..\obj\main.o
 .debug_info    0x00007cab      0xd49 ..\obj\stm32f4xx_rcc.o
 .debug_info    0x000089f4      0x835 ..\obj\netconf.o
 .debug_info    0x00009229      0x18e ..\obj\stm32f4xx_it.o
 .debug_info    0x000093b7      0xa19 ..\obj\stm32f4x7_eth_bsp.o
 .debug_info    0x00009dd0      0xb47 ..\obj\ethernetif.o
 .debug_info    0x0000a917     0x1014 ..\obj\etharp.o
 .debug_info    0x0000b92b      0x6ba ..\obj\pbuf.o
 .debug_info    0x0000bfe5      0x30a ..\obj\inet.o
 .debug_info    0x0000c2ef      0xfc8 ..\obj\netif.o
 .debug_info    0x0000d2b7      0x640 ..\obj\stm32f4xx_gpio.o
 .debug_info    0x0000d8f7      0x5f5 ..\obj\system_stm32f4xx.o
 .debug_info    0x0000deec      0x7af ..\obj\stm32f4xx_dma.o
 .debug_info    0x0000e69b      0xba7 ..\obj\udp.o
 .debug_info    0x0000f242      0x98b ..\obj\ip.o
 .debug_info    0x0000fbcd      0x373 ..\obj\stm32f4xx_exti.o
 .debug_info    0x0000ff40      0x5f3 ..\obj\icmp.o
 .debug_info    0x00010533      0x592 ..\obj\misc.o
 .debug_info    0x00010ac5     0x11a0 ..\obj\dhcp.o
 .debug_info    0x00011c65      0x9e1 ..\obj\telnetserver.o
 .debug_info    0x00012646     0x1e7d ..\obj\stm32f4xx_tim.o
 .debug_info    0x000144c3      0xdec ..\obj\tcp_out.o
 .debug_info    0x000152af      0x714 ..\obj\raw.o

.debug_abbrev   0x00000000     0x3bc7
 .debug_abbrev  0x00000000      0x133 ..\obj\stm32f4xx_syscfg.o
 .debug_abbrev  0x00000133      0x160 ..\obj\mem.o
 .debug_abbrev  0x00000293      0x1b7 ..\obj\delay.o
 .debug_abbrev  0x0000044a      0x1e4 ..\obj\ws2812.o
 .debug_abbrev  0x0000062e      0x2c6 ..\obj\tcp.o
 .debug_abbrev  0x000008f4      0x1eb ..\obj\tcp_in.o
 .debug_abbrev  0x00000adf      0x120 ..\obj\memp.o
 .debug_abbrev  0x00000bff      0x1a7 ..\obj\autoip.o
 .debug_abbrev  0x00000da6      0x1e1 ..\obj\ip_frag.o
 .debug_abbrev  0x00000f87       0xb2 ..\obj\startup_stm32f4xx.o
 .debug_abbrev  0x00001039      0x185 ..\obj\stm32f4_discovery.o
 .debug_abbrev  0x000011be      0x226 ..\obj\stm32f4x7_eth.o
 .debug_abbrev  0x000013e4       0xf5 ..\obj\ip_addr.o
 .debug_abbrev  0x000014d9      0x13e ..\obj\inet_chksum.o
 .debug_abbrev  0x00001617      0x152 ..\obj\main.o
 .debug_abbrev  0x00001769      0x1e5 ..\obj\stm32f4xx_rcc.o
 .debug_abbrev  0x0000194e      0x159 ..\obj\netconf.o
 .debug_abbrev  0x00001aa7       0x9e ..\obj\stm32f4xx_it.o
 .debug_abbrev  0x00001b45      0x1a5 ..\obj\stm32f4x7_eth_bsp.o
 .debug_abbrev  0x00001cea      0x1f9 ..\obj\ethernetif.o
 .debug_abbrev  0x00001ee3      0x20c ..\obj\etharp.o
 .debug_abbrev  0x000020ef      0x1a5 ..\obj\pbuf.o
 .debug_abbrev  0x00002294      0x132 ..\obj\inet.o
 .debug_abbrev  0x000023c6      0x25f ..\obj\netif.o
 .debug_abbrev  0x00002625      0x1a5 ..\obj\stm32f4xx_gpio.o
 .debug_abbrev  0x000027ca      0x138 ..\obj\system_stm32f4xx.o
 .debug_abbrev  0x00002902      0x157 ..\obj\stm32f4xx_dma.o
 .debug_abbrev  0x00002a59      0x20e ..\obj\udp.o
 .debug_abbrev  0x00002c67      0x197 ..\obj\ip.o
 .debug_abbrev  0x00002dfe      0x1a7 ..\obj\stm32f4xx_exti.o
 .debug_abbrev  0x00002fa5      0x1a5 ..\obj\icmp.o
 .debug_abbrev  0x0000314a      0x129 ..\obj\misc.o
 .debug_abbrev  0x00003273      0x21c ..\obj\dhcp.o
 .debug_abbrev  0x0000348f      0x1d0 ..\obj\telnetserver.o
 .debug_abbrev  0x0000365f      0x189 ..\obj\stm32f4xx_tim.o
 .debug_abbrev  0x000037e8      0x226 ..\obj\tcp_out.o
 .debug_abbrev  0x00003a0e      0x1b9 ..\obj\raw.o

.debug_loc      0x00000000     0x6f9a
 .debug_loc     0x00000000      0x144 ..\obj\stm32f4xx_syscfg.o
 .debug_loc     0x00000144      0x150 ..\obj\mem.o
 .debug_loc     0x00000294      0x10c ..\obj\delay.o
 .debug_loc     0x000003a0      0x138 ..\obj\ws2812.o
 .debug_loc     0x000004d8      0x6a4 ..\obj\tcp.o
 .debug_loc     0x00000b7c      0x152 ..\obj\tcp_in.o
 .debug_loc     0x00000cce       0xa8 ..\obj\memp.o
 .debug_loc     0x00000d76      0x294 ..\obj\autoip.o
 .debug_loc     0x0000100a      0x1c0 ..\obj\ip_frag.o
 .debug_loc     0x000011ca       0x64 ..\obj\startup_stm32f4xx.o
 .debug_loc     0x0000122e      0x150 ..\obj\stm32f4_discovery.o
 .debug_loc     0x0000137e     0x1170 ..\obj\stm32f4x7_eth.o
 .debug_loc     0x000024ee       0x38 ..\obj\ip_addr.o
 .debug_loc     0x00002526       0xe0 ..\obj\inet_chksum.o
 .debug_loc     0x00002606       0x92 ..\obj\main.o
 .debug_loc     0x00002698      0x97c ..\obj\stm32f4xx_rcc.o
 .debug_loc     0x00003014       0xd4 ..\obj\netconf.o
 .debug_loc     0x000030e8      0x1b8 ..\obj\stm32f4xx_it.o
 .debug_loc     0x000032a0      0x152 ..\obj\stm32f4x7_eth_bsp.o
 .debug_loc     0x000033f2      0x118 ..\obj\ethernetif.o
 .debug_loc     0x0000350a      0x2da ..\obj\etharp.o
 .debug_loc     0x000037e4      0x2d8 ..\obj\pbuf.o
 .debug_loc     0x00003abc      0x188 ..\obj\inet.o
 .debug_loc     0x00003c44      0x268 ..\obj\netif.o
 .debug_loc     0x00003eac      0x310 ..\obj\stm32f4xx_gpio.o
 .debug_loc     0x000041bc       0x9c ..\obj\system_stm32f4xx.o
 .debug_loc     0x00004258      0x428 ..\obj\stm32f4xx_dma.o
 .debug_loc     0x00004680      0x231 ..\obj\udp.o
 .debug_loc     0x000048b1       0xe0 ..\obj\ip.o
 .debug_loc     0x00004991      0x1b4 ..\obj\stm32f4xx_exti.o
 .debug_loc     0x00004b45       0xe1 ..\obj\icmp.o
 .debug_loc     0x00004c26      0x118 ..\obj\misc.o
 .debug_loc     0x00004d3e      0x7e0 ..\obj\dhcp.o
 .debug_loc     0x0000551e      0x1c2 ..\obj\telnetserver.o
 .debug_loc     0x000056e0     0x1420 ..\obj\stm32f4xx_tim.o
 .debug_loc     0x00006b00      0x2da ..\obj\tcp_out.o
 .debug_loc     0x00006dda      0x1c0 ..\obj\raw.o

.debug_aranges  0x00000000     0x13b8
 .debug_aranges
                0x00000000       0x48 ..\obj\stm32f4xx_syscfg.o
 .debug_aranges
                0x00000048       0x48 ..\obj\mem.o
 .debug_aranges
                0x00000090       0x40 ..\obj\delay.o
 .debug_aranges
                0x000000d0       0x48 ..\obj\ws2812.o
 .debug_aranges
                0x00000118      0x110 ..\obj\tcp.o
 .debug_aranges
                0x00000228       0x48 ..\obj\tcp_in.o
 .debug_aranges
                0x00000270       0x30 ..\obj\memp.o
 .debug_aranges
                0x000002a0       0x78 ..\obj\autoip.o
 .debug_aranges
                0x00000318       0x58 ..\obj\ip_frag.o
 .debug_aranges
                0x00000370       0x28 ..\obj\startup_stm32f4xx.o
 .debug_aranges
                0x00000398       0x48 ..\obj\stm32f4_discovery.o
 .debug_aranges
                0x000003e0      0x2b8 ..\obj\stm32f4x7_eth.o
 .debug_aranges
                0x00000698       0x20 ..\obj\ip_addr.o
 .debug_aranges
                0x000006b8       0x38 ..\obj\inet_chksum.o
 .debug_aranges
                0x000006f0       0x30 ..\obj\main.o
 .debug_aranges
                0x00000720      0x178 ..\obj\stm32f4xx_rcc.o
 .debug_aranges
                0x00000898       0x38 ..\obj\netconf.o
 .debug_aranges
                0x000008d0       0x68 ..\obj\stm32f4xx_it.o
 .debug_aranges
                0x00000938       0x48 ..\obj\stm32f4x7_eth_bsp.o
 .debug_aranges
                0x00000980       0x40 ..\obj\ethernetif.o
 .debug_aranges
                0x000009c0       0x80 ..\obj\etharp.o
 .debug_aranges
                0x00000a40       0x80 ..\obj\pbuf.o
 .debug_aranges
                0x00000ac0       0x50 ..\obj\inet.o
 .debug_aranges
                0x00000b10       0x70 ..\obj\netif.o
 .debug_aranges
                0x00000b80       0x88 ..\obj\stm32f4xx_gpio.o
 .debug_aranges
                0x00000c08       0x30 ..\obj\system_stm32f4xx.o
 .debug_aranges
                0x00000c38       0xb0 ..\obj\stm32f4xx_dma.o
 .debug_aranges
                0x00000ce8       0x68 ..\obj\udp.o
 .debug_aranges
                0x00000d50       0x38 ..\obj\ip.o
 .debug_aranges
                0x00000d88       0x58 ..\obj\stm32f4xx_exti.o
 .debug_aranges
                0x00000de0       0x38 ..\obj\icmp.o
 .debug_aranges
                0x00000e18       0x40 ..\obj\misc.o
 .debug_aranges
                0x00000e58      0x138 ..\obj\dhcp.o
 .debug_aranges
                0x00000f90       0x58 ..\obj\telnetserver.o
 .debug_aranges
                0x00000fe8      0x2f8 ..\obj\stm32f4xx_tim.o
 .debug_aranges
                0x000012e0       0x80 ..\obj\tcp_out.o
 .debug_aranges
                0x00001360       0x58 ..\obj\raw.o

.debug_ranges   0x00000000     0x1198
 .debug_ranges  0x00000000       0x38 ..\obj\stm32f4xx_syscfg.o
 .debug_ranges  0x00000038       0x38 ..\obj\mem.o
 .debug_ranges  0x00000070       0x30 ..\obj\delay.o
 .debug_ranges  0x000000a0       0x38 ..\obj\ws2812.o
 .debug_ranges  0x000000d8      0x100 ..\obj\tcp.o
 .debug_ranges  0x000001d8       0x38 ..\obj\tcp_in.o
 .debug_ranges  0x00000210       0x20 ..\obj\memp.o
 .debug_ranges  0x00000230       0x68 ..\obj\autoip.o
 .debug_ranges  0x00000298       0x48 ..\obj\ip_frag.o
 .debug_ranges  0x000002e0       0x18 ..\obj\startup_stm32f4xx.o
 .debug_ranges  0x000002f8       0x38 ..\obj\stm32f4_discovery.o
 .debug_ranges  0x00000330      0x2a8 ..\obj\stm32f4x7_eth.o
 .debug_ranges  0x000005d8       0x10 ..\obj\ip_addr.o
 .debug_ranges  0x000005e8       0x28 ..\obj\inet_chksum.o
 .debug_ranges  0x00000610       0x20 ..\obj\main.o
 .debug_ranges  0x00000630      0x168 ..\obj\stm32f4xx_rcc.o
 .debug_ranges  0x00000798       0x28 ..\obj\netconf.o
 .debug_ranges  0x000007c0       0x58 ..\obj\stm32f4xx_it.o
 .debug_ranges  0x00000818       0x38 ..\obj\stm32f4x7_eth_bsp.o
 .debug_ranges  0x00000850       0x30 ..\obj\ethernetif.o
 .debug_ranges  0x00000880       0x70 ..\obj\etharp.o
 .debug_ranges  0x000008f0       0x70 ..\obj\pbuf.o
 .debug_ranges  0x00000960       0x40 ..\obj\inet.o
 .debug_ranges  0x000009a0       0x78 ..\obj\netif.o
 .debug_ranges  0x00000a18       0x78 ..\obj\stm32f4xx_gpio.o
 .debug_ranges  0x00000a90       0x20 ..\obj\system_stm32f4xx.o
 .debug_ranges  0x00000ab0       0xa0 ..\obj\stm32f4xx_dma.o
 .debug_ranges  0x00000b50       0x58 ..\obj\udp.o
 .debug_ranges  0x00000ba8       0x28 ..\obj\ip.o
 .debug_ranges  0x00000bd0       0x48 ..\obj\stm32f4xx_exti.o
 .debug_ranges  0x00000c18       0x40 ..\obj\icmp.o
 .debug_ranges  0x00000c58       0x30 ..\obj\misc.o
 .debug_ranges  0x00000c88      0x128 ..\obj\dhcp.o
 .debug_ranges  0x00000db0       0x48 ..\obj\telnetserver.o
 .debug_ranges  0x00000df8      0x2e8 ..\obj\stm32f4xx_tim.o
 .debug_ranges  0x000010e0       0x70 ..\obj\tcp_out.o
 .debug_ranges  0x00001150       0x48 ..\obj\raw.o

.debug_line     0x00000000     0x8344
 .debug_line    0x00000000      0x1cd ..\obj\stm32f4xx_syscfg.o
 .debug_line    0x000001cd      0x218 ..\obj\mem.o
 .debug_line    0x000003e5      0x1f7 ..\obj\delay.o
 .debug_line    0x000005dc      0x2c7 ..\obj\ws2812.o
 .debug_line    0x000008a3      0x749 ..\obj\tcp.o
 .debug_line    0x00000fec      0x6d4 ..\obj\tcp_in.o
 .debug_line    0x000016c0      0x16d ..\obj\memp.o
 .debug_line    0x0000182d      0x365 ..\obj\autoip.o
 .debug_line    0x00001b92      0x391 ..\obj\ip_frag.o
 .debug_line    0x00001f23       0x99 ..\obj\startup_stm32f4xx.o
 .debug_line    0x00001fbc      0x246 ..\obj\stm32f4_discovery.o
 .debug_line    0x00002202      0xa5d ..\obj\stm32f4x7_eth.o
 .debug_line    0x00002c5f      0x17a ..\obj\ip_addr.o
 .debug_line    0x00002dd9      0x1d8 ..\obj\inet_chksum.o
 .debug_line    0x00002fb1      0x402 ..\obj\main.o
 .debug_line    0x000033b3      0x548 ..\obj\stm32f4xx_rcc.o
 .debug_line    0x000038fb      0x2a4 ..\obj\netconf.o
 .debug_line    0x00003b9f      0x1fd ..\obj\stm32f4xx_it.o
 .debug_line    0x00003d9c      0x29f ..\obj\stm32f4x7_eth_bsp.o
 .debug_line    0x0000403b      0x371 ..\obj\ethernetif.o
 .debug_line    0x000043ac      0x4e0 ..\obj\etharp.o
 .debug_line    0x0000488c      0x3d5 ..\obj\pbuf.o
 .debug_line    0x00004c61      0x237 ..\obj\inet.o
 .debug_line    0x00004e98      0x314 ..\obj\netif.o
 .debug_line    0x000051ac      0x2ec ..\obj\stm32f4xx_gpio.o
 .debug_line    0x00005498      0x1b1 ..\obj\system_stm32f4xx.o
 .debug_line    0x00005649      0x389 ..\obj\stm32f4xx_dma.o
 .debug_line    0x000059d2      0x3ae ..\obj\udp.o
 .debug_line    0x00005d80      0x2cd ..\obj\ip.o
 .debug_line    0x0000604d      0x252 ..\obj\stm32f4xx_exti.o
 .debug_line    0x0000629f      0x20b ..\obj\icmp.o
 .debug_line    0x000064aa      0x1f2 ..\obj\misc.o
 .debug_line    0x0000669c      0x82f ..\obj\dhcp.o
 .debug_line    0x00006ecb      0x29e ..\obj\telnetserver.o
 .debug_line    0x00007169      0xa26 ..\obj\stm32f4xx_tim.o
 .debug_line    0x00007b8f      0x52e ..\obj\tcp_out.o
 .debug_line    0x000080bd      0x287 ..\obj\raw.o

.debug_str      0x00000000     0x5be9
 .debug_str     0x00000000      0x24d ..\obj\stm32f4xx_syscfg.o
                                0x29a (size before relaxing)
 .debug_str     0x0000024d      0x12f ..\obj\mem.o
                                0x21a (size before relaxing)
 .debug_str     0x0000037c      0x6ae ..\obj\delay.o
                                0x7fe (size before relaxing)
 .debug_str     0x00000a2a      0x5f0 ..\obj\ws2812.o
                                0xc50 (size before relaxing)
 .debug_str     0x0000101a      0x59f ..\obj\tcp.o
                                0x7c9 (size before relaxing)
 .debug_str     0x000015b9      0x14c ..\obj\tcp_in.o
                                0x660 (size before relaxing)
 .debug_str     0x00001705       0x91 ..\obj\memp.o
                                0x254 (size before relaxing)
 .debug_str     0x00001796      0x1d9 ..\obj\autoip.o
                                0x3b2 (size before relaxing)
 .debug_str     0x0000196f      0x272 ..\obj\ip_frag.o
                                0x521 (size before relaxing)
 .debug_str     0x00001be1       0xa8 ..\obj\startup_stm32f4xx.o
                                0x10c (size before relaxing)
 .debug_str     0x00001c89      0x291 ..\obj\stm32f4_discovery.o
                                0xac0 (size before relaxing)
 .debug_str     0x00001f1a     0x1174 ..\obj\stm32f4x7_eth.o
                               0x13df (size before relaxing)
 .debug_str     0x0000308e       0x74 ..\obj\ip_addr.o
                                0x233 (size before relaxing)
 .debug_str     0x00003102       0xa8 ..\obj\inet_chksum.o
                                0x214 (size before relaxing)
 .debug_str     0x000031aa       0x6c ..\obj\main.o
                                0x1e6 (size before relaxing)
 .debug_str     0x00003216      0x5d0 ..\obj\stm32f4xx_rcc.o
                                0x7eb (size before relaxing)
 .debug_str     0x000037e6      0x26d ..\obj\netconf.o
                                0x4c3 (size before relaxing)
 .debug_str     0x00003a53       0xd4 ..\obj\stm32f4xx_it.o
                                0x1ce (size before relaxing)
 .debug_str     0x00003b27       0xcf ..\obj\stm32f4x7_eth_bsp.o
                                0xe53 (size before relaxing)
 .debug_str     0x00003bf6       0xb2 ..\obj\ethernetif.o
                                0x661 (size before relaxing)
 .debug_str     0x00003ca8      0x271 ..\obj\etharp.o
                                0x7a4 (size before relaxing)
 .debug_str     0x00003f19      0x17b ..\obj\pbuf.o
                                0x3e6 (size before relaxing)
 .debug_str     0x00004094       0x8a ..\obj\inet.o
                                0x1bd (size before relaxing)
 .debug_str     0x0000411e       0xf8 ..\obj\netif.o
                                0x704 (size before relaxing)
 .debug_str     0x00004216      0x195 ..\obj\stm32f4xx_gpio.o
                                0x43e (size before relaxing)
 .debug_str     0x000043ab       0xbc ..\obj\system_stm32f4xx.o
                                0x345 (size before relaxing)
 .debug_str     0x00004467      0x256 ..\obj\stm32f4xx_dma.o
                                0x4e7 (size before relaxing)
 .debug_str     0x000046bd      0x151 ..\obj\udp.o
                                0x606 (size before relaxing)
 .debug_str     0x0000480e       0xb2 ..\obj\ip.o
                                0x4e7 (size before relaxing)
 .debug_str     0x000048c0       0xf8 ..\obj\stm32f4xx_exti.o
                                0x309 (size before relaxing)
 .debug_str     0x000049b8       0xbf ..\obj\icmp.o
                                0x3a0 (size before relaxing)
 .debug_str     0x00004a77      0x10b ..\obj\misc.o
                                0x374 (size before relaxing)
 .debug_str     0x00004b82      0x2fd ..\obj\dhcp.o
                                0x73b (size before relaxing)
 .debug_str     0x00004e7f      0x187 ..\obj\telnetserver.o
                                0x5a1 (size before relaxing)
 .debug_str     0x00005006      0x9f6 ..\obj\stm32f4xx_tim.o
                                0xd6b (size before relaxing)
 .debug_str     0x000059fc      0x143 ..\obj\tcp_out.o
                                0x658 (size before relaxing)
 .debug_str     0x00005b3f       0xaa ..\obj\raw.o
                                0x3c0 (size before relaxing)

.comment        0x00000000       0x70
 .comment       0x00000000       0x70 ..\obj\stm32f4xx_syscfg.o
                                 0x71 (size before relaxing)
 .comment       0x00000000       0x71 ..\obj\mem.o
 .comment       0x00000000       0x71 ..\obj\delay.o
 .comment       0x00000000       0x71 ..\obj\ws2812.o
 .comment       0x00000000       0x71 ..\obj\tcp.o
 .comment       0x00000000       0x71 ..\obj\tcp_in.o
 .comment       0x00000000       0x71 ..\obj\memp.o
 .comment       0x00000000       0x71 ..\obj\autoip.o
 .comment       0x00000000       0x71 ..\obj\ip_frag.o
 .comment       0x00000000       0x71 ..\obj\startup_stm32f4xx.o
 .comment       0x00000000       0x71 ..\obj\stm32f4_discovery.o
 .comment       0x00000000       0x71 ..\obj\stm32f4x7_eth.o
 .comment       0x00000000       0x71 ..\obj\ip_addr.o
 .comment       0x00000000       0x71 ..\obj\inet_chksum.o
 .comment       0x00000000       0x71 ..\obj\main.o
 .comment       0x00000000       0x71 ..\obj\stm32f4xx_rcc.o
 .comment       0x00000000       0x71 ..\obj\netconf.o
 .comment       0x00000000       0x71 ..\obj\stm32f4xx_it.o
 .comment       0x00000000       0x71 ..\obj\stm32f4x7_eth_bsp.o
 .comment       0x00000000       0x71 ..\obj\ethernetif.o
 .comment       0x00000000       0x71 ..\obj\etharp.o
 .comment       0x00000000       0x71 ..\obj\pbuf.o
 .comment       0x00000000       0x71 ..\obj\inet.o
 .comment       0x00000000       0x71 ..\obj\netif.o
 .comment       0x00000000       0x71 ..\obj\stm32f4xx_gpio.o
 .comment       0x00000000       0x71 ..\obj\system_stm32f4xx.o
 .comment       0x00000000       0x71 ..\obj\stm32f4xx_dma.o
 .comment       0x00000000       0x71 ..\obj\udp.o
 .comment       0x00000000       0x71 ..\obj\ip.o
 .comment       0x00000000       0x71 ..\obj\stm32f4xx_exti.o
 .comment       0x00000000       0x71 ..\obj\icmp.o
 .comment       0x00000000       0x71 ..\obj\misc.o
 .comment       0x00000000       0x71 ..\obj\dhcp.o
 .comment       0x00000000       0x71 ..\obj\telnetserver.o
 .comment       0x00000000       0x71 ..\obj\stm32f4xx_tim.o
 .comment       0x00000000       0x71 ..\obj\tcp_out.o
 .comment       0x00000000       0x71 ..\obj\raw.o

.ARM.attributes
                0x00000000       0x33
 .ARM.attributes
                0x00000000       0x33 ..\obj\stm32f4xx_syscfg.o
 .ARM.attributes
                0x00000033       0x33 ..\obj\mem.o
 .ARM.attributes
                0x00000066       0x33 ..\obj\delay.o
 .ARM.attributes
                0x00000099       0x33 ..\obj\ws2812.o
 .ARM.attributes
                0x000000cc       0x33 ..\obj\tcp.o
 .ARM.attributes
                0x000000ff       0x33 ..\obj\tcp_in.o
 .ARM.attributes
                0x00000132       0x33 ..\obj\memp.o
 .ARM.attributes
                0x00000165       0x33 ..\obj\autoip.o
 .ARM.attributes
                0x00000198       0x33 ..\obj\ip_frag.o
 .ARM.attributes
                0x000001cb       0x33 ..\obj\startup_stm32f4xx.o
 .ARM.attributes
                0x000001fe       0x33 ..\obj\stm32f4_discovery.o
 .ARM.attributes
                0x00000231       0x33 ..\obj\stm32f4x7_eth.o
 .ARM.attributes
                0x00000264       0x33 ..\obj\ip_addr.o
 .ARM.attributes
                0x00000297       0x33 ..\obj\inet_chksum.o
 .ARM.attributes
                0x000002ca       0x33 ..\obj\main.o
 .ARM.attributes
                0x000002fd       0x33 ..\obj\stm32f4xx_rcc.o
 .ARM.attributes
                0x00000330       0x33 ..\obj\netconf.o
 .ARM.attributes
                0x00000363       0x33 ..\obj\stm32f4xx_it.o
 .ARM.attributes
                0x00000396       0x33 ..\obj\stm32f4x7_eth_bsp.o
 .ARM.attributes
                0x000003c9       0x33 ..\obj\ethernetif.o
 .ARM.attributes
                0x000003fc       0x33 ..\obj\etharp.o
 .ARM.attributes
                0x0000042f       0x33 ..\obj\pbuf.o
 .ARM.attributes
                0x00000462       0x33 ..\obj\inet.o
 .ARM.attributes
                0x00000495       0x33 ..\obj\netif.o
 .ARM.attributes
                0x000004c8       0x33 ..\obj\stm32f4xx_gpio.o
 .ARM.attributes
                0x000004fb       0x33 ..\obj\system_stm32f4xx.o
 .ARM.attributes
                0x0000052e       0x33 ..\obj\stm32f4xx_dma.o
 .ARM.attributes
                0x00000561       0x33 ..\obj\udp.o
 .ARM.attributes
                0x00000594       0x33 ..\obj\ip.o
 .ARM.attributes
                0x000005c7       0x33 ..\obj\stm32f4xx_exti.o
 .ARM.attributes
                0x000005fa       0x33 ..\obj\icmp.o
 .ARM.attributes
                0x0000062d       0x33 ..\obj\misc.o
 .ARM.attributes
                0x00000660       0x33 ..\obj\dhcp.o
 .ARM.attributes
                0x00000693       0x33 ..\obj\telnetserver.o
 .ARM.attributes
                0x000006c6       0x33 ..\obj\stm32f4xx_tim.o
 .ARM.attributes
                0x000006f9       0x33 ..\obj\tcp_out.o
 .ARM.attributes
                0x0000072c       0x33 ..\obj\raw.o
 .ARM.attributes
                0x0000075f       0x2e c:/program files/gnu tools arm embedded/4.7 2012q4/bin/../lib/gcc/arm-none-eabi/4.7.3/../../../../arm-none-eabi/lib/armv7e-m\libg.a(lib_a-memcmp.o)
 .ARM.attributes
                0x0000078d       0x2e c:/program files/gnu tools arm embedded/4.7 2012q4/bin/../lib/gcc/arm-none-eabi/4.7.3/../../../../arm-none-eabi/lib/armv7e-m\libg.a(lib_a-memcpy.o)
 .ARM.attributes
                0x000007bb       0x2e c:/program files/gnu tools arm embedded/4.7 2012q4/bin/../lib/gcc/arm-none-eabi/4.7.3/../../../../arm-none-eabi/lib/armv7e-m\libg.a(lib_a-memset.o)
 .ARM.attributes
                0x000007e9       0x2e c:/program files/gnu tools arm embedded/4.7 2012q4/bin/../lib/gcc/arm-none-eabi/4.7.3/../../../../arm-none-eabi/lib/armv7e-m\libg.a(lib_a-rand.o)
 .ARM.attributes
                0x00000817       0x2e c:/program files/gnu tools arm embedded/4.7 2012q4/bin/../lib/gcc/arm-none-eabi/4.7.3/../../../../arm-none-eabi/lib/armv7e-m\libg.a(lib_a-strcpy.o)
 .ARM.attributes
                0x00000845       0x2e c:/program files/gnu tools arm embedded/4.7 2012q4/bin/../lib/gcc/arm-none-eabi/4.7.3/../../../../arm-none-eabi/lib/armv7e-m\libg.a(lib_a-strlen.o)
 .ARM.attributes
                0x00000873       0x2e c:/program files/gnu tools arm embedded/4.7 2012q4/bin/../lib/gcc/arm-none-eabi/4.7.3/../../../../arm-none-eabi/lib/armv7e-m\libg.a(lib_a-impure.o)

.debug_frame    0x00000000     0x3e98
 .debug_frame   0x00000000       0xbc ..\obj\stm32f4xx_syscfg.o
 .debug_frame   0x000000bc       0xc0 ..\obj\mem.o
 .debug_frame   0x0000017c       0xa0 ..\obj\delay.o
 .debug_frame   0x0000021c       0xc0 ..\obj\ws2812.o
 .debug_frame   0x000002dc      0x3b8 ..\obj\tcp.o
 .debug_frame   0x00000694       0xe4 ..\obj\tcp_in.o
 .debug_frame   0x00000778       0x64 ..\obj\memp.o
 .debug_frame   0x000007dc      0x184 ..\obj\autoip.o
 .debug_frame   0x00000960      0x110 ..\obj\ip_frag.o
 .debug_frame   0x00000a70       0x48 ..\obj\startup_stm32f4xx.o
 .debug_frame   0x00000ab8       0xc4 ..\obj\stm32f4_discovery.o
 .debug_frame   0x00000b7c      0x904 ..\obj\stm32f4x7_eth.o
 .debug_frame   0x00001480       0x2c ..\obj\ip_addr.o
 .debug_frame   0x000014ac       0x90 ..\obj\inet_chksum.o
 .debug_frame   0x0000153c       0x68 ..\obj\main.o
 .debug_frame   0x000015a4      0x4d8 ..\obj\stm32f4xx_rcc.o
 .debug_frame   0x00001a7c       0x8c ..\obj\netconf.o
 .debug_frame   0x00001b08      0x108 ..\obj\stm32f4xx_it.o
 .debug_frame   0x00001c10       0xd0 ..\obj\stm32f4x7_eth_bsp.o
 .debug_frame   0x00001ce0       0xb0 ..\obj\ethernetif.o
 .debug_frame   0x00001d90      0x1b0 ..\obj\etharp.o
 .debug_frame   0x00001f40      0x1a0 ..\obj\pbuf.o
 .debug_frame   0x000020e0       0xe4 ..\obj\inet.o
 .debug_frame   0x000021c4      0x158 ..\obj\netif.o
 .debug_frame   0x0000231c      0x19c ..\obj\stm32f4xx_gpio.o
 .debug_frame   0x000024b8       0x64 ..\obj\system_stm32f4xx.o
 .debug_frame   0x0000251c      0x224 ..\obj\stm32f4xx_dma.o
 .debug_frame   0x00002740      0x144 ..\obj\udp.o
 .debug_frame   0x00002884       0x90 ..\obj\ip.o
 .debug_frame   0x00002914       0xec ..\obj\stm32f4xx_exti.o
 .debug_frame   0x00002a00       0x90 ..\obj\icmp.o
 .debug_frame   0x00002a90       0x9c ..\obj\misc.o
 .debug_frame   0x00002b2c      0x46c ..\obj\dhcp.o
 .debug_frame   0x00002f98      0x108 ..\obj\telnetserver.o
 .debug_frame   0x000030a0      0xa3c ..\obj\stm32f4xx_tim.o
 .debug_frame   0x00003adc      0x1b8 ..\obj\tcp_out.o
 .debug_frame   0x00003c94      0x104 ..\obj\raw.o
 .debug_frame   0x00003d98       0x2c c:/program files/gnu tools arm embedded/4.7 2012q4/bin/../lib/gcc/arm-none-eabi/4.7.3/../../../../arm-none-eabi/lib/armv7e-m\libg.a(lib_a-memcmp.o)
 .debug_frame   0x00003dc4       0x30 c:/program files/gnu tools arm embedded/4.7 2012q4/bin/../lib/gcc/arm-none-eabi/4.7.3/../../../../arm-none-eabi/lib/armv7e-m\libg.a(lib_a-memcpy.o)
 .debug_frame   0x00003df4       0x2c c:/program files/gnu tools arm embedded/4.7 2012q4/bin/../lib/gcc/arm-none-eabi/4.7.3/../../../../arm-none-eabi/lib/armv7e-m\libg.a(lib_a-memset.o)
 .debug_frame   0x00003e20       0x38 c:/program files/gnu tools arm embedded/4.7 2012q4/bin/../lib/gcc/arm-none-eabi/4.7.3/../../../../arm-none-eabi/lib/armv7e-m\libg.a(lib_a-rand.o)
 .debug_frame   0x00003e58       0x20 c:/program files/gnu tools arm embedded/4.7 2012q4/bin/../lib/gcc/arm-none-eabi/4.7.3/../../../../arm-none-eabi/lib/armv7e-m\libg.a(lib_a-strcpy.o)
 .debug_frame   0x00003e78       0x20 c:/program files/gnu tools arm embedded/4.7 2012q4/bin/../lib/gcc/arm-none-eabi/4.7.3/../../../../arm-none-eabi/lib/armv7e-m\libg.a(lib_a-strlen.o)
