Archive member included because of file (symbol)

c:/program files/gnu tools arm embedded/4.7 2012q4/bin/../lib/gcc/arm-none-eabi/4.7.3/../../../../arm-none-eabi/lib/armv7e-m\libg.a(lib_a-memcmp.o)
                              ..\obj\autoip.o (memcmp)
c:/program files/gnu tools arm embedded/4.7 2012q4/bin/../lib/gcc/arm-none-eabi/4.7.3/../../../../arm-none-eabi/lib/armv7e-m\libg.a(lib_a-memcpy.o)
                              ..\obj\ip_frag.o (memcpy)
c:/program files/gnu tools arm embedded/4.7 2012q4/bin/../lib/gcc/arm-none-eabi/4.7.3/../../../../arm-none-eabi/lib/armv7e-m\libg.a(lib_a-memset.o)
                              ..\obj\mem.o (memset)
c:/program files/gnu tools arm embedded/4.7 2012q4/bin/../lib/gcc/arm-none-eabi/4.7.3/../../../../arm-none-eabi/lib/armv7e-m\libg.a(lib_a-puts.o)
                              ..\obj\tcp_echoserver.o (puts)
c:/program files/gnu tools arm embedded/4.7 2012q4/bin/../lib/gcc/arm-none-eabi/4.7.3/../../../../arm-none-eabi/lib/armv7e-m\libg.a(lib_a-strlen.o)
                              c:/program files/gnu tools arm embedded/4.7 2012q4/bin/../lib/gcc/arm-none-eabi/4.7.3/../../../../arm-none-eabi/lib/armv7e-m\libg.a(lib_a-puts.o) (strlen)
c:/program files/gnu tools arm embedded/4.7 2012q4/bin/../lib/gcc/arm-none-eabi/4.7.3/../../../../arm-none-eabi/lib/armv7e-m\libg.a(lib_a-fvwrite.o)
                              c:/program files/gnu tools arm embedded/4.7 2012q4/bin/../lib/gcc/arm-none-eabi/4.7.3/../../../../arm-none-eabi/lib/armv7e-m\libg.a(lib_a-puts.o) (__sfvwrite_r)
c:/program files/gnu tools arm embedded/4.7 2012q4/bin/../lib/gcc/arm-none-eabi/4.7.3/../../../../arm-none-eabi/lib/armv7e-m\libg.a(lib_a-impure.o)
                              c:/program files/gnu tools arm embedded/4.7 2012q4/bin/../lib/gcc/arm-none-eabi/4.7.3/../../../../arm-none-eabi/lib/armv7e-m\libg.a(lib_a-puts.o) (_impure_ptr)
c:/program files/gnu tools arm embedded/4.7 2012q4/bin/../lib/gcc/arm-none-eabi/4.7.3/../../../../arm-none-eabi/lib/armv7e-m\libg.a(lib_a-mallocr.o)
                              c:/program files/gnu tools arm embedded/4.7 2012q4/bin/../lib/gcc/arm-none-eabi/4.7.3/../../../../arm-none-eabi/lib/armv7e-m\libg.a(lib_a-fvwrite.o) (_malloc_r)
c:/program files/gnu tools arm embedded/4.7 2012q4/bin/../lib/gcc/arm-none-eabi/4.7.3/../../../../arm-none-eabi/lib/armv7e-m\libg.a(lib_a-memchr.o)
                              c:/program files/gnu tools arm embedded/4.7 2012q4/bin/../lib/gcc/arm-none-eabi/4.7.3/../../../../arm-none-eabi/lib/armv7e-m\libg.a(lib_a-fvwrite.o) (memchr)
c:/program files/gnu tools arm embedded/4.7 2012q4/bin/../lib/gcc/arm-none-eabi/4.7.3/../../../../arm-none-eabi/lib/armv7e-m\libg.a(lib_a-memmove.o)
                              c:/program files/gnu tools arm embedded/4.7 2012q4/bin/../lib/gcc/arm-none-eabi/4.7.3/../../../../arm-none-eabi/lib/armv7e-m\libg.a(lib_a-fvwrite.o) (memmove)
c:/program files/gnu tools arm embedded/4.7 2012q4/bin/../lib/gcc/arm-none-eabi/4.7.3/../../../../arm-none-eabi/lib/armv7e-m\libg.a(lib_a-mlock.o)
                              c:/program files/gnu tools arm embedded/4.7 2012q4/bin/../lib/gcc/arm-none-eabi/4.7.3/../../../../arm-none-eabi/lib/armv7e-m\libg.a(lib_a-mallocr.o) (__malloc_lock)
c:/program files/gnu tools arm embedded/4.7 2012q4/bin/../lib/gcc/arm-none-eabi/4.7.3/../../../../arm-none-eabi/lib/armv7e-m\libg.a(lib_a-reallocr.o)
                              c:/program files/gnu tools arm embedded/4.7 2012q4/bin/../lib/gcc/arm-none-eabi/4.7.3/../../../../arm-none-eabi/lib/armv7e-m\libg.a(lib_a-fvwrite.o) (_realloc_r)
c:/program files/gnu tools arm embedded/4.7 2012q4/bin/../lib/gcc/arm-none-eabi/4.7.3/../../../../arm-none-eabi/lib/armv7e-m\libg.a(lib_a-sbrkr.o)
                              c:/program files/gnu tools arm embedded/4.7 2012q4/bin/../lib/gcc/arm-none-eabi/4.7.3/../../../../arm-none-eabi/lib/armv7e-m\libg.a(lib_a-mallocr.o) (_sbrk_r)
c:/program files/gnu tools arm embedded/4.7 2012q4/bin/../lib/gcc/arm-none-eabi/4.7.3/../../../../arm-none-eabi/lib/armv7e-m\libg.a(lib_a-wsetup.o)
                              c:/program files/gnu tools arm embedded/4.7 2012q4/bin/../lib/gcc/arm-none-eabi/4.7.3/../../../../arm-none-eabi/lib/armv7e-m\libg.a(lib_a-fvwrite.o) (__swsetup_r)
c:/program files/gnu tools arm embedded/4.7 2012q4/bin/../lib/gcc/arm-none-eabi/4.7.3/../../../../arm-none-eabi/lib/armv7e-m\libg.a(lib_a-fflush.o)
                              c:/program files/gnu tools arm embedded/4.7 2012q4/bin/../lib/gcc/arm-none-eabi/4.7.3/../../../../arm-none-eabi/lib/armv7e-m\libg.a(lib_a-fvwrite.o) (_fflush_r)
c:/program files/gnu tools arm embedded/4.7 2012q4/bin/../lib/gcc/arm-none-eabi/4.7.3/../../../../arm-none-eabi/lib/armv7e-m\libg.a(lib_a-findfp.o)
                              c:/program files/gnu tools arm embedded/4.7 2012q4/bin/../lib/gcc/arm-none-eabi/4.7.3/../../../../arm-none-eabi/lib/armv7e-m\libg.a(lib_a-wsetup.o) (__sinit)
[...]
Memory Configuration

Name             Origin             Length             Attributes
rom              0x08000000         0x00100000         xr
ram              0x20000000         0x00020000         xrw
ram1             0x10000000         0x00010000         xrw
*default*        0x00000000         0xffffffff

Linker script and memory map

                0x20020000                _eram = 0x20020000

.text           0x08000000     0xe844
 *(.isr_vector .isr_vector.*)
 .isr_vector    0x08000000      0x188 ..\obj\startup_stm32f4xx.o
                0x08000000                g_pfnVectors
 *(.text .text.* .gnu.linkonce.t.*)
 .text.SYSCFG_EXTILineConfig
                0x08000188       0xb0 ..\obj\stm32f4xx_syscfg.o
                0x08000188                SYSCFG_EXTILineConfig
 .text.SYSCFG_ETH_MediaInterfaceConfig
                0x08000238       0x20 ..\obj\stm32f4xx_syscfg.o
                0x08000238                SYSCFG_ETH_MediaInterfaceConfig
 .text.plug_holes
                0x08000258       0xf4 ..\obj\mem.o
 .text.mem_init
                0x0800034c       0xbc ..\obj\mem.o
                0x0800034c                mem_init
 .text.mem_free
                0x08000408       0x80 ..\obj\mem.o
                0x08000408                mem_free
 .text.mem_realloc
                0x08000488      0x1d8 ..\obj\mem.o
                0x08000488                mem_realloc
 .text.mem_malloc
                0x08000660      0x1b4 ..\obj\mem.o
                0x08000660                mem_malloc
 .text.NVIC_SetPriority
                0x08000814       0x5c ..\obj\delay.o
 .text.SysTick_Config
                0x08000870       0x64 ..\obj\delay.o
 .text.init_systick
                0x080008d4       0x38 ..\obj\delay.o
                0x080008d4                init_systick
 .text.delay_ms
                0x0800090c       0x34 ..\obj\delay.o
                0x0800090c                delay_ms
 .text.Time_Update
                0x08000940       0x24 ..\obj\delay.o
                0x08000940                Time_Update
 .text.start_dma
                0x08000964       0x40 ..\obj\ws2812.o
 .text.init_buffers
                0x080009a4       0x94 ..\obj\ws2812.o
 .text.ws2812_init
                0x08000a38      0x1a4 ..\obj\ws2812.o
                0x08000a38                ws2812_init
 .text.color2pwm
                0x08000bdc       0x58 ..\obj\ws2812.o
 .text.Update_Buffer
                0x08000c34      0x150 ..\obj\ws2812.o
                0x08000c34                Update_Buffer
 .text.DMA1_Stream2_IRQHandler
                0x08000d84       0x78 ..\obj\ws2812.o
                0x08000d84                DMA1_Stream2_IRQHandler
 .text.tcp_tmr  0x08000dfc       0x3c ..\obj\tcp.o
                0x08000dfc                tcp_tmr
 .text.tcp_close
                0x08000e38      0x1c4 ..\obj\tcp.o
                0x08000e38                tcp_close
 .text.tcp_abandon
                0x08000ffc       0xec ..\obj\tcp.o
                0x08000ffc                tcp_abandon
 .text.tcp_bind
                0x080010e8      0x19c ..\obj\tcp.o
                0x080010e8                tcp_bind
 .text.tcp_accept_null
                0x08001284       0x20 ..\obj\tcp.o
 .text.tcp_listen_with_backlog
                0x080012a4      0x158 ..\obj\tcp.o
                0x080012a4                tcp_listen_with_backlog
 .text.tcp_update_rcv_ann_wnd
                0x080013fc       0x88 ..\obj\tcp.o
                0x080013fc                tcp_update_rcv_ann_wnd
 .text.tcp_recved
                0x08001484       0x64 ..\obj\tcp.o
                0x08001484                tcp_recved
 .text.tcp_new_port
                0x080014e8       0xe8 ..\obj\tcp.o
 .text.tcp_slowtmr
                0x080015d0      0x44c ..\obj\tcp.o
                0x080015d0                tcp_slowtmr
 .text.tcp_fasttmr
                0x08001a1c       0xbc ..\obj\tcp.o
                0x08001a1c                tcp_fasttmr
 .text.tcp_segs_free
                0x08001ad8       0x3c ..\obj\tcp.o
                0x08001ad8                tcp_segs_free
 .text.tcp_seg_free
                0x08001b14       0x40 ..\obj\tcp.o
                0x08001b14                tcp_seg_free
 .text.tcp_setprio
                0x08001b54       0x1c ..\obj\tcp.o
                0x08001b54                tcp_setprio
 .text.tcp_recv_null
                0x08001b70       0x4c ..\obj\tcp.o
                0x08001b70                tcp_recv_null
 .text.tcp_kill_prio
                0x08001bbc       0x94 ..\obj\tcp.o
 .text.tcp_kill_timewait
                0x08001c50       0x70 ..\obj\tcp.o
 .text.tcp_alloc
                0x08001cc0      0x130 ..\obj\tcp.o
                0x08001cc0                tcp_alloc
 .text.tcp_new  0x08001df0       0x14 ..\obj\tcp.o
                0x08001df0                tcp_new
 .text.tcp_arg  0x08001e04       0x1c ..\obj\tcp.o
                0x08001e04                tcp_arg
 .text.tcp_recv
                0x08001e20       0x1c ..\obj\tcp.o
                0x08001e20                tcp_recv
 .text.tcp_sent
                0x08001e3c       0x1c ..\obj\tcp.o
                0x08001e3c                tcp_sent
 .text.tcp_err  0x08001e58       0x1c ..\obj\tcp.o
                0x08001e58                tcp_err
 .text.tcp_accept
                0x08001e74       0x1c ..\obj\tcp.o
                0x08001e74                tcp_accept
 .text.tcp_poll
                0x08001e90       0x28 ..\obj\tcp.o
                0x08001e90                tcp_poll
 .text.tcp_pcb_purge
                0x08001eb8       0x68 ..\obj\tcp.o
                0x08001eb8                tcp_pcb_purge
 .text.tcp_pcb_remove
                0x08001f20       0xd4 ..\obj\tcp.o
                0x08001f20                tcp_pcb_remove
 .text.tcp_next_iss
                0x08001ff4       0x38 ..\obj\tcp.o
                0x08001ff4                tcp_next_iss
 .text.tcp_eff_send_mss
                0x0800202c       0x44 ..\obj\tcp.o
                0x0800202c                tcp_eff_send_mss
 .text.tcp_input
                0x08002070      0x774 ..\obj\tcp_in.o
                0x08002070                tcp_input
 .text.tcp_listen_input
                0x080027e4      0x21c ..\obj\tcp_in.o
 .text.tcp_timewait_input
                0x08002a00      0x124 ..\obj\tcp_in.o
 .text.tcp_process
                0x08002b24      0x8e0 ..\obj\tcp_in.o
 .text.tcp_receive
                0x08003404      0xa60 ..\obj\tcp_in.o
 .text.tcp_parseopt
                0x08003e64      0x134 ..\obj\tcp_in.o
 .text.memp_init
                0x08003f98       0xbc ..\obj\memp.o
                0x08003f98                memp_init
 .text.memp_malloc
                0x08004054       0x4c ..\obj\memp.o
                0x08004054                memp_malloc
 .text.memp_free
                0x080040a0       0x48 ..\obj\memp.o
                0x080040a0                memp_free
 .text.autoip_handle_arp_conflict
                0x080040e8       0x48 ..\obj\autoip.o
 .text.autoip_create_addr
                0x08004130       0x98 ..\obj\autoip.o
 .text.autoip_arp_announce
                0x080041c8       0x50 ..\obj\autoip.o
 .text.autoip_start
                0x08004218       0xcc ..\obj\autoip.o
                0x08004218                autoip_start
 .text.autoip_start_probing
                0x080042e4       0x9c ..\obj\autoip.o
 .text.autoip_arp_reply
                0x08004380       0xfc ..\obj\autoip.o
                0x08004380                autoip_arp_reply
 .text.ip_reass_free_complete_datagram
                0x0800447c       0xcc ..\obj\ip_frag.o
 .text.ip_reass_remove_oldest_datagram
                0x08004548       0xc4 ..\obj\ip_frag.o
 .text.ip_reass_enqueue_new_datagram
                0x0800460c       0x90 ..\obj\ip_frag.o
 .text.ip_reass_dequeue_datagram
                0x0800469c       0x44 ..\obj\ip_frag.o
 .text.ip_reass_chain_frag_into_datagram_and_validate
                0x080046e0      0x23c ..\obj\ip_frag.o
 .text.ip_reass
                0x0800491c      0x2bc ..\obj\ip_frag.o
                0x0800491c                ip_reass
 .text.ip_frag  0x08004bd8      0x1e0 ..\obj\ip_frag.o
                0x08004bd8                ip_frag
 .text.Default_Reset_Handler
                0x08004db8       0x6c ..\obj\startup_stm32f4xx.o
                0x08004db8                Default_Reset_Handler
                0x08004db8                Reset_Handler
 .text.Default_Handler
                0x08004e24        0x8 ..\obj\startup_stm32f4xx.o
                0x08004e24                RTC_Alarm_IRQHandler
                0x08004e24                HASH_RNG_IRQHandler
                0x08004e24                EXTI2_IRQHandler
                0x08004e24                TIM8_CC_IRQHandler
                0x08004e24                TIM1_CC_IRQHandler
                0x08004e24                DMA2_Stream5_IRQHandler
                0x08004e24                DMA1_Stream5_IRQHandler
                0x08004e24                PVD_IRQHandler
                0x08004e24                SDIO_IRQHandler
                0x08004e24                TAMP_STAMP_IRQHandler
                0x08004e24                CAN2_RX1_IRQHandler
                0x08004e24                EXTI3_IRQHandler
                0x08004e24                TIM8_TRG_COM_TIM14_IRQHandler
                0x08004e24                TIM1_UP_TIM10_IRQHandler
                0x08004e24                TIM8_UP_TIM13_IRQHandler
                0x08004e24                I2C3_ER_IRQHandler
                0x08004e24                EXTI0_IRQHandler
                0x08004e24                I2C2_EV_IRQHandler
                0x08004e24                CAN1_RX0_IRQHandler
                0x08004e24                FPU_IRQHandler
                0x08004e24                OTG_HS_WKUP_IRQHandler
                0x08004e24                CAN2_SCE_IRQHandler
                0x08004e24                DMA2_Stream2_IRQHandler
                0x08004e24                SPI1_IRQHandler
                0x08004e24                TIM6_DAC_IRQHandler
                0x08004e24                TIM1_BRK_TIM9_IRQHandler
                0x08004e24                DCMI_IRQHandler
                0x08004e24                CAN2_RX0_IRQHandler
                0x08004e24                DMA2_Stream3_IRQHandler
                0x08004e24                USART6_IRQHandler
                0x08004e24                USART3_IRQHandler
                0x08004e24                CRYP_IRQHandler
                0x08004e24                CAN1_RX1_IRQHandler
                0x08004e24                UART5_IRQHandler
                0x08004e24                DMA2_Stream0_IRQHandler
                0x08004e24                TIM4_IRQHandler
                0x08004e24                I2C1_EV_IRQHandler
                0x08004e24                DMA1_Stream6_IRQHandler
                0x08004e24                DMA1_Stream1_IRQHandler
                0x08004e24                UART4_IRQHandler
                0x08004e24                TIM3_IRQHandler
                0x08004e24                RCC_IRQHandler
                0x08004e24                TIM8_BRK_TIM12_IRQHandler
                0x08004e24                ADC_IRQHandler
                0x08004e24                DMA1_Stream7_IRQHandler
                0x08004e24                TIM7_IRQHandler
                0x08004e24                CAN2_TX_IRQHandler
                0x08004e24                TIM5_IRQHandler
                0x08004e24                DMA2_Stream7_IRQHandler
                0x08004e24                I2C3_EV_IRQHandler
                0x08004e24                EXTI9_5_IRQHandler
                0x08004e24                RTC_WKUP_IRQHandler
                0x08004e24                ETH_WKUP_IRQHandler
                0x08004e24                SPI2_IRQHandler
                0x08004e24                OTG_HS_EP1_IN_IRQHandler
                0x08004e24                DMA1_Stream0_IRQHandler
                0x08004e24                CAN1_TX_IRQHandler
                0x08004e24                EXTI4_IRQHandler
                0x08004e24                FSMC_IRQHandler
                0x08004e24                ETH_IRQHandler
                0x08004e24                OTG_HS_EP1_OUT_IRQHandler
                0x08004e24                WWDG_IRQHandler
                0x08004e24                TIM2_IRQHandler
                0x08004e24                OTG_FS_WKUP_IRQHandler
                0x08004e24                TIM1_TRG_COM_TIM11_IRQHandler
                0x08004e24                OTG_HS_IRQHandler
                0x08004e24                EXTI1_IRQHandler
                0x08004e24                USART2_IRQHandler
                0x08004e24                I2C2_ER_IRQHandler
                0x08004e24                DMA2_Stream1_IRQHandler
                0x08004e24                CAN1_SCE_IRQHandler
                0x08004e24                FLASH_IRQHandler
                0x08004e24                DMA2_Stream4_IRQHandler
                0x08004e24                USART1_IRQHandler
                0x08004e24                OTG_FS_IRQHandler
                0x08004e24                SPI3_IRQHandler
                0x08004e24                DMA1_Stream4_IRQHandler
                0x08004e24                I2C1_ER_IRQHandler
                0x08004e24                DMA2_Stream6_IRQHandler
                0x08004e24                DMA1_Stream3_IRQHandler
 .text.STM_EVAL_LEDInit
                0x08004e2c       0x6c ..\obj\stm32f4_discovery.o
                0x08004e2c                STM_EVAL_LEDInit
 .text.STM_EVAL_LEDOn
                0x08004e98       0x34 ..\obj\stm32f4_discovery.o
                0x08004e98                STM_EVAL_LEDOn
 .text.ETH_Delay
                0x08004ecc       0x2c ..\obj\stm32f4x7_eth.o
 .text.ETH_DeInit
                0x08004ef8       0x20 ..\obj\stm32f4x7_eth.o
                0x08004ef8                ETH_DeInit
 .text.ETH_StructInit
                0x08004f18      0x1a8 ..\obj\stm32f4x7_eth.o
                0x08004f18                ETH_StructInit
 .text.ETH_Init
                0x080050c0      0x474 ..\obj\stm32f4x7_eth.o
                0x080050c0                ETH_Init
 .text.ETH_Start
                0x08005534       0x2c ..\obj\stm32f4x7_eth.o
                0x08005534                ETH_Start
 .text.ETH_MACTransmissionCmd
                0x08005560       0x4c ..\obj\stm32f4x7_eth.o
                0x08005560                ETH_MACTransmissionCmd
 .text.ETH_MACReceptionCmd
                0x080055ac       0x4c ..\obj\stm32f4x7_eth.o
                0x080055ac                ETH_MACReceptionCmd
 .text.ETH_MACAddressConfig
                0x080055f8       0x7c ..\obj\stm32f4x7_eth.o
                0x080055f8                ETH_MACAddressConfig
 .text.ETH_Get_Received_Frame
                0x08005674       0xb0 ..\obj\stm32f4x7_eth.o
                0x08005674                ETH_Get_Received_Frame
 .text.ETH_Prepare_Transmit_Descriptors
                0x08005724      0x1f4 ..\obj\stm32f4x7_eth.o
                0x08005724                ETH_Prepare_Transmit_Descriptors
 .text.ETH_DMARxDescChainInit
                0x08005918       0xc0 ..\obj\stm32f4x7_eth.o
                0x08005918                ETH_DMARxDescChainInit
 .text.ETH_CheckFrameReceived
                0x080059d8      0x14c ..\obj\stm32f4x7_eth.o
                0x080059d8                ETH_CheckFrameReceived
 .text.ETH_DMATxDescChainInit
                0x08005b24       0xa4 ..\obj\stm32f4x7_eth.o
                0x08005b24                ETH_DMATxDescChainInit
 .text.ETH_DMATxDescChecksumInsertionConfig
                0x08005bc8       0x20 ..\obj\stm32f4x7_eth.o
                0x08005bc8                ETH_DMATxDescChecksumInsertionConfig
 .text.ETH_SoftwareReset
                0x08005be8       0x2c ..\obj\stm32f4x7_eth.o
                0x08005be8                ETH_SoftwareReset
 .text.ETH_GetSoftwareResetStatus
                0x08005c14       0x40 ..\obj\stm32f4x7_eth.o
                0x08005c14                ETH_GetSoftwareResetStatus
 .text.ETH_FlushTransmitFIFO
                0x08005c54       0x34 ..\obj\stm32f4x7_eth.o
                0x08005c54                ETH_FlushTransmitFIFO
 .text.ETH_DMATransmissionCmd
                0x08005c88       0x6c ..\obj\stm32f4x7_eth.o
                0x08005c88                ETH_DMATransmissionCmd
 .text.ETH_DMAReceptionCmd
                0x08005cf4       0x6c ..\obj\stm32f4x7_eth.o
                0x08005cf4                ETH_DMAReceptionCmd
 .text.ETH_ReadPHYRegister
                0x08005d60       0xc8 ..\obj\stm32f4x7_eth.o
                0x08005d60                ETH_ReadPHYRegister
 .text.ETH_WritePHYRegister
                0x08005e28       0xd0 ..\obj\stm32f4x7_eth.o
                0x08005e28                ETH_WritePHYRegister
 .text.ip_addr_isbroadcast
                0x08005ef8       0x8c ..\obj\ip_addr.o
                0x08005ef8                ip_addr_isbroadcast
 .text.lwip_standard_chksum
                0x08005f84       0xb8 ..\obj\inet_chksum.o
 .text.inet_chksum
                0x0800603c       0x28 ..\obj\inet_chksum.o
                0x0800603c                inet_chksum
 .text.inet_chksum_pbuf
                0x08006064       0xbc ..\obj\inet_chksum.o
                0x08006064                inet_chksum_pbuf
 .text.main     0x08006120       0x4c ..\obj\main.o
                0x08006120                main
 .text.LED_Init
                0x0800616c       0x48 ..\obj\main.o
                0x0800616c                LED_Init
 .text.DRAW_LED
                0x080061b4      0xb9c ..\obj\main.o
                0x080061b4                DRAW_LED
 .text.RCC_GetClocksFreq
                0x08006d50      0x1cc ..\obj\stm32f4xx_rcc.o
                0x08006d50                RCC_GetClocksFreq
 .text.RCC_AHB1PeriphClockCmd
                0x08006f1c       0x54 ..\obj\stm32f4xx_rcc.o
                0x08006f1c                RCC_AHB1PeriphClockCmd
 .text.RCC_APB1PeriphClockCmd
                0x08006f70       0x54 ..\obj\stm32f4xx_rcc.o
                0x08006f70                RCC_APB1PeriphClockCmd
 .text.RCC_APB2PeriphClockCmd
                0x08006fc4       0x54 ..\obj\stm32f4xx_rcc.o
                0x08006fc4                RCC_APB2PeriphClockCmd
 .text.RCC_AHB1PeriphResetCmd
                0x08007018       0x54 ..\obj\stm32f4xx_rcc.o
                0x08007018                RCC_AHB1PeriphResetCmd
 .text.LwIP_Init
                0x0800706c       0x90 ..\obj\netconf.o
                0x0800706c                LwIP_Init
 .text.LwIP_Pkt_Handle
                0x080070fc       0x14 ..\obj\netconf.o
                0x080070fc                LwIP_Pkt_Handle
 .text.LwIP_Periodic_Handle
                0x08007110       0x58 ..\obj\netconf.o
                0x08007110                LwIP_Periodic_Handle
 .text.NMI_Handler
                0x08007168        0xc ..\obj\stm32f4xx_it.o
                0x08007168                NMI_Handler
 .text.HardFault_Handler
                0x08007174        0x8 ..\obj\stm32f4xx_it.o
                0x08007174                HardFault_Handler
 .text.MemManage_Handler
                0x0800717c        0x8 ..\obj\stm32f4xx_it.o
                0x0800717c                MemManage_Handler
 .text.BusFault_Handler
                0x08007184        0x8 ..\obj\stm32f4xx_it.o
                0x08007184                BusFault_Handler
 .text.UsageFault_Handler
                0x0800718c        0x8 ..\obj\stm32f4xx_it.o
                0x0800718c                UsageFault_Handler
 .text.SVC_Handler
                0x08007194        0xc ..\obj\stm32f4xx_it.o
                0x08007194                SVC_Handler
 .text.DebugMon_Handler
                0x080071a0        0xc ..\obj\stm32f4xx_it.o
                0x080071a0                DebugMon_Handler
 .text.PendSV_Handler
                0x080071ac        0xc ..\obj\stm32f4xx_it.o
                0x080071ac                PendSV_Handler
 .text.SysTick_Handler
                0x080071b8        0xc ..\obj\stm32f4xx_it.o
                0x080071b8                SysTick_Handler
 .text.EXTI15_10_IRQHandler
                0x080071c4       0x24 ..\obj\stm32f4xx_it.o
                0x080071c4                EXTI15_10_IRQHandler
 .text.tcp_echoserver_init
                0x080071e8       0xa8 ..\obj\tcp_echoserver.o
                0x080071e8                tcp_echoserver_init
 .text.tcp_echoserver_accept
                0x08007290       0x90 ..\obj\tcp_echoserver.o
 .text.tcp_echoserver_recv
                0x08007320      0x10c ..\obj\tcp_echoserver.o
 .text.tcp_echoserver_error
                0x0800742c       0x24 ..\obj\tcp_echoserver.o
 .text.tcp_echoserver_poll
                0x08007450       0x5c ..\obj\tcp_echoserver.o
 .text.tcp_echoserver_sent
                0x080074ac       0x44 ..\obj\tcp_echoserver.o
 .text.tcp_echoserver_send
                0x080074f0       0xa4 ..\obj\tcp_echoserver.o
 .text.tcp_echoserver_connection_close
                0x08007594       0x5c ..\obj\tcp_echoserver.o
 .text.ETH_BSP_Config
                0x080075f0       0x44 ..\obj\stm32f4x7_eth_bsp.o
                0x080075f0                ETH_BSP_Config
 .text.ETH_MACDMA_Config
                0x08007634       0xe0 ..\obj\stm32f4x7_eth_bsp.o
 .text.ETH_GPIO_Config
                0x08007714      0x144 ..\obj\stm32f4x7_eth_bsp.o
 .text.Eth_Link_PHYITConfig
                0x08007858       0x8c ..\obj\stm32f4x7_eth_bsp.o
                0x08007858                Eth_Link_PHYITConfig
 .text.Eth_Link_EXTIConfig
                0x080078e4       0xa4 ..\obj\stm32f4x7_eth_bsp.o
                0x080078e4                Eth_Link_EXTIConfig
 .text.Eth_Link_ITHandler
                0x08007988       0x44 ..\obj\stm32f4x7_eth_bsp.o
                0x08007988                Eth_Link_ITHandler
 .text.low_level_init
                0x080079cc       0xdc ..\obj\ethernetif.o
 .text.low_level_output
                0x08007aa8       0x6c ..\obj\ethernetif.o
 .text.low_level_input
                0x08007b14      0x130 ..\obj\ethernetif.o
 .text.ethernetif_input
                0x08007c44       0x4c ..\obj\ethernetif.o
                0x08007c44                ethernetif_input
 .text.ethernetif_init
                0x08007c90       0x4c ..\obj\ethernetif.o
                0x08007c90                ethernetif_init
 .text.free_etharp_q
                0x08007cdc       0x38 ..\obj\etharp.o
 .text.etharp_tmr
                0x08007d14      0x17c ..\obj\etharp.o
                0x08007d14                etharp_tmr
 .text.find_entry
                0x08007e90      0x3f8 ..\obj\etharp.o
 .text.etharp_send_ip
                0x08008288       0x6c ..\obj\etharp.o
 .text.update_arp_entry
                0x080082f4      0x1ac ..\obj\etharp.o
 .text.etharp_ip_input
                0x080084a0       0x58 ..\obj\etharp.o
                0x080084a0                etharp_ip_input
 .text.etharp_arp_input
                0x080084f8      0x220 ..\obj\etharp.o
                0x080084f8                etharp_arp_input
 .text.etharp_output
                0x08008718      0x114 ..\obj\etharp.o
                0x08008718                etharp_output
 .text.etharp_query
                0x0800882c      0x2dc ..\obj\etharp.o
                0x0800882c                etharp_query
 .text.etharp_raw
                0x08008b08      0x15c ..\obj\etharp.o
                0x08008b08                etharp_raw
 .text.etharp_request
                0x08008c64       0x50 ..\obj\etharp.o
                0x08008c64                etharp_request
 .text.ethernet_input
                0x08008cb4       0x94 ..\obj\etharp.o
                0x08008cb4                ethernet_input
 .text.pbuf_alloc
                0x08008d48      0x234 ..\obj\pbuf.o
                0x08008d48                pbuf_alloc
 .text.pbuf_realloc
                0x08008f7c       0xcc ..\obj\pbuf.o
                0x08008f7c                pbuf_realloc
 .text.pbuf_header
                0x08009048       0xf4 ..\obj\pbuf.o
                0x08009048                pbuf_header
 .text.pbuf_free
                0x0800913c       0xb0 ..\obj\pbuf.o
                0x0800913c                pbuf_free
 .text.pbuf_clen
                0x080091ec       0x34 ..\obj\pbuf.o
                0x080091ec                pbuf_clen
 .text.pbuf_ref
                0x08009220       0x28 ..\obj\pbuf.o
                0x08009220                pbuf_ref
 .text.pbuf_cat
                0x08009248       0x5c ..\obj\pbuf.o
                0x08009248                pbuf_cat
 .text.pbuf_chain
                0x080092a4       0x20 ..\obj\pbuf.o
                0x080092a4                pbuf_chain
 .text.pbuf_copy
                0x080092c4      0x110 ..\obj\pbuf.o
                0x080092c4                pbuf_copy
 .text.pbuf_copy_partial
                0x080093d4       0xd4 ..\obj\pbuf.o
                0x080093d4                pbuf_copy_partial
 .text.htons    0x080094a8       0x30 ..\obj\inet.o
                0x080094a8                htons
 .text.ntohs    0x080094d8       0x20 ..\obj\inet.o
                0x080094d8                ntohs
 .text.htonl    0x080094f8       0x3c ..\obj\inet.o
                0x080094f8                htonl
 .text.ntohl    0x08009534       0x1c ..\obj\inet.o
                0x08009534                ntohl
 .text.netif_add
                0x08009550       0xb4 ..\obj\netif.o
                0x08009550                netif_add
 .text.netif_set_addr
                0x08009604       0x30 ..\obj\netif.o
                0x08009604                netif_set_addr
 .text.netif_set_ipaddr
                0x08009634       0xb8 ..\obj\netif.o
                0x08009634                netif_set_ipaddr
 .text.netif_set_gw
                0x080096ec       0x28 ..\obj\netif.o
                0x080096ec                netif_set_gw
 .text.netif_set_netmask
                0x08009714       0x28 ..\obj\netif.o
                0x08009714                netif_set_netmask
 .text.netif_set_default
                0x0800973c       0x20 ..\obj\netif.o
                0x0800973c                netif_set_default
 .text.netif_set_up
                0x0800975c       0x4c ..\obj\netif.o
                0x0800975c                netif_set_up
 .text.netif_set_down
                0x080097a8       0x34 ..\obj\netif.o
                0x080097a8                netif_set_down
 .text.netif_is_up
                0x080097dc       0x28 ..\obj\netif.o
                0x080097dc                netif_is_up
 .text.GPIO_Init
                0x08009804      0x144 ..\obj\stm32f4xx_gpio.o
                0x08009804                GPIO_Init
 .text.GPIO_PinAFConfig
                0x08009948       0xa8 ..\obj\stm32f4xx_gpio.o
                0x08009948                GPIO_PinAFConfig
 .text.SystemInit
                0x080099f0       0x94 ..\obj\system_stm32f4xx.o
                0x080099f0                SystemInit
 .text.SetSysClock
                0x08009a84      0x1e0 ..\obj\system_stm32f4xx.o
 .text._sbrk    0x08009c64       0x5c ..\obj\syscalls.o
                0x08009c64                _sbrk
 .text._close   0x08009cc0       0x18 ..\obj\syscalls.o
                0x08009cc0                _close
 .text._fstat   0x08009cd8       0x24 ..\obj\syscalls.o
                0x08009cd8                _fstat
 .text._isatty  0x08009cfc       0x18 ..\obj\syscalls.o
                0x08009cfc                _isatty
 .text._lseek   0x08009d14       0x1c ..\obj\syscalls.o
                0x08009d14                _lseek
 .text._read    0x08009d30       0x1c ..\obj\syscalls.o
                0x08009d30                _read
 .text._write   0x08009d4c       0x1c ..\obj\syscalls.o
                0x08009d4c                _write
 .text.DMA_Init
                0x08009d68       0xb0 ..\obj\stm32f4xx_dma.o
                0x08009d68                DMA_Init
 .text.DMA_Cmd  0x08009e18       0x38 ..\obj\stm32f4xx_dma.o
                0x08009e18                DMA_Cmd
 .text.DMA_ITConfig
                0x08009e50       0x74 ..\obj\stm32f4xx_dma.o
                0x08009e50                DMA_ITConfig
 .text.DMA_GetITStatus
                0x08009ec4       0xc0 ..\obj\stm32f4xx_dma.o
                0x08009ec4                DMA_GetITStatus
 .text.DMA_ClearITPendingBit
                0x08009f84       0x60 ..\obj\stm32f4xx_dma.o
                0x08009f84                DMA_ClearITPendingBit
 .text.udp_input
                0x08009fe4      0x2c8 ..\obj\udp.o
                0x08009fe4                udp_input
 .text.udp_sendto_if
                0x0800a2ac      0x140 ..\obj\udp.o
                0x0800a2ac                udp_sendto_if
 .text.udp_bind
                0x0800a3ec       0xe4 ..\obj\udp.o
                0x0800a3ec                udp_bind
 .text.ip_route
                0x0800a4d0       0x84 ..\obj\ip.o
                0x0800a4d0                ip_route
 .text.ip_input
                0x0800a554      0x2b4 ..\obj\ip.o
                0x0800a554                ip_input
 .text.ip_output_if
                0x0800a808      0x1c8 ..\obj\ip.o
                0x0800a808                ip_output_if
 .text.ip_output
                0x0800a9d0       0x4c ..\obj\ip.o
                0x0800a9d0                ip_output
 .text.EXTI_Init
                0x0800aa1c      0x138 ..\obj\stm32f4xx_exti.o
                0x0800aa1c                EXTI_Init
 .text.EXTI_GetITStatus
                0x0800ab54       0x58 ..\obj\stm32f4xx_exti.o
                0x0800ab54                EXTI_GetITStatus
 .text.EXTI_ClearITPendingBit
                0x0800abac       0x20 ..\obj\stm32f4xx_exti.o
                0x0800abac                EXTI_ClearITPendingBit
 .text.icmp_input
                0x0800abcc      0x238 ..\obj\icmp.o
                0x0800abcc                icmp_input
 .text.icmp_dest_unreach
                0x0800ae04       0x24 ..\obj\icmp.o
                0x0800ae04                icmp_dest_unreach
 .text.icmp_time_exceeded
                0x0800ae28       0x24 ..\obj\icmp.o
                0x0800ae28                icmp_time_exceeded
 .text.icmp_send_response
                0x0800ae4c       0xcc ..\obj\icmp.o
 .text.NVIC_PriorityGroupConfig
                0x0800af18       0x28 ..\obj\misc.o
                0x0800af18                NVIC_PriorityGroupConfig
 .text.NVIC_Init
                0x0800af40       0xe4 ..\obj\misc.o
                0x0800af40                NVIC_Init
 .text.SysTick_CLKSourceConfig
                0x0800b024       0x4c ..\obj\misc.o
                0x0800b024                SysTick_CLKSourceConfig
 .text.dhcp_arp_reply
                0x0800b070       0x40 ..\obj\dhcp.o
                0x0800b070                dhcp_arp_reply
 .text.dhcp_decline
                0x0800b0b0       0xf0 ..\obj\dhcp.o
 .text.dhcp_set_state
                0x0800b1a0       0x30 ..\obj\dhcp.o
 .text.dhcp_option
                0x0800b1d0       0x54 ..\obj\dhcp.o
 .text.dhcp_option_byte
                0x0800b224       0x34 ..\obj\dhcp.o
 .text.dhcp_option_long
                0x0800b258       0xa0 ..\obj\dhcp.o
 .text.dhcp_create_request
                0x0800b2f8      0x24c ..\obj\dhcp.o
 .text.dhcp_delete_request
                0x0800b544       0x44 ..\obj\dhcp.o
 .text.dhcp_option_trailer
                0x0800b588       0x6c ..\obj\dhcp.o
 .text.TIM_TimeBaseInit
                0x0800b5f4       0xf4 ..\obj\stm32f4xx_tim.o
                0x0800b5f4                TIM_TimeBaseInit
 .text.TIM_ARRPreloadConfig
                0x0800b6e8       0x40 ..\obj\stm32f4xx_tim.o
                0x0800b6e8                TIM_ARRPreloadConfig
 .text.TIM_Cmd  0x0800b728       0x40 ..\obj\stm32f4xx_tim.o
                0x0800b728                TIM_Cmd
 .text.TIM_OC4Init
                0x0800b768       0xe0 ..\obj\stm32f4xx_tim.o
                0x0800b768                TIM_OC4Init
 .text.TIM_OC4PreloadConfig
                0x0800b848       0x40 ..\obj\stm32f4xx_tim.o
                0x0800b848                TIM_OC4PreloadConfig
 .text.TIM_CCxCmd
                0x0800b888       0x5c ..\obj\stm32f4xx_tim.o
                0x0800b888                TIM_CCxCmd
 .text.TIM_CtrlPWMOutputs
                0x0800b8e4       0x50 ..\obj\stm32f4xx_tim.o
                0x0800b8e4                TIM_CtrlPWMOutputs
 .text.TIM_DMACmd
                0x0800b934       0x48 ..\obj\stm32f4xx_tim.o
                0x0800b934                TIM_DMACmd
 .text.tcp_output_set_header
                0x0800b97c      0x100 ..\obj\tcp_out.o
 .text.tcp_send_ctrl
                0x0800ba7c       0x34 ..\obj\tcp_out.o
                0x0800ba7c                tcp_send_ctrl
 .text.tcp_write
                0x0800bab0       0x68 ..\obj\tcp_out.o
                0x0800bab0                tcp_write
 .text.tcp_enqueue
                0x0800bb18      0x60c ..\obj\tcp_out.o
                0x0800bb18                tcp_enqueue
 .text.tcp_send_empty_ack
                0x0800c124       0x94 ..\obj\tcp_out.o
                0x0800c124                tcp_send_empty_ack
 .text.tcp_output
                0x0800c1b8      0x2f0 ..\obj\tcp_out.o
                0x0800c1b8                tcp_output
 .text.tcp_output_segment
                0x0800c4a8      0x15c ..\obj\tcp_out.o
 .text.tcp_rst  0x0800c604      0x10c ..\obj\tcp_out.o
                0x0800c604                tcp_rst
 .text.tcp_rexmit_rto
                0x0800c710       0x6c ..\obj\tcp_out.o
                0x0800c710                tcp_rexmit_rto
 .text.tcp_rexmit
                0x0800c77c       0x90 ..\obj\tcp_out.o
                0x0800c77c                tcp_rexmit
 .text.tcp_rexmit_fast
                0x0800c80c       0xb8 ..\obj\tcp_out.o
                0x0800c80c                tcp_rexmit_fast
 .text.tcp_keepalive
                0x0800c8c4       0x70 ..\obj\tcp_out.o
                0x0800c8c4                tcp_keepalive
 .text.tcp_zero_window_probe
                0x0800c934       0xfc ..\obj\tcp_out.o
                0x0800c934                tcp_zero_window_probe
 .text.raw_input
                0x0800ca30       0xc8 ..\obj\raw.o
                0x0800ca30                raw_input
 .text.memcmp   0x0800caf8       0xb8 c:/program files/gnu tools arm embedded/4.7 2012q4/bin/../lib/gcc/arm-none-eabi/4.7.3/../../../../arm-none-eabi/lib/armv7e-m\libg.a(lib_a-memcmp.o)
                0x0800caf8                memcmp
 .text.memcpy   0x0800cbb0      0x144 c:/program files/gnu tools arm embedded/4.7 2012q4/bin/../lib/gcc/arm-none-eabi/4.7.3/../../../../arm-none-eabi/lib/armv7e-m\libg.a(lib_a-memcpy.o)
                0x0800cbb0                memcpy
 .text.memset   0x0800ccf4      0x12c c:/program files/gnu tools arm embedded/4.7 2012q4/bin/../lib/gcc/arm-none-eabi/4.7.3/../../../../arm-none-eabi/lib/armv7e-m\libg.a(lib_a-memset.o)
                0x0800ccf4                memset
 .text._puts_r  0x0800ce20       0x68 c:/program files/gnu tools arm embedded/4.7 2012q4/bin/../lib/gcc/arm-none-eabi/4.7.3/../../../../arm-none-eabi/lib/armv7e-m\libg.a(lib_a-puts.o)
                0x0800ce20                _puts_r
 .text.puts     0x0800ce88       0x10 c:/program files/gnu tools arm embedded/4.7 2012q4/bin/../lib/gcc/arm-none-eabi/4.7.3/../../../../arm-none-eabi/lib/armv7e-m\libg.a(lib_a-puts.o)
                0x0800ce88                puts
 .text.strlen   0x0800ce98       0x60 c:/program files/gnu tools arm embedded/4.7 2012q4/bin/../lib/gcc/arm-none-eabi/4.7.3/../../../../arm-none-eabi/lib/armv7e-m\libg.a(lib_a-strlen.o)
                0x0800ce98                strlen
 .text.__sfvwrite_r
                0x0800cef8      0x314 c:/program files/gnu tools arm embedded/4.7 2012q4/bin/../lib/gcc/arm-none-eabi/4.7.3/../../../../arm-none-eabi/lib/armv7e-m\libg.a(lib_a-fvwrite.o)
                0x0800cef8                __sfvwrite_r
 .text._malloc_r
                0x0800d20c      0x55c c:/program files/gnu tools arm embedded/4.7 2012q4/bin/../lib/gcc/arm-none-eabi/4.7.3/../../../../arm-none-eabi/lib/armv7e-m\libg.a(lib_a-mallocr.o)
                0x0800d20c                _malloc_r
 .text.memchr   0x0800d768      0x140 c:/program files/gnu tools arm embedded/4.7 2012q4/bin/../lib/gcc/arm-none-eabi/4.7.3/../../../../arm-none-eabi/lib/armv7e-m\libg.a(lib_a-memchr.o)
                0x0800d768                memchr
 .text.memmove  0x0800d8a8      0x198 c:/program files/gnu tools arm embedded/4.7 2012q4/bin/../lib/gcc/arm-none-eabi/4.7.3/../../../../arm-none-eabi/lib/armv7e-m\libg.a(lib_a-memmove.o)
                0x0800d8a8                memmove
 .text.__malloc_lock
                0x0800da40        0x4 c:/program files/gnu tools arm embedded/4.7 2012q4/bin/../lib/gcc/arm-none-eabi/4.7.3/../../../../arm-none-eabi/lib/armv7e-m\libg.a(lib_a-mlock.o)
                0x0800da40                __malloc_lock
 .text.__malloc_unlock
                0x0800da44        0x4 c:/program files/gnu tools arm embedded/4.7 2012q4/bin/../lib/gcc/arm-none-eabi/4.7.3/../../../../arm-none-eabi/lib/armv7e-m\libg.a(lib_a-mlock.o)
                0x0800da44                __malloc_unlock
 .text._realloc_r
                0x0800da48      0x3dc c:/program files/gnu tools arm embedded/4.7 2012q4/bin/../lib/gcc/arm-none-eabi/4.7.3/../../../../arm-none-eabi/lib/armv7e-m\libg.a(lib_a-reallocr.o)
                0x0800da48                _realloc_r
 .text._sbrk_r  0x0800de24       0x24 c:/program files/gnu tools arm embedded/4.7 2012q4/bin/../lib/gcc/arm-none-eabi/4.7.3/../../../../arm-none-eabi/lib/armv7e-m\libg.a(lib_a-sbrkr.o)
                0x0800de24                _sbrk_r
 .text.__swsetup_r
                0x0800de48       0xc4 c:/program files/gnu tools arm embedded/4.7 2012q4/bin/../lib/gcc/arm-none-eabi/4.7.3/../../../../arm-none-eabi/lib/armv7e-m\libg.a(lib_a-wsetup.o)
                0x0800de48                __swsetup_r
 .text._fflush_r
                0x0800df0c      0x168 c:/program files/gnu tools arm embedded/4.7 2012q4/bin/../lib/gcc/arm-none-eabi/4.7.3/../../../../arm-none-eabi/lib/armv7e-m\libg.a(lib_a-fflush.o)
                0x0800df0c                _fflush_r
 .text._cleanup_r
                0x0800e074        0xc c:/program files/gnu tools arm embedded/4.7 2012q4/bin/../lib/gcc/arm-none-eabi/4.7.3/../../../../arm-none-eabi/lib/armv7e-m\libg.a(lib_a-findfp.o)
                0x0800e074                _cleanup_r
 .text.std.isra.0
                0x0800e080       0x50 c:/program files/gnu tools arm embedded/4.7 2012q4/bin/../lib/gcc/arm-none-eabi/4.7.3/../../../../arm-none-eabi/lib/armv7e-m\libg.a(lib_a-findfp.o)
 .text.__sinit  0x0800e0d0       0x4c c:/program files/gnu tools arm embedded/4.7 2012q4/bin/../lib/gcc/arm-none-eabi/4.7.3/../../../../arm-none-eabi/lib/armv7e-m\libg.a(lib_a-findfp.o)
                0x0800e0d0                __sinit
 .text.__sfp_lock_acquire
                0x0800e11c        0x4 c:/program files/gnu tools arm embedded/4.7 2012q4/bin/../lib/gcc/arm-none-eabi/4.7.3/../../../../arm-none-eabi/lib/armv7e-m\libg.a(lib_a-findfp.o)
                0x0800e11c                __sfp_lock_acquire
 .text.__sfp_lock_release
                0x0800e120        0x4 c:/program files/gnu tools arm embedded/4.7 2012q4/bin/../lib/gcc/arm-none-eabi/4.7.3/../../../../arm-none-eabi/lib/armv7e-m\libg.a(lib_a-findfp.o)
                0x0800e120                __sfp_lock_release
 .text._malloc_trim_r
                0x0800e124       0x98 c:/program files/gnu tools arm embedded/4.7 2012q4/bin/../lib/gcc/arm-none-eabi/4.7.3/../../../../arm-none-eabi/lib/armv7e-m\libg.a(lib_a-freer.o)
                0x0800e124                _malloc_trim_r
 .text._free_r  0x0800e1bc      0x194 c:/program files/gnu tools arm embedded/4.7 2012q4/bin/../lib/gcc/arm-none-eabi/4.7.3/../../../../arm-none-eabi/lib/armv7e-m\libg.a(lib_a-freer.o)
                0x0800e1bc                _free_r
 .text._fwalk   0x0800e350       0xb8 c:/program files/gnu tools arm embedded/4.7 2012q4/bin/../lib/gcc/arm-none-eabi/4.7.3/../../../../arm-none-eabi/lib/armv7e-m\libg.a(lib_a-fwalk.o)
                0x0800e350                _fwalk
 .text.__smakebuf_r
                0x0800e408       0xe8 c:/program files/gnu tools arm embedded/4.7 2012q4/bin/../lib/gcc/arm-none-eabi/4.7.3/../../../../arm-none-eabi/lib/armv7e-m\libg.a(lib_a-makebuf.o)
                0x0800e408                __smakebuf_r
 .text.__sread  0x0800e4f0       0x24 c:/program files/gnu tools arm embedded/4.7 2012q4/bin/../lib/gcc/arm-none-eabi/4.7.3/../../../../arm-none-eabi/lib/armv7e-m\libg.a(lib_a-stdio.o)
                0x0800e4f0                __sread
 .text.__swrite
                0x0800e514       0x44 c:/program files/gnu tools arm embedded/4.7 2012q4/bin/../lib/gcc/arm-none-eabi/4.7.3/../../../../arm-none-eabi/lib/armv7e-m\libg.a(lib_a-stdio.o)
                0x0800e514                __swrite
 .text.__sseek  0x0800e558       0x24 c:/program files/gnu tools arm embedded/4.7 2012q4/bin/../lib/gcc/arm-none-eabi/4.7.3/../../../../arm-none-eabi/lib/armv7e-m\libg.a(lib_a-stdio.o)
                0x0800e558                __sseek
 .text.__sclose
                0x0800e57c        0x8 c:/program files/gnu tools arm embedded/4.7 2012q4/bin/../lib/gcc/arm-none-eabi/4.7.3/../../../../arm-none-eabi/lib/armv7e-m\libg.a(lib_a-stdio.o)
                0x0800e57c                __sclose
 .text._write_r
                0x0800e584       0x28 c:/program files/gnu tools arm embedded/4.7 2012q4/bin/../lib/gcc/arm-none-eabi/4.7.3/../../../../arm-none-eabi/lib/armv7e-m\libg.a(lib_a-writer.o)
                0x0800e584                _write_r
 .text._close_r
                0x0800e5ac       0x24 c:/program files/gnu tools arm embedded/4.7 2012q4/bin/../lib/gcc/arm-none-eabi/4.7.3/../../../../arm-none-eabi/lib/armv7e-m\libg.a(lib_a-closer.o)
                0x0800e5ac                _close_r
 .text._fclose_r
                0x0800e5d0       0x94 c:/program files/gnu tools arm embedded/4.7 2012q4/bin/../lib/gcc/arm-none-eabi/4.7.3/../../../../arm-none-eabi/lib/armv7e-m\libg.a(lib_a-fclose.o)
                0x0800e5d0                _fclose_r
 .text.fclose   0x0800e664       0x10 c:/program files/gnu tools arm embedded/4.7 2012q4/bin/../lib/gcc/arm-none-eabi/4.7.3/../../../../arm-none-eabi/lib/armv7e-m\libg.a(lib_a-fclose.o)
                0x0800e664                fclose
 .text._fstat_r
                0x0800e674       0x28 c:/program files/gnu tools arm embedded/4.7 2012q4/bin/../lib/gcc/arm-none-eabi/4.7.3/../../../../arm-none-eabi/lib/armv7e-m\libg.a(lib_a-fstatr.o)
                0x0800e674                _fstat_r
 .text._isatty_r
                0x0800e69c       0x24 c:/program files/gnu tools arm embedded/4.7 2012q4/bin/../lib/gcc/arm-none-eabi/4.7.3/../../../../arm-none-eabi/lib/armv7e-m\libg.a(lib_a-isattyr.o)
                0x0800e69c                _isatty_r
 .text._lseek_r
                0x0800e6c0       0x28 c:/program files/gnu tools arm embedded/4.7 2012q4/bin/../lib/gcc/arm-none-eabi/4.7.3/../../../../arm-none-eabi/lib/armv7e-m\libg.a(lib_a-lseekr.o)
                0x0800e6c0                _lseek_r
 .text._read_r  0x0800e6e8       0x28 c:/program files/gnu tools arm embedded/4.7 2012q4/bin/../lib/gcc/arm-none-eabi/4.7.3/../../../../arm-none-eabi/lib/armv7e-m\libg.a(lib_a-readr.o)
                0x0800e6e8                _read_r
 *(.glue_7t)
 .glue_7t       0x00000000        0x0 linker stubs
 *(.glue_7)
 .glue_7        0x00000000        0x0 linker stubs
 *(.rodata .rodata* .gnu.linkonce.r.*)
 .rodata        0x0800e710       0x90 ..\obj\tcp.o
                0x0800e788                tcp_backoff
                0x0800e798                tcp_persist_backoff
 .rodata        0x0800e7a0       0x28 ..\obj\memp.o
 .rodata        0x0800e7c8       0x30 ..\obj\stm32f4_discovery.o
                0x0800e7c8                GPIO_PIN
                0x0800e7d0                GPIO_CLK
                0x0800e7e0                BUTTON_PIN
                0x0800e7e4                BUTTON_CLK
                0x0800e7e8                BUTTON_EXTI_LINE
                0x0800e7ec                BUTTON_PORT_SOURCE
                0x0800e7f0                BUTTON_PIN_SOURCE
                0x0800e7f4                BUTTON_IRQn
 .rodata        0x0800e7f8        0x8 ..\obj\ip_addr.o
                0x0800e7f8                ip_addr_any
                0x0800e7fc                ip_addr_broadcast
 .rodata        0x0800e800       0x2c ..\obj\tcp_echoserver.o
 .rodata        0x0800e82c       0x10 ..\obj\etharp.o
                0x0800e82c                ethbroadcast
                0x0800e834                ethzero
 .rodata.str1.4
                0x0800e83c        0x2 c:/program files/gnu tools arm embedded/4.7 2012q4/bin/../lib/gcc/arm-none-eabi/4.7.3/../../../../arm-none-eabi/lib/armv7e-m\libg.a(lib_a-puts.o)
                                  0x4 (size before relaxing)
 *fill*         0x0800e83e        0x2 00
 .rodata.str1.4
                0x0800e840        0x4 c:/program files/gnu tools arm embedded/4.7 2012q4/bin/../lib/gcc/arm-none-eabi/4.7.3/../../../../arm-none-eabi/lib/armv7e-m\libg.a(lib_a-impure.o)

.vfp11_veneer   0x0800e844        0x0
 .vfp11_veneer  0x00000000        0x0 linker stubs

.v4_bx          0x0800e844        0x0
 .v4_bx         0x00000000        0x0 linker stubs

.iplt           0x0800e844        0x0
 .iplt          0x00000000        0x0 ..\obj\stm32f4xx_syscfg.o

.rel.dyn        0x0800e844        0x0
 .rel.iplt      0x00000000        0x0 ..\obj\stm32f4xx_syscfg.o

.ARM.extab
 *(.ARM.extab* .gnu.linkonce.armextab.*)
                0x0800e844                __exidx_start = .

.ARM.exidx
 *(.ARM.exidx* .gnu.linkonce.armexidx.*)
                0x0800e844                __exidx_end = .
                0x0800e844                . = ALIGN (0x4)
                0x0800e844                _etext = .
                0x0800e844                _sidata = .

.data           0x20000000      0x8dc load address 0x0800e844
                0x20000000                _sdata = .
 *(.data .data.*)
 .data          0x20000000       0x3c ..\obj\ws2812.o
 .data          0x2000003c       0x34 ..\obj\tcp.o
                0x2000003c                tcp_state_str
 .data          0x20000070       0x14 ..\obj\stm32f4_discovery.o
                0x20000070                GPIO_PORT
                0x20000080                BUTTON_PORT
 .data          0x20000084        0x8 ..\obj\main.o
                0x20000084                pos_r
                0x20000088                pos_g
 .data          0x2000008c       0x10 ..\obj\stm32f4xx_rcc.o
 .data          0x2000009c        0x4 ..\obj\dhcp.o
 .data.impure_data
                0x200000a0      0x428 c:/program files/gnu tools arm embedded/4.7 2012q4/bin/../lib/gcc/arm-none-eabi/4.7.3/../../../../arm-none-eabi/lib/armv7e-m\libg.a(lib_a-impure.o)
 .data._impure_ptr
                0x200004c8        0x4 c:/program files/gnu tools arm embedded/4.7 2012q4/bin/../lib/gcc/arm-none-eabi/4.7.3/../../../../arm-none-eabi/lib/armv7e-m\libg.a(lib_a-impure.o)
                0x200004c8                _impure_ptr
 .data.__malloc_av_
                0x200004cc      0x408 c:/program files/gnu tools arm embedded/4.7 2012q4/bin/../lib/gcc/arm-none-eabi/4.7.3/../../../../arm-none-eabi/lib/armv7e-m\libg.a(lib_a-mallocr.o)
                0x200004cc                __malloc_av_
 .data.__malloc_trim_threshold
                0x200008d4        0x4 c:/program files/gnu tools arm embedded/4.7 2012q4/bin/../lib/gcc/arm-none-eabi/4.7.3/../../../../arm-none-eabi/lib/armv7e-m\libg.a(lib_a-mallocr.o)
                0x200008d4                __malloc_trim_threshold
 .data.__malloc_sbrk_base
                0x200008d8        0x4 c:/program files/gnu tools arm embedded/4.7 2012q4/bin/../lib/gcc/arm-none-eabi/4.7.3/../../../../arm-none-eabi/lib/armv7e-m\libg.a(lib_a-mallocr.o)
                0x200008d8                __malloc_sbrk_base
                0x200008dc                . = ALIGN (0x4)
                0x200008dc                _edata = .

.igot.plt       0x200008dc        0x0 load address 0x0800f120
 .igot.plt      0x00000000        0x0 ..\obj\stm32f4xx_syscfg.o

.bss            0x200008dc     0xbf98 load address 0x0800f120
                0x200008dc                _sbss = .
 *(.bss .bss.*)
 .bss           0x200008dc     0x2824 ..\obj\mem.o
 .bss           0x20003100        0x4 ..\obj\delay.o
                0x20003100                system_time
 .bss           0x20003104      0x188 ..\obj\ws2812.o
                0x20003284                frame_pos
                0x20003288                incomplete_return
 .bss           0x2000328c        0x1 ..\obj\tcp.o
 *fill*         0x2000328d        0x3 00
 .bss           0x20003290       0x30 ..\obj\tcp_in.o
 .bss           0x200032c0     0x4d90 ..\obj\memp.o
 .bss           0x20008050      0x5e8 ..\obj\ip_frag.o
 .bss           0x20008638        0x4 ..\obj\main.o
                0x20008638                pos_b
 .bss           0x2000863c        0xc ..\obj\netconf.o
                0x2000863c                TCPTimer
                0x20008640                ARPTimer
                0x20008644                IPaddress
 .bss           0x20008648        0x4 ..\obj\tcp_echoserver.o
 .bss           0x2000864c        0x8 ..\obj\stm32f4x7_eth_bsp.o
                0x2000864c                EthInitStatus
                0x20008650                EthLinkStatus
 .bss           0x20008654       0xcc ..\obj\etharp.o
 .bss           0x20008720        0x1 ..\obj\netif.o
 *fill*         0x20008721        0x3 00
 .bss           0x20008724        0x4 ..\obj\syscalls.o
 .bss           0x20008728        0x2 ..\obj\ip.o
 *fill*         0x2000872a        0x2 00
 .bss           0x2000872c        0x4 ..\obj\raw.o
 .bss.__malloc_max_total_mem
                0x20008730        0x4 c:/program files/gnu tools arm embedded/4.7 2012q4/bin/../lib/gcc/arm-none-eabi/4.7.3/../../../../arm-none-eabi/lib/armv7e-m\libg.a(lib_a-mallocr.o)
                0x20008730                __malloc_max_total_mem
 .bss.__malloc_max_sbrked_mem
                0x20008734        0x4 c:/program files/gnu tools arm embedded/4.7 2012q4/bin/../lib/gcc/arm-none-eabi/4.7.3/../../../../arm-none-eabi/lib/armv7e-m\libg.a(lib_a-mallocr.o)
                0x20008734                __malloc_max_sbrked_mem
 .bss.__malloc_top_pad
                0x20008738        0x4 c:/program files/gnu tools arm embedded/4.7 2012q4/bin/../lib/gcc/arm-none-eabi/4.7.3/../../../../arm-none-eabi/lib/armv7e-m\libg.a(lib_a-mallocr.o)
                0x20008738                __malloc_top_pad
 .bss.__malloc_current_mallinfo
                0x2000873c       0x28 c:/program files/gnu tools arm embedded/4.7 2012q4/bin/../lib/gcc/arm-none-eabi/4.7.3/../../../../arm-none-eabi/lib/armv7e-m\libg.a(lib_a-mallocr.o)
                0x2000873c                __malloc_current_mallinfo
 *(COMMON)
 COMMON         0x20008764      0x3c0 ..\obj\ws2812.o
                0x20008764                ws2812_framebuffer
 COMMON         0x20008b24       0x18 ..\obj\tcp.o
                0x20008b24                tcp_active_pcbs
                0x20008b28                tcp_ticks
                0x20008b2c                tcp_listen_pcbs
                0x20008b30                tcp_tmp_pcb
                0x20008b34                tcp_bound_pcbs
                0x20008b38                tcp_tw_pcbs
 COMMON         0x20008b3c        0x4 ..\obj\tcp_in.o
                0x20008b3c                tcp_input_pcb
 COMMON         0x20008b40     0x3ce4 ..\obj\stm32f4x7_eth.o
                0x20008b40                RX_Frame_Descriptor
                0x20008b4c                DMARxDescToGet
                0x20008b50                DMATxDescToSet
                0x20008b54                DMATxDscrTab
                0x20008bf4                Rx_Buff
                0x2000a9b8                Frame_Rx_index
                0x2000a9bc                DMA_RX_FRAME_infos
                0x2000a9c0                DMARxDscrTab
                0x2000aa60                Tx_Buff
 COMMON         0x2000c824       0x38 ..\obj\netconf.o
                0x2000c824                netif
 COMMON         0x2000c85c        0x8 ..\obj\netif.o
                0x2000c85c                netif_list
                0x2000c860                netif_default
 COMMON         0x2000c864        0x4 ..\obj\udp.o
                0x2000c864                udp_pcbs
 COMMON         0x2000c868        0x8 ..\obj\ip.o
                0x2000c868                current_netif
                0x2000c86c                current_header
 COMMON         0x2000c870        0x4 c:/program files/gnu tools arm embedded/4.7 2012q4/bin/../lib/gcc/arm-none-eabi/4.7.3/../../../../arm-none-eabi/lib/armv7e-m\libg.a(lib_a-reent.o)
                0x2000c870                errno
                0x2000c874                . = ALIGN (0x4)
                0x2000c874                _ebss = .

.co_stack       0x2000c874      0x804 load address 0x0801b0b8
                0x2000c878                . = ALIGN (0x8)
 *fill*         0x2000c874        0x4 00
 *(.co_stack .co_stack.*)
 .co_stack      0x2000c878      0x800 ..\obj\startup_stm32f4xx.o
                0x2000c878                pulStack
                0x2000d078                . = ALIGN (0x4)
                0x2000d078                _end = .
LOAD ..\obj\stm32f4xx_syscfg.o
LOAD ..\obj\mem.o
LOAD ..\obj\delay.o
LOAD ..\obj\ws2812.o
LOAD ..\obj\stm32f4xx_sdio.o
LOAD ..\obj\tcp.o
LOAD ..\obj\stm32f4xx_cryp_aes.o
LOAD ..\obj\stm32f4xx_hash.o
LOAD ..\obj\err.o
LOAD ..\obj\stm32f4xx_hash_sha1.o
LOAD ..\obj\randm.o
LOAD ..\obj\mib_structs.o
LOAD ..\obj\tcp_in.o
LOAD ..\obj\stm32f4xx_usart.o
LOAD ..\obj\stm32f4xx_pwr.o
LOAD ..\obj\slipif.o
LOAD ..\obj\memp.o
LOAD ..\obj\stm32f4xx_can.o
LOAD ..\obj\autoip.o
LOAD ..\obj\stm32f4xx_wwdg.o
LOAD ..\obj\ip_frag.o
LOAD ..\obj\msg_out.o
LOAD ..\obj\netbuf.o
LOAD ..\obj\stm32f4xx_hash_md5.o
LOAD ..\obj\tcpip.o
LOAD ..\obj\stm32f4xx_dac.o
LOAD ..\obj\asn1_dec.o
LOAD ..\obj\lcp.o
LOAD ..\obj\vj.o
LOAD ..\obj\startup_stm32f4xx.o
LOAD ..\obj\stm32f4_discovery.o
LOAD ..\obj\stm32f4x7_eth.o
LOAD ..\obj\stm32f4xx_crc.o
LOAD ..\obj\stm32f4xx_iwdg.o
LOAD ..\obj\sys.o
LOAD ..\obj\ip_addr.o
LOAD ..\obj\inet_chksum.o
LOAD ..\obj\main.o
LOAD ..\obj\stm32f4xx_rcc.o
LOAD ..\obj\netconf.o
LOAD ..\obj\mib2.o
LOAD ..\obj\stm32f4xx_it.o
LOAD ..\obj\tcp_echoserver.o
LOAD ..\obj\netdb.o
LOAD ..\obj\init.o
LOAD ..\obj\stm32f4xx_adc.o
LOAD ..\obj\stm32f4x7_eth_bsp.o
LOAD ..\obj\ethernetif.o
LOAD ..\obj\stm32f4xx_dcmi.o
LOAD ..\obj\chpms.o
LOAD ..\obj\etharp.o
LOAD ..\obj\magic.o
LOAD ..\obj\stm32f4xx_cryp_des.o
LOAD ..\obj\stm32f4xx_cryp.o
LOAD ..\obj\pbuf.o
LOAD ..\obj\stats.o
LOAD ..\obj\inet.o
LOAD ..\obj\stm32f4xx_fsmc.o
LOAD ..\obj\msg_in.o
LOAD ..\obj\netif.o
LOAD ..\obj\asn1_enc.o
LOAD ..\obj\fsm.o
LOAD ..\obj\api_msg.o
LOAD ..\obj\chap.o
LOAD ..\obj\stm32f4xx_gpio.o
LOAD ..\obj\stm32f4xx_flash.o
LOAD ..\obj\md5.o
LOAD ..\obj\system_stm32f4xx.o
LOAD ..\obj\syscalls.o
LOAD ..\obj\stm32f4xx_dma.o
LOAD ..\obj\sockets.o
LOAD ..\obj\igmp.o
LOAD ..\obj\pap.o
LOAD ..\obj\udp.o
LOAD ..\obj\ip.o
LOAD ..\obj\stm32f4xx_spi.o
LOAD ..\obj\auth.o
LOAD ..\obj\stm32f4xx_i2c.o
LOAD ..\obj\stm32f4xx_rng.o
LOAD ..\obj\stm32f4xx_exti.o
LOAD ..\obj\icmp.o
LOAD ..\obj\ppp_oe.o
LOAD ..\obj\dns.o
LOAD ..\obj\netifapi.o
LOAD ..\obj\misc.o
LOAD ..\obj\api_lib.o
LOAD ..\obj\dhcp.o
LOAD ..\obj\ppp.o
LOAD ..\obj\serial_debug.o
LOAD ..\obj\stm32f4xx_rtc.o
LOAD ..\obj\stm32f4xx_cryp_tdes.o
LOAD ..\obj\ipcp.o
LOAD ..\obj\stm32f4xx_tim.o
LOAD ..\obj\tcp_out.o
LOAD ..\obj\stm32f4xx_dbgmcu.o
LOAD ..\obj\loopif.o
LOAD ..\obj\raw.o
START GROUP
LOAD c:/program files/gnu tools arm embedded/4.7 2012q4/bin/../lib/gcc/arm-none-eabi/4.7.3/armv7e-m\libgcc.a
LOAD c:/program files/gnu tools arm embedded/4.7 2012q4/bin/../lib/gcc/arm-none-eabi/4.7.3/../../../../arm-none-eabi/lib/armv7e-m\libg.a
LOAD c:/program files/gnu tools arm embedded/4.7 2012q4/bin/../lib/gcc/arm-none-eabi/4.7.3/../../../../arm-none-eabi/lib/armv7e-m\libc.a
END GROUP
OUTPUT(stm-ledstrip-net.elf elf32-littlearm)

.debug_info     0x00000000    0x15ca8
 .debug_info    0x00000000      0x279 ..\obj\stm32f4xx_syscfg.o
 .debug_info    0x00000279      0x36c ..\obj\mem.o
 .debug_info    0x000005e5      0x795 ..\obj\delay.o
 .debug_info    0x00000d7a      0xbc3 ..\obj\ws2812.o
 .debug_info    0x0000193d     0x12c4 ..\obj\tcp.o
 .debug_info    0x00002c01      0xd00 ..\obj\tcp_in.o
 .debug_info    0x00003901      0x268 ..\obj\memp.o
 .debug_info    0x00003b69      0x6e9 ..\obj\autoip.o
 .debug_info    0x00004252      0x927 ..\obj\ip_frag.o
 .debug_info    0x00004b79      0x103 ..\obj\startup_stm32f4xx.o
 .debug_info    0x00004c7c      0x8ba ..\obj\stm32f4_discovery.o
 .debug_info    0x00005536     0x1ba1 ..\obj\stm32f4x7_eth.o
 .debug_info    0x000070d7      0x33f ..\obj\ip_addr.o
 .debug_info    0x00007416      0x2c7 ..\obj\inet_chksum.o
 .debug_info    0x000076dd      0x588 ..\obj\main.o
 .debug_info    0x00007c65      0xd49 ..\obj\stm32f4xx_rcc.o
 .debug_info    0x000089ae      0x76e ..\obj\netconf.o
 .debug_info    0x0000911c      0x18e ..\obj\stm32f4xx_it.o
 .debug_info    0x000092aa      0x990 ..\obj\tcp_echoserver.o
 .debug_info    0x00009c3a      0xa19 ..\obj\stm32f4x7_eth_bsp.o
 .debug_info    0x0000a653      0xb47 ..\obj\ethernetif.o
 .debug_info    0x0000b19a     0x1014 ..\obj\etharp.o
 .debug_info    0x0000c1ae      0x6ba ..\obj\pbuf.o
 .debug_info    0x0000c868      0x30a ..\obj\inet.o
 .debug_info    0x0000cb72      0xfc8 ..\obj\netif.o
 .debug_info    0x0000db3a      0x640 ..\obj\stm32f4xx_gpio.o
 .debug_info    0x0000e17a      0x5f5 ..\obj\system_stm32f4xx.o
 .debug_info    0x0000e76f      0x443 ..\obj\syscalls.o
 .debug_info    0x0000ebb2      0x7af ..\obj\stm32f4xx_dma.o
 .debug_info    0x0000f361      0xba7 ..\obj\udp.o
 .debug_info    0x0000ff08      0x98b ..\obj\ip.o
 .debug_info    0x00010893      0x373 ..\obj\stm32f4xx_exti.o
 .debug_info    0x00010c06      0x5f3 ..\obj\icmp.o
 .debug_info    0x000111f9      0x592 ..\obj\misc.o
 .debug_info    0x0001178b     0x11a0 ..\obj\dhcp.o
 .debug_info    0x0001292b     0x1e7d ..\obj\stm32f4xx_tim.o
 .debug_info    0x000147a8      0xdec ..\obj\tcp_out.o
 .debug_info    0x00015594      0x714 ..\obj\raw.o

.debug_abbrev   0x00000000     0x3c9a
 .debug_abbrev  0x00000000      0x133 ..\obj\stm32f4xx_syscfg.o
 .debug_abbrev  0x00000133      0x160 ..\obj\mem.o
 .debug_abbrev  0x00000293      0x1b7 ..\obj\delay.o
 .debug_abbrev  0x0000044a      0x1e4 ..\obj\ws2812.o
 .debug_abbrev  0x0000062e      0x2c6 ..\obj\tcp.o
 .debug_abbrev  0x000008f4      0x1eb ..\obj\tcp_in.o
 .debug_abbrev  0x00000adf      0x120 ..\obj\memp.o
 .debug_abbrev  0x00000bff      0x1a7 ..\obj\autoip.o
 .debug_abbrev  0x00000da6      0x1e1 ..\obj\ip_frag.o
 .debug_abbrev  0x00000f87       0xb2 ..\obj\startup_stm32f4xx.o
 .debug_abbrev  0x00001039      0x185 ..\obj\stm32f4_discovery.o
 .debug_abbrev  0x000011be      0x226 ..\obj\stm32f4x7_eth.o
 .debug_abbrev  0x000013e4       0xf5 ..\obj\ip_addr.o
 .debug_abbrev  0x000014d9      0x13e ..\obj\inet_chksum.o
 .debug_abbrev  0x00001617      0x152 ..\obj\main.o
 .debug_abbrev  0x00001769      0x1e5 ..\obj\stm32f4xx_rcc.o
 .debug_abbrev  0x0000194e      0x143 ..\obj\netconf.o
 .debug_abbrev  0x00001a91       0x9e ..\obj\stm32f4xx_it.o
 .debug_abbrev  0x00001b2f      0x1d5 ..\obj\tcp_echoserver.o
 .debug_abbrev  0x00001d04      0x1a5 ..\obj\stm32f4x7_eth_bsp.o
 .debug_abbrev  0x00001ea9      0x1f9 ..\obj\ethernetif.o
 .debug_abbrev  0x000020a2      0x20c ..\obj\etharp.o
 .debug_abbrev  0x000022ae      0x1a5 ..\obj\pbuf.o
 .debug_abbrev  0x00002453      0x132 ..\obj\inet.o
 .debug_abbrev  0x00002585      0x25f ..\obj\netif.o
 .debug_abbrev  0x000027e4      0x1a5 ..\obj\stm32f4xx_gpio.o
 .debug_abbrev  0x00002989      0x138 ..\obj\system_stm32f4xx.o
 .debug_abbrev  0x00002ac1       0xe4 ..\obj\syscalls.o
 .debug_abbrev  0x00002ba5      0x157 ..\obj\stm32f4xx_dma.o
 .debug_abbrev  0x00002cfc      0x20e ..\obj\udp.o
 .debug_abbrev  0x00002f0a      0x197 ..\obj\ip.o
 .debug_abbrev  0x000030a1      0x1a7 ..\obj\stm32f4xx_exti.o
 .debug_abbrev  0x00003248      0x1a5 ..\obj\icmp.o
 .debug_abbrev  0x000033ed      0x129 ..\obj\misc.o
 .debug_abbrev  0x00003516      0x21c ..\obj\dhcp.o
 .debug_abbrev  0x00003732      0x189 ..\obj\stm32f4xx_tim.o
 .debug_abbrev  0x000038bb      0x226 ..\obj\tcp_out.o
 .debug_abbrev  0x00003ae1      0x1b9 ..\obj\raw.o

.debug_loc      0x00000000     0x714d
 .debug_loc     0x00000000      0x144 ..\obj\stm32f4xx_syscfg.o
 .debug_loc     0x00000144      0x150 ..\obj\mem.o
 .debug_loc     0x00000294      0x10c ..\obj\delay.o
 .debug_loc     0x000003a0      0x138 ..\obj\ws2812.o
 .debug_loc     0x000004d8      0x6a4 ..\obj\tcp.o
 .debug_loc     0x00000b7c      0x152 ..\obj\tcp_in.o
 .debug_loc     0x00000cce       0xa8 ..\obj\memp.o
 .debug_loc     0x00000d76      0x294 ..\obj\autoip.o
 .debug_loc     0x0000100a      0x1c0 ..\obj\ip_frag.o
 .debug_loc     0x000011ca       0x64 ..\obj\startup_stm32f4xx.o
 .debug_loc     0x0000122e      0x150 ..\obj\stm32f4_discovery.o
 .debug_loc     0x0000137e     0x1170 ..\obj\stm32f4x7_eth.o
 .debug_loc     0x000024ee       0x38 ..\obj\ip_addr.o
 .debug_loc     0x00002526       0xe0 ..\obj\inet_chksum.o
 .debug_loc     0x00002606       0x92 ..\obj\main.o
 .debug_loc     0x00002698      0x97c ..\obj\stm32f4xx_rcc.o
 .debug_loc     0x00003014       0x9d ..\obj\netconf.o
 .debug_loc     0x000030b1      0x1b8 ..\obj\stm32f4xx_it.o
 .debug_loc     0x00003269      0x1c0 ..\obj\tcp_echoserver.o
 .debug_loc     0x00003429      0x152 ..\obj\stm32f4x7_eth_bsp.o
 .debug_loc     0x0000357b      0x118 ..\obj\ethernetif.o
 .debug_loc     0x00003693      0x2da ..\obj\etharp.o
 .debug_loc     0x0000396d      0x2d8 ..\obj\pbuf.o
 .debug_loc     0x00003c45      0x188 ..\obj\inet.o
 .debug_loc     0x00003dcd      0x268 ..\obj\netif.o
 .debug_loc     0x00004035      0x310 ..\obj\stm32f4xx_gpio.o
 .debug_loc     0x00004345       0x9c ..\obj\system_stm32f4xx.o
 .debug_loc     0x000043e1      0x1ec ..\obj\syscalls.o
 .debug_loc     0x000045cd      0x428 ..\obj\stm32f4xx_dma.o
 .debug_loc     0x000049f5      0x231 ..\obj\udp.o
 .debug_loc     0x00004c26       0xe0 ..\obj\ip.o
 .debug_loc     0x00004d06      0x1b4 ..\obj\stm32f4xx_exti.o
 .debug_loc     0x00004eba       0xe1 ..\obj\icmp.o
 .debug_loc     0x00004f9b      0x118 ..\obj\misc.o
 .debug_loc     0x000050b3      0x7e0 ..\obj\dhcp.o
 .debug_loc     0x00005893     0x1420 ..\obj\stm32f4xx_tim.o
 .debug_loc     0x00006cb3      0x2da ..\obj\tcp_out.o
 .debug_loc     0x00006f8d      0x1c0 ..\obj\raw.o

.debug_aranges  0x00000000     0x1410
 .debug_aranges
                0x00000000       0x48 ..\obj\stm32f4xx_syscfg.o
 .debug_aranges
                0x00000048       0x48 ..\obj\mem.o
 .debug_aranges
                0x00000090       0x40 ..\obj\delay.o
 .debug_aranges
                0x000000d0       0x48 ..\obj\ws2812.o
 .debug_aranges
                0x00000118      0x110 ..\obj\tcp.o
 .debug_aranges
                0x00000228       0x48 ..\obj\tcp_in.o
 .debug_aranges
                0x00000270       0x30 ..\obj\memp.o
 .debug_aranges
                0x000002a0       0x78 ..\obj\autoip.o
 .debug_aranges
                0x00000318       0x58 ..\obj\ip_frag.o
 .debug_aranges
                0x00000370       0x28 ..\obj\startup_stm32f4xx.o
 .debug_aranges
                0x00000398       0x48 ..\obj\stm32f4_discovery.o
 .debug_aranges
                0x000003e0      0x2b8 ..\obj\stm32f4x7_eth.o
 .debug_aranges
                0x00000698       0x20 ..\obj\ip_addr.o
 .debug_aranges
                0x000006b8       0x38 ..\obj\inet_chksum.o
 .debug_aranges
                0x000006f0       0x30 ..\obj\main.o
 .debug_aranges
                0x00000720      0x178 ..\obj\stm32f4xx_rcc.o
 .debug_aranges
                0x00000898       0x30 ..\obj\netconf.o
 .debug_aranges
                0x000008c8       0x68 ..\obj\stm32f4xx_it.o
 .debug_aranges
                0x00000930       0x58 ..\obj\tcp_echoserver.o
 .debug_aranges
                0x00000988       0x48 ..\obj\stm32f4x7_eth_bsp.o
 .debug_aranges
                0x000009d0       0x40 ..\obj\ethernetif.o
 .debug_aranges
                0x00000a10       0x80 ..\obj\etharp.o
 .debug_aranges
                0x00000a90       0x80 ..\obj\pbuf.o
 .debug_aranges
                0x00000b10       0x50 ..\obj\inet.o
 .debug_aranges
                0x00000b60       0x70 ..\obj\netif.o
 .debug_aranges
                0x00000bd0       0x88 ..\obj\stm32f4xx_gpio.o
 .debug_aranges
                0x00000c58       0x30 ..\obj\system_stm32f4xx.o
 .debug_aranges
                0x00000c88       0x60 ..\obj\syscalls.o
 .debug_aranges
                0x00000ce8       0xb0 ..\obj\stm32f4xx_dma.o
 .debug_aranges
                0x00000d98       0x68 ..\obj\udp.o
 .debug_aranges
                0x00000e00       0x38 ..\obj\ip.o
 .debug_aranges
                0x00000e38       0x58 ..\obj\stm32f4xx_exti.o
 .debug_aranges
                0x00000e90       0x38 ..\obj\icmp.o
 .debug_aranges
                0x00000ec8       0x40 ..\obj\misc.o
 .debug_aranges
                0x00000f08      0x138 ..\obj\dhcp.o
 .debug_aranges
                0x00001040      0x2f8 ..\obj\stm32f4xx_tim.o
 .debug_aranges
                0x00001338       0x80 ..\obj\tcp_out.o
 .debug_aranges
                0x000013b8       0x58 ..\obj\raw.o

.debug_ranges   0x00000000     0x11e0
 .debug_ranges  0x00000000       0x38 ..\obj\stm32f4xx_syscfg.o
 .debug_ranges  0x00000038       0x38 ..\obj\mem.o
 .debug_ranges  0x00000070       0x30 ..\obj\delay.o
 .debug_ranges  0x000000a0       0x38 ..\obj\ws2812.o
 .debug_ranges  0x000000d8      0x100 ..\obj\tcp.o
 .debug_ranges  0x000001d8       0x38 ..\obj\tcp_in.o
 .debug_ranges  0x00000210       0x20 ..\obj\memp.o
 .debug_ranges  0x00000230       0x68 ..\obj\autoip.o
 .debug_ranges  0x00000298       0x48 ..\obj\ip_frag.o
 .debug_ranges  0x000002e0       0x18 ..\obj\startup_stm32f4xx.o
 .debug_ranges  0x000002f8       0x38 ..\obj\stm32f4_discovery.o
 .debug_ranges  0x00000330      0x2a8 ..\obj\stm32f4x7_eth.o
 .debug_ranges  0x000005d8       0x10 ..\obj\ip_addr.o
 .debug_ranges  0x000005e8       0x28 ..\obj\inet_chksum.o
 .debug_ranges  0x00000610       0x20 ..\obj\main.o
 .debug_ranges  0x00000630      0x168 ..\obj\stm32f4xx_rcc.o
 .debug_ranges  0x00000798       0x20 ..\obj\netconf.o
 .debug_ranges  0x000007b8       0x58 ..\obj\stm32f4xx_it.o
 .debug_ranges  0x00000810       0x48 ..\obj\tcp_echoserver.o
 .debug_ranges  0x00000858       0x38 ..\obj\stm32f4x7_eth_bsp.o
 .debug_ranges  0x00000890       0x30 ..\obj\ethernetif.o
 .debug_ranges  0x000008c0       0x70 ..\obj\etharp.o
 .debug_ranges  0x00000930       0x70 ..\obj\pbuf.o
 .debug_ranges  0x000009a0       0x40 ..\obj\inet.o
 .debug_ranges  0x000009e0       0x78 ..\obj\netif.o
 .debug_ranges  0x00000a58       0x78 ..\obj\stm32f4xx_gpio.o
 .debug_ranges  0x00000ad0       0x20 ..\obj\system_stm32f4xx.o
 .debug_ranges  0x00000af0       0x50 ..\obj\syscalls.o
 .debug_ranges  0x00000b40       0xa0 ..\obj\stm32f4xx_dma.o
 .debug_ranges  0x00000be0       0x58 ..\obj\udp.o
 .debug_ranges  0x00000c38       0x28 ..\obj\ip.o
 .debug_ranges  0x00000c60       0x48 ..\obj\stm32f4xx_exti.o
 .debug_ranges  0x00000ca8       0x40 ..\obj\icmp.o
 .debug_ranges  0x00000ce8       0x30 ..\obj\misc.o
 .debug_ranges  0x00000d18      0x128 ..\obj\dhcp.o
 .debug_ranges  0x00000e40      0x2e8 ..\obj\stm32f4xx_tim.o
 .debug_ranges  0x00001128       0x70 ..\obj\tcp_out.o
 .debug_ranges  0x00001198       0x48 ..\obj\raw.o

.debug_line     0x00000000     0x8a16
 .debug_line    0x00000000      0x1ee ..\obj\stm32f4xx_syscfg.o
 .debug_line    0x000001ee      0x239 ..\obj\mem.o
 .debug_line    0x00000427      0x223 ..\obj\delay.o
 .debug_line    0x0000064a      0x2f3 ..\obj\ws2812.o
 .debug_line    0x0000093d      0x775 ..\obj\tcp.o
 .debug_line    0x000010b2      0x700 ..\obj\tcp_in.o
 .debug_line    0x000017b2      0x18e ..\obj\memp.o
 .debug_line    0x00001940      0x39c ..\obj\autoip.o
 .debug_line    0x00001cdc      0x3bd ..\obj\ip_frag.o
 .debug_line    0x00002099       0xa4 ..\obj\startup_stm32f4xx.o
 .debug_line    0x0000213d      0x272 ..\obj\stm32f4_discovery.o
 .debug_line    0x000023af      0xa89 ..\obj\stm32f4x7_eth.o
 .debug_line    0x00002e38      0x1a6 ..\obj\ip_addr.o
 .debug_line    0x00002fde      0x204 ..\obj\inet_chksum.o
 .debug_line    0x000031e2      0x3f5 ..\obj\main.o
 .debug_line    0x000035d7      0x574 ..\obj\stm32f4xx_rcc.o
 .debug_line    0x00003b4b      0x287 ..\obj\netconf.o
 .debug_line    0x00003dd2      0x21e ..\obj\stm32f4xx_it.o
 .debug_line    0x00003ff0      0x266 ..\obj\tcp_echoserver.o
 .debug_line    0x00004256      0x2cb ..\obj\stm32f4x7_eth_bsp.o
 .debug_line    0x00004521      0x3be ..\obj\ethernetif.o
 .debug_line    0x000048df      0x517 ..\obj\etharp.o
 .debug_line    0x00004df6      0x3f6 ..\obj\pbuf.o
 .debug_line    0x000051ec      0x258 ..\obj\inet.o
 .debug_line    0x00005444      0x340 ..\obj\netif.o
 .debug_line    0x00005784      0x318 ..\obj\stm32f4xx_gpio.o
 .debug_line    0x00005a9c      0x1c7 ..\obj\system_stm32f4xx.o
 .debug_line    0x00005c63      0x19e ..\obj\syscalls.o
 .debug_line    0x00005e01      0x3b5 ..\obj\stm32f4xx_dma.o
 .debug_line    0x000061b6      0x3da ..\obj\udp.o
 .debug_line    0x00006590      0x2f9 ..\obj\ip.o
 .debug_line    0x00006889      0x27e ..\obj\stm32f4xx_exti.o
 .debug_line    0x00006b07      0x237 ..\obj\icmp.o
 .debug_line    0x00006d3e      0x21e ..\obj\misc.o
 .debug_line    0x00006f5c      0x85b ..\obj\dhcp.o
 .debug_line    0x000077b7      0xa52 ..\obj\stm32f4xx_tim.o
 .debug_line    0x00008209      0x55a ..\obj\tcp_out.o
 .debug_line    0x00008763      0x2b3 ..\obj\raw.o

.debug_str      0x00000000     0x5e09
 .debug_str     0x00000000      0x258 ..\obj\stm32f4xx_syscfg.o
                                0x2a5 (size before relaxing)
 .debug_str     0x00000258      0x145 ..\obj\mem.o
                                0x230 (size before relaxing)
 .debug_str     0x0000039d      0x6b9 ..\obj\delay.o
                                0x814 (size before relaxing)
 .debug_str     0x00000a56      0x5fb ..\obj\ws2812.o
                                0xc5b (size before relaxing)
 .debug_str     0x00001051      0x5aa ..\obj\tcp.o
                                0x7df (size before relaxing)
 .debug_str     0x000015fb      0x157 ..\obj\tcp_in.o
                                0x676 (size before relaxing)
 .debug_str     0x00001752       0x9c ..\obj\memp.o
                                0x26a (size before relaxing)
 .debug_str     0x000017ee      0x1e4 ..\obj\autoip.o
                                0x3c8 (size before relaxing)
 .debug_str     0x000019d2      0x27d ..\obj\ip_frag.o
                                0x537 (size before relaxing)
 .debug_str     0x00001c4f       0xb3 ..\obj\startup_stm32f4xx.o
                                0x117 (size before relaxing)
 .debug_str     0x00001d02      0x29c ..\obj\stm32f4_discovery.o
                                0xacb (size before relaxing)
 .debug_str     0x00001f9e     0x117f ..\obj\stm32f4x7_eth.o
                               0x13ea (size before relaxing)
 .debug_str     0x0000311d       0x7f ..\obj\ip_addr.o
                                0x249 (size before relaxing)
 .debug_str     0x0000319c       0xb3 ..\obj\inet_chksum.o
                                0x22a (size before relaxing)
 .debug_str     0x0000324f       0x64 ..\obj\main.o
                                0x1e9 (size before relaxing)
 .debug_str     0x000032b3      0x5db ..\obj\stm32f4xx_rcc.o
                                0x7f6 (size before relaxing)
 .debug_str     0x0000388e      0x1e3 ..\obj\netconf.o
                                0x430 (size before relaxing)
 .debug_str     0x00003a71       0xdf ..\obj\stm32f4xx_it.o
                                0x1d9 (size before relaxing)
 .debug_str     0x00003b50      0x170 ..\obj\tcp_echoserver.o
                                0x53e (size before relaxing)
 .debug_str     0x00003cc0       0xda ..\obj\stm32f4x7_eth_bsp.o
                                0xe5e (size before relaxing)
 .debug_str     0x00003d9a       0xbd ..\obj\ethernetif.o
                                0x677 (size before relaxing)
 .debug_str     0x00003e57      0x276 ..\obj\etharp.o
                                0x7ba (size before relaxing)
 .debug_str     0x000040cd      0x186 ..\obj\pbuf.o
                                0x3fc (size before relaxing)
 .debug_str     0x00004253       0x95 ..\obj\inet.o
                                0x1d3 (size before relaxing)
 .debug_str     0x000042e8      0x103 ..\obj\netif.o
                                0x71a (size before relaxing)
 .debug_str     0x000043eb      0x1a0 ..\obj\stm32f4xx_gpio.o
                                0x449 (size before relaxing)
 .debug_str     0x0000458b       0xc7 ..\obj\system_stm32f4xx.o
                                0x350 (size before relaxing)
 .debug_str     0x00004652      0x14e ..\obj\syscalls.o
                                0x2ae (size before relaxing)
 .debug_str     0x000047a0      0x261 ..\obj\stm32f4xx_dma.o
                                0x4f2 (size before relaxing)
 .debug_str     0x00004a01      0x15c ..\obj\udp.o
                                0x61c (size before relaxing)
 .debug_str     0x00004b5d       0xbd ..\obj\ip.o
                                0x4fd (size before relaxing)
 .debug_str     0x00004c1a      0x103 ..\obj\stm32f4xx_exti.o
                                0x314 (size before relaxing)
 .debug_str     0x00004d1d       0xca ..\obj\icmp.o
                                0x3b6 (size before relaxing)
 .debug_str     0x00004de7      0x116 ..\obj\misc.o
                                0x37f (size before relaxing)
 .debug_str     0x00004efd      0x308 ..\obj\dhcp.o
                                0x751 (size before relaxing)
 .debug_str     0x00005205      0xa01 ..\obj\stm32f4xx_tim.o
                                0xd76 (size before relaxing)
 .debug_str     0x00005c06      0x14e ..\obj\tcp_out.o
                                0x66e (size before relaxing)
 .debug_str     0x00005d54       0xb5 ..\obj\raw.o
                                0x3d6 (size before relaxing)

.comment        0x00000000       0x70
 .comment       0x00000000       0x70 ..\obj\stm32f4xx_syscfg.o
                                 0x71 (size before relaxing)
 .comment       0x00000000       0x71 ..\obj\mem.o
 .comment       0x00000000       0x71 ..\obj\delay.o
 .comment       0x00000000       0x71 ..\obj\ws2812.o
 .comment       0x00000000       0x71 ..\obj\tcp.o
 .comment       0x00000000       0x71 ..\obj\tcp_in.o
 .comment       0x00000000       0x71 ..\obj\memp.o
 .comment       0x00000000       0x71 ..\obj\autoip.o
 .comment       0x00000000       0x71 ..\obj\ip_frag.o
 .comment       0x00000000       0x71 ..\obj\startup_stm32f4xx.o
 .comment       0x00000000       0x71 ..\obj\stm32f4_discovery.o
 .comment       0x00000000       0x71 ..\obj\stm32f4x7_eth.o
 .comment       0x00000000       0x71 ..\obj\ip_addr.o
 .comment       0x00000000       0x71 ..\obj\inet_chksum.o
 .comment       0x00000000       0x71 ..\obj\main.o
 .comment       0x00000000       0x71 ..\obj\stm32f4xx_rcc.o
 .comment       0x00000000       0x71 ..\obj\netconf.o
 .comment       0x00000000       0x71 ..\obj\stm32f4xx_it.o
 .comment       0x00000000       0x71 ..\obj\tcp_echoserver.o
 .comment       0x00000000       0x71 ..\obj\stm32f4x7_eth_bsp.o
 .comment       0x00000000       0x71 ..\obj\ethernetif.o
 .comment       0x00000000       0x71 ..\obj\etharp.o
 .comment       0x00000000       0x71 ..\obj\pbuf.o
 .comment       0x00000000       0x71 ..\obj\inet.o
 .comment       0x00000000       0x71 ..\obj\netif.o
 .comment       0x00000000       0x71 ..\obj\stm32f4xx_gpio.o
 .comment       0x00000000       0x71 ..\obj\system_stm32f4xx.o
 .comment       0x00000000       0x71 ..\obj\syscalls.o
 .comment       0x00000000       0x71 ..\obj\stm32f4xx_dma.o
 .comment       0x00000000       0x71 ..\obj\udp.o
 .comment       0x00000000       0x71 ..\obj\ip.o
 .comment       0x00000000       0x71 ..\obj\stm32f4xx_exti.o
 .comment       0x00000000       0x71 ..\obj\icmp.o
 .comment       0x00000000       0x71 ..\obj\misc.o
 .comment       0x00000000       0x71 ..\obj\dhcp.o
 .comment       0x00000000       0x71 ..\obj\stm32f4xx_tim.o
 .comment       0x00000000       0x71 ..\obj\tcp_out.o
 .comment       0x00000000       0x71 ..\obj\raw.o

.ARM.attributes
                0x00000000       0x33
 .ARM.attributes
                0x00000000       0x33 ..\obj\stm32f4xx_syscfg.o
 .ARM.attributes
                0x00000033       0x33 ..\obj\mem.o
 .ARM.attributes
                0x00000066       0x33 ..\obj\delay.o
 .ARM.attributes
                0x00000099       0x33 ..\obj\ws2812.o
 .ARM.attributes
                0x000000cc       0x33 ..\obj\tcp.o
 .ARM.attributes
                0x000000ff       0x33 ..\obj\tcp_in.o
 .ARM.attributes
                0x00000132       0x33 ..\obj\memp.o
 .ARM.attributes
                0x00000165       0x33 ..\obj\autoip.o
 .ARM.attributes
                0x00000198       0x33 ..\obj\ip_frag.o
 .ARM.attributes
                0x000001cb       0x33 ..\obj\startup_stm32f4xx.o
 .ARM.attributes
                0x000001fe       0x33 ..\obj\stm32f4_discovery.o
 .ARM.attributes
                0x00000231       0x33 ..\obj\stm32f4x7_eth.o
 .ARM.attributes
                0x00000264       0x33 ..\obj\ip_addr.o
 .ARM.attributes
                0x00000297       0x33 ..\obj\inet_chksum.o
 .ARM.attributes
                0x000002ca       0x33 ..\obj\main.o
 .ARM.attributes
                0x000002fd       0x33 ..\obj\stm32f4xx_rcc.o
 .ARM.attributes
                0x00000330       0x33 ..\obj\netconf.o
 .ARM.attributes
                0x00000363       0x33 ..\obj\stm32f4xx_it.o
 .ARM.attributes
                0x00000396       0x33 ..\obj\tcp_echoserver.o
 .ARM.attributes
                0x000003c9       0x33 ..\obj\stm32f4x7_eth_bsp.o
 .ARM.attributes
                0x000003fc       0x33 ..\obj\ethernetif.o
 .ARM.attributes
                0x0000042f       0x33 ..\obj\etharp.o
 .ARM.attributes
                0x00000462       0x33 ..\obj\pbuf.o
 .ARM.attributes
                0x00000495       0x33 ..\obj\inet.o
 .ARM.attributes
                0x000004c8       0x33 ..\obj\netif.o
 .ARM.attributes
                0x000004fb       0x33 ..\obj\stm32f4xx_gpio.o
 .ARM.attributes
                0x0000052e       0x33 ..\obj\system_stm32f4xx.o
 .ARM.attributes
                0x00000561       0x33 ..\obj\syscalls.o
 .ARM.attributes
                0x00000594       0x33 ..\obj\stm32f4xx_dma.o
 .ARM.attributes
                0x000005c7       0x33 ..\obj\udp.o
 .ARM.attributes
                0x000005fa       0x33 ..\obj\ip.o
 .ARM.attributes
                0x0000062d       0x33 ..\obj\stm32f4xx_exti.o
 .ARM.attributes
                0x00000660       0x33 ..\obj\icmp.o
 .ARM.attributes
                0x00000693       0x33 ..\obj\misc.o
 .ARM.attributes
                0x000006c6       0x33 ..\obj\dhcp.o
 .ARM.attributes
                0x000006f9       0x33 ..\obj\stm32f4xx_tim.o
 .ARM.attributes
                0x0000072c       0x33 ..\obj\tcp_out.o
 .ARM.attributes
                0x0000075f       0x33 ..\obj\raw.o
 .ARM.attributes
                0x00000792       0x2e c:/program files/gnu tools arm embedded/4.7 2012q4/bin/../lib/gcc/arm-none-eabi/4.7.3/../../../../arm-none-eabi/lib/armv7e-m\libg.a(lib_a-memcmp.o)
 .ARM.attributes
                0x000007c0       0x2e c:/program files/gnu tools arm embedded/4.7 2012q4/bin/../lib/gcc/arm-none-eabi/4.7.3/../../../../arm-none-eabi/lib/armv7e-m\libg.a(lib_a-memcpy.o)
 .ARM.attributes
                0x000007ee       0x2e c:/program files/gnu tools arm embedded/4.7 2012q4/bin/../lib/gcc/arm-none-eabi/4.7.3/../../../../arm-none-eabi/lib/armv7e-m\libg.a(lib_a-memset.o)
 .ARM.attributes
                0x0000081c       0x2e c:/program files/gnu tools arm embedded/4.7 2012q4/bin/../lib/gcc/arm-none-eabi/4.7.3/../../../../arm-none-eabi/lib/armv7e-m\libg.a(lib_a-puts.o)
 .ARM.attributes
                0x0000084a       0x2e c:/program files/gnu tools arm embedded/4.7 2012q4/bin/../lib/gcc/arm-none-eabi/4.7.3/../../../../arm-none-eabi/lib/armv7e-m\libg.a(lib_a-strlen.o)
 .ARM.attributes
                0x00000878       0x2e c:/program files/gnu tools arm embedded/4.7 2012q4/bin/../lib/gcc/arm-none-eabi/4.7.3/../../../../arm-none-eabi/lib/armv7e-m\libg.a(lib_a-fvwrite.o)
 .ARM.attributes
                0x000008a6       0x2e c:/program files/gnu tools arm embedded/4.7 2012q4/bin/../lib/gcc/arm-none-eabi/4.7.3/../../../../arm-none-eabi/lib/armv7e-m\libg.a(lib_a-impure.o)
 .ARM.attributes
                0x000008d4       0x2e c:/program files/gnu tools arm embedded/4.7 2012q4/bin/../lib/gcc/arm-none-eabi/4.7.3/../../../../arm-none-eabi/lib/armv7e-m\libg.a(lib_a-mallocr.o)
 .ARM.attributes
                0x00000902       0x2e c:/program files/gnu tools arm embedded/4.7 2012q4/bin/../lib/gcc/arm-none-eabi/4.7.3/../../../../arm-none-eabi/lib/armv7e-m\libg.a(lib_a-memchr.o)
 .ARM.attributes
                0x00000930       0x2e c:/program files/gnu tools arm embedded/4.7 2012q4/bin/../lib/gcc/arm-none-eabi/4.7.3/../../../../arm-none-eabi/lib/armv7e-m\libg.a(lib_a-memmove.o)
 .ARM.attributes
                0x0000095e       0x2e c:/program files/gnu tools arm embedded/4.7 2012q4/bin/../lib/gcc/arm-none-eabi/4.7.3/../../../../arm-none-eabi/lib/armv7e-m\libg.a(lib_a-mlock.o)
 .ARM.attributes
                0x0000098c       0x2e c:/program files/gnu tools arm embedded/4.7 2012q4/bin/../lib/gcc/arm-none-eabi/4.7.3/../../../../arm-none-eabi/lib/armv7e-m\libg.a(lib_a-reallocr.o)
 .ARM.attributes
                0x000009ba       0x2e c:/program files/gnu tools arm embedded/4.7 2012q4/bin/../lib/gcc/arm-none-eabi/4.7.3/../../../../arm-none-eabi/lib/armv7e-m\libg.a(lib_a-sbrkr.o)
 .ARM.attributes
                0x000009e8       0x2e c:/program files/gnu tools arm embedded/4.7 2012q4/bin/../lib/gcc/arm-none-eabi/4.7.3/../../../../arm-none-eabi/lib/armv7e-m\libg.a(lib_a-wsetup.o)
 .ARM.attributes
                0x00000a16       0x2e c:/program files/gnu tools arm embedded/4.7 2012q4/bin/../lib/gcc/arm-none-eabi/4.7.3/../../../../arm-none-eabi/lib/armv7e-m\libg.a(lib_a-fflush.o)
 .ARM.attributes
                0x00000a44       0x2e c:/program files/gnu tools arm embedded/4.7 2012q4/bin/../lib/gcc/arm-none-eabi/4.7.3/../../../../arm-none-eabi/lib/armv7e-m\libg.a(lib_a-findfp.o)
 .ARM.attributes
                0x00000a72       0x2e c:/program files/gnu tools arm embedded/4.7 2012q4/bin/../lib/gcc/arm-none-eabi/4.7.3/../../../../arm-none-eabi/lib/armv7e-m\libg.a(lib_a-freer.o)
 .ARM.attributes
                0x00000aa0       0x2e c:/program files/gnu tools arm embedded/4.7 2012q4/bin/../lib/gcc/arm-none-eabi/4.7.3/../../../../arm-none-eabi/lib/armv7e-m\libg.a(lib_a-fwalk.o)
 .ARM.attributes
                0x00000ace       0x2e c:/program files/gnu tools arm embedded/4.7 2012q4/bin/../lib/gcc/arm-none-eabi/4.7.3/../../../../arm-none-eabi/lib/armv7e-m\libg.a(lib_a-makebuf.o)
 .ARM.attributes
                0x00000afc       0x2e c:/program files/gnu tools arm embedded/4.7 2012q4/bin/../lib/gcc/arm-none-eabi/4.7.3/../../../../arm-none-eabi/lib/armv7e-m\libg.a(lib_a-reent.o)
 .ARM.attributes
                0x00000b2a       0x2e c:/program files/gnu tools arm embedded/4.7 2012q4/bin/../lib/gcc/arm-none-eabi/4.7.3/../../../../arm-none-eabi/lib/armv7e-m\libg.a(lib_a-stdio.o)
 .ARM.attributes
                0x00000b58       0x2e c:/program files/gnu tools arm embedded/4.7 2012q4/bin/../lib/gcc/arm-none-eabi/4.7.3/../../../../arm-none-eabi/lib/armv7e-m\libg.a(lib_a-writer.o)
 .ARM.attributes
                0x00000b86       0x2e c:/program files/gnu tools arm embedded/4.7 2012q4/bin/../lib/gcc/arm-none-eabi/4.7.3/../../../../arm-none-eabi/lib/armv7e-m\libg.a(lib_a-closer.o)
 .ARM.attributes
                0x00000bb4       0x2e c:/program files/gnu tools arm embedded/4.7 2012q4/bin/../lib/gcc/arm-none-eabi/4.7.3/../../../../arm-none-eabi/lib/armv7e-m\libg.a(lib_a-fclose.o)
 .ARM.attributes
                0x00000be2       0x2e c:/program files/gnu tools arm embedded/4.7 2012q4/bin/../lib/gcc/arm-none-eabi/4.7.3/../../../../arm-none-eabi/lib/armv7e-m\libg.a(lib_a-fstatr.o)
 .ARM.attributes
                0x00000c10       0x2e c:/program files/gnu tools arm embedded/4.7 2012q4/bin/../lib/gcc/arm-none-eabi/4.7.3/../../../../arm-none-eabi/lib/armv7e-m\libg.a(lib_a-isattyr.o)
 .ARM.attributes
                0x00000c3e       0x2e c:/program files/gnu tools arm embedded/4.7 2012q4/bin/../lib/gcc/arm-none-eabi/4.7.3/../../../../arm-none-eabi/lib/armv7e-m\libg.a(lib_a-lseekr.o)
 .ARM.attributes
                0x00000c6c       0x2e c:/program files/gnu tools arm embedded/4.7 2012q4/bin/../lib/gcc/arm-none-eabi/4.7.3/../../../../arm-none-eabi/lib/armv7e-m\libg.a(lib_a-readr.o)

.debug_frame    0x00000000     0x4560
 .debug_frame   0x00000000       0xbc ..\obj\stm32f4xx_syscfg.o
 .debug_frame   0x000000bc       0xc0 ..\obj\mem.o
 .debug_frame   0x0000017c       0xa0 ..\obj\delay.o
 .debug_frame   0x0000021c       0xc0 ..\obj\ws2812.o
 .debug_frame   0x000002dc      0x3b8 ..\obj\tcp.o
 .debug_frame   0x00000694       0xe4 ..\obj\tcp_in.o
 .debug_frame   0x00000778       0x64 ..\obj\memp.o
 .debug_frame   0x000007dc      0x184 ..\obj\autoip.o
 .debug_frame   0x00000960      0x110 ..\obj\ip_frag.o
 .debug_frame   0x00000a70       0x48 ..\obj\startup_stm32f4xx.o
 .debug_frame   0x00000ab8       0xc4 ..\obj\stm32f4_discovery.o
 .debug_frame   0x00000b7c      0x904 ..\obj\stm32f4x7_eth.o
 .debug_frame   0x00001480       0x2c ..\obj\ip_addr.o
 .debug_frame   0x000014ac       0x90 ..\obj\inet_chksum.o
 .debug_frame   0x0000153c       0x68 ..\obj\main.o
 .debug_frame   0x000015a4      0x4d8 ..\obj\stm32f4xx_rcc.o
 .debug_frame   0x00001a7c       0x6c ..\obj\netconf.o
 .debug_frame   0x00001ae8      0x108 ..\obj\stm32f4xx_it.o
 .debug_frame   0x00001bf0      0x110 ..\obj\tcp_echoserver.o
 .debug_frame   0x00001d00       0xd0 ..\obj\stm32f4x7_eth_bsp.o
 .debug_frame   0x00001dd0       0xb0 ..\obj\ethernetif.o
 .debug_frame   0x00001e80      0x1b0 ..\obj\etharp.o
 .debug_frame   0x00002030      0x1a0 ..\obj\pbuf.o
 .debug_frame   0x000021d0       0xe4 ..\obj\inet.o
 .debug_frame   0x000022b4      0x158 ..\obj\netif.o
 .debug_frame   0x0000240c      0x19c ..\obj\stm32f4xx_gpio.o
 .debug_frame   0x000025a8       0x64 ..\obj\system_stm32f4xx.o
 .debug_frame   0x0000260c      0x108 ..\obj\syscalls.o
 .debug_frame   0x00002714      0x224 ..\obj\stm32f4xx_dma.o
 .debug_frame   0x00002938      0x144 ..\obj\udp.o
 .debug_frame   0x00002a7c       0x90 ..\obj\ip.o
 .debug_frame   0x00002b0c       0xec ..\obj\stm32f4xx_exti.o
 .debug_frame   0x00002bf8       0x90 ..\obj\icmp.o
 .debug_frame   0x00002c88       0x9c ..\obj\misc.o
 .debug_frame   0x00002d24      0x46c ..\obj\dhcp.o
 .debug_frame   0x00003190      0xa3c ..\obj\stm32f4xx_tim.o
 .debug_frame   0x00003bcc      0x1b8 ..\obj\tcp_out.o
 .debug_frame   0x00003d84      0x104 ..\obj\raw.o
 .debug_frame   0x00003e88       0x2c c:/program files/gnu tools arm embedded/4.7 2012q4/bin/../lib/gcc/arm-none-eabi/4.7.3/../../../../arm-none-eabi/lib/armv7e-m\libg.a(lib_a-memcmp.o)
 .debug_frame   0x00003eb4       0x30 c:/program files/gnu tools arm embedded/4.7 2012q4/bin/../lib/gcc/arm-none-eabi/4.7.3/../../../../arm-none-eabi/lib/armv7e-m\libg.a(lib_a-memcpy.o)
 .debug_frame   0x00003ee4       0x2c c:/program files/gnu tools arm embedded/4.7 2012q4/bin/../lib/gcc/arm-none-eabi/4.7.3/../../../../arm-none-eabi/lib/armv7e-m\libg.a(lib_a-memset.o)
 .debug_frame   0x00003f10       0x3c c:/program files/gnu tools arm embedded/4.7 2012q4/bin/../lib/gcc/arm-none-eabi/4.7.3/../../../../arm-none-eabi/lib/armv7e-m\libg.a(lib_a-puts.o)
 .debug_frame   0x00003f4c       0x20 c:/program files/gnu tools arm embedded/4.7 2012q4/bin/../lib/gcc/arm-none-eabi/4.7.3/../../../../arm-none-eabi/lib/armv7e-m\libg.a(lib_a-strlen.o)
 .debug_frame   0x00003f6c       0x38 c:/program files/gnu tools arm embedded/4.7 2012q4/bin/../lib/gcc/arm-none-eabi/4.7.3/../../../../arm-none-eabi/lib/armv7e-m\libg.a(lib_a-fvwrite.o)
 .debug_frame   0x00003fa4       0x38 c:/program files/gnu tools arm embedded/4.7 2012q4/bin/../lib/gcc/arm-none-eabi/4.7.3/../../../../arm-none-eabi/lib/armv7e-m\libg.a(lib_a-mallocr.o)
 .debug_frame   0x00003fdc       0x2c c:/program files/gnu tools arm embedded/4.7 2012q4/bin/../lib/gcc/arm-none-eabi/4.7.3/../../../../arm-none-eabi/lib/armv7e-m\libg.a(lib_a-memchr.o)
 .debug_frame   0x00004008       0x30 c:/program files/gnu tools arm embedded/4.7 2012q4/bin/../lib/gcc/arm-none-eabi/4.7.3/../../../../arm-none-eabi/lib/armv7e-m\libg.a(lib_a-memmove.o)
 .debug_frame   0x00004038       0x30 c:/program files/gnu tools arm embedded/4.7 2012q4/bin/../lib/gcc/arm-none-eabi/4.7.3/../../../../arm-none-eabi/lib/armv7e-m\libg.a(lib_a-mlock.o)
 .debug_frame   0x00004068       0x38 c:/program files/gnu tools arm embedded/4.7 2012q4/bin/../lib/gcc/arm-none-eabi/4.7.3/../../../../arm-none-eabi/lib/armv7e-m\libg.a(lib_a-reallocr.o)
 .debug_frame   0x000040a0       0x2c c:/program files/gnu tools arm embedded/4.7 2012q4/bin/../lib/gcc/arm-none-eabi/4.7.3/../../../../arm-none-eabi/lib/armv7e-m\libg.a(lib_a-sbrkr.o)
 .debug_frame   0x000040cc       0x2c c:/program files/gnu tools arm embedded/4.7 2012q4/bin/../lib/gcc/arm-none-eabi/4.7.3/../../../../arm-none-eabi/lib/armv7e-m\libg.a(lib_a-wsetup.o)
 .debug_frame   0x000040f8       0x40 c:/program files/gnu tools arm embedded/4.7 2012q4/bin/../lib/gcc/arm-none-eabi/4.7.3/../../../../arm-none-eabi/lib/armv7e-m\libg.a(lib_a-fflush.o)
 .debug_frame   0x00004138      0x11c c:/program files/gnu tools arm embedded/4.7 2012q4/bin/../lib/gcc/arm-none-eabi/4.7.3/../../../../arm-none-eabi/lib/armv7e-m\libg.a(lib_a-findfp.o)
 .debug_frame   0x00004254       0x50 c:/program files/gnu tools arm embedded/4.7 2012q4/bin/../lib/gcc/arm-none-eabi/4.7.3/../../../../arm-none-eabi/lib/armv7e-m\libg.a(lib_a-freer.o)
 .debug_frame   0x000042a4       0x5c c:/program files/gnu tools arm embedded/4.7 2012q4/bin/../lib/gcc/arm-none-eabi/4.7.3/../../../../arm-none-eabi/lib/armv7e-m\libg.a(lib_a-fwalk.o)
 .debug_frame   0x00004300       0x30 c:/program files/gnu tools arm embedded/4.7 2012q4/bin/../lib/gcc/arm-none-eabi/4.7.3/../../../../arm-none-eabi/lib/armv7e-m\libg.a(lib_a-makebuf.o)
 .debug_frame   0x00004330       0x6c c:/program files/gnu tools arm embedded/4.7 2012q4/bin/../lib/gcc/arm-none-eabi/4.7.3/../../../../arm-none-eabi/lib/armv7e-m\libg.a(lib_a-reent.o)
 .debug_frame   0x0000439c       0x80 c:/program files/gnu tools arm embedded/4.7 2012q4/bin/../lib/gcc/arm-none-eabi/4.7.3/../../../../arm-none-eabi/lib/armv7e-m\libg.a(lib_a-stdio.o)
 .debug_frame   0x0000441c       0x2c c:/program files/gnu tools arm embedded/4.7 2012q4/bin/../lib/gcc/arm-none-eabi/4.7.3/../../../../arm-none-eabi/lib/armv7e-m\libg.a(lib_a-writer.o)
 .debug_frame   0x00004448       0x2c c:/program files/gnu tools arm embedded/4.7 2012q4/bin/../lib/gcc/arm-none-eabi/4.7.3/../../../../arm-none-eabi/lib/armv7e-m\libg.a(lib_a-closer.o)
 .debug_frame   0x00004474       0x3c c:/program files/gnu tools arm embedded/4.7 2012q4/bin/../lib/gcc/arm-none-eabi/4.7.3/../../../../arm-none-eabi/lib/armv7e-m\libg.a(lib_a-fclose.o)
 .debug_frame   0x000044b0       0x2c c:/program files/gnu tools arm embedded/4.7 2012q4/bin/../lib/gcc/arm-none-eabi/4.7.3/../../../../arm-none-eabi/lib/armv7e-m\libg.a(lib_a-fstatr.o)
 .debug_frame   0x000044dc       0x2c c:/program files/gnu tools arm embedded/4.7 2012q4/bin/../lib/gcc/arm-none-eabi/4.7.3/../../../../arm-none-eabi/lib/armv7e-m\libg.a(lib_a-isattyr.o)
 .debug_frame   0x00004508       0x2c c:/program files/gnu tools arm embedded/4.7 2012q4/bin/../lib/gcc/arm-none-eabi/4.7.3/../../../../arm-none-eabi/lib/armv7e-m\libg.a(lib_a-lseekr.o)
 .debug_frame   0x00004534       0x2c c:/program files/gnu tools arm embedded/4.7 2012q4/bin/../lib/gcc/arm-none-eabi/4.7.3/../../../../arm-none-eabi/lib/armv7e-m\libg.a(lib_a-readr.o)